Archive member included to satisfy reference by file (symbol)

/usr/local/arm/gcc-arm-10.3-2021.07-x86_64-arm-none-eabi/bin/../lib/gcc/arm-none-eabi/10.3.1/thumb/v7e-m+fp/hard/libgcc.a(_arm_muldf3.o)
                              CMakeFiles/STM32H7_Test.elf.dir/UserApp/cJson/cJSON.c.obj (__aeabi_dmul)
/usr/local/arm/gcc-arm-10.3-2021.07-x86_64-arm-none-eabi/bin/../lib/gcc/arm-none-eabi/10.3.1/thumb/v7e-m+fp/hard/libgcc.a(_arm_addsubdf3.o)
                              CMakeFiles/STM32H7_Test.elf.dir/UserApp/cJson/cJSON.c.obj (__aeabi_dsub)
/usr/local/arm/gcc-arm-10.3-2021.07-x86_64-arm-none-eabi/bin/../lib/gcc/arm-none-eabi/10.3.1/thumb/v7e-m+fp/hard/libgcc.a(_arm_cmpdf2.o)
                              CMakeFiles/STM32H7_Test.elf.dir/UserApp/cJson/cJSON.c.obj (__aeabi_dcmpeq)
/usr/local/arm/gcc-arm-10.3-2021.07-x86_64-arm-none-eabi/bin/../lib/gcc/arm-none-eabi/10.3.1/thumb/v7e-m+fp/hard/libgcc.a(_arm_fixdfsi.o)
                              CMakeFiles/STM32H7_Test.elf.dir/UserApp/cJson/cJSON.c.obj (__aeabi_d2iz)
/usr/local/arm/gcc-arm-10.3-2021.07-x86_64-arm-none-eabi/bin/../lib/gcc/arm-none-eabi/10.3.1/thumb/v7e-m+fp/hard/libgcc.a(_arm_truncdfsf2.o)
                              CMakeFiles/STM32H7_Test.elf.dir/UserApp/retarget.c.obj (__aeabi_d2f)
/usr/local/arm/gcc-arm-10.3-2021.07-x86_64-arm-none-eabi/bin/../lib/gcc/arm-none-eabi/10.3.1/thumb/v7e-m+fp/hard/libgcc.a(_aeabi_uldivmod.o)
                              CMakeFiles/STM32H7_Test.elf.dir/Drivers/STM32H7xx_HAL_Driver/Src/stm32h7xx_hal_uart.c.obj (__aeabi_uldivmod)
/usr/local/arm/gcc-arm-10.3-2021.07-x86_64-arm-none-eabi/bin/../lib/gcc/arm-none-eabi/10.3.1/thumb/v7e-m+fp/hard/libgcc.a(_udivmoddi4.o)
                              /usr/local/arm/gcc-arm-10.3-2021.07-x86_64-arm-none-eabi/bin/../lib/gcc/arm-none-eabi/10.3.1/thumb/v7e-m+fp/hard/libgcc.a(_aeabi_uldivmod.o) (__udivmoddi4)
/usr/local/arm/gcc-arm-10.3-2021.07-x86_64-arm-none-eabi/bin/../lib/gcc/arm-none-eabi/10.3.1/thumb/v7e-m+fp/hard/libgcc.a(_dvmd_tls.o)
                              /usr/local/arm/gcc-arm-10.3-2021.07-x86_64-arm-none-eabi/bin/../lib/gcc/arm-none-eabi/10.3.1/thumb/v7e-m+fp/hard/libgcc.a(_aeabi_uldivmod.o) (__aeabi_ldiv0)
/usr/local/arm/gcc-arm-10.3-2021.07-x86_64-arm-none-eabi/bin/../lib/gcc/arm-none-eabi/10.3.1/../../../../arm-none-eabi/lib/thumb/v7e-m+fp/hard/libg.a(lib_a-atexit.o)
                              /usr/local/arm/gcc-arm-10.3-2021.07-x86_64-arm-none-eabi/bin/../lib/gcc/arm-none-eabi/10.3.1/../../../../arm-none-eabi/lib/thumb/v7e-m+fp/hard/crt0.o (atexit)
/usr/local/arm/gcc-arm-10.3-2021.07-x86_64-arm-none-eabi/bin/../lib/gcc/arm-none-eabi/10.3.1/../../../../arm-none-eabi/lib/thumb/v7e-m+fp/hard/libg.a(lib_a-atof.o)
                              CMakeFiles/STM32H7_Test.elf.dir/UserApp/retarget.c.obj (atof)
/usr/local/arm/gcc-arm-10.3-2021.07-x86_64-arm-none-eabi/bin/../lib/gcc/arm-none-eabi/10.3.1/../../../../arm-none-eabi/lib/thumb/v7e-m+fp/hard/libg.a(lib_a-ctype_.o)
                              CMakeFiles/STM32H7_Test.elf.dir/UserApp/cJson/cJSON.c.obj (_ctype_)
/usr/local/arm/gcc-arm-10.3-2021.07-x86_64-arm-none-eabi/bin/../lib/gcc/arm-none-eabi/10.3.1/../../../../arm-none-eabi/lib/thumb/v7e-m+fp/hard/libg.a(lib_a-errno.o)
                              CMakeFiles/STM32H7_Test.elf.dir/Core/Src/syscalls.c.obj (__errno)
/usr/local/arm/gcc-arm-10.3-2021.07-x86_64-arm-none-eabi/bin/../lib/gcc/arm-none-eabi/10.3.1/../../../../arm-none-eabi/lib/thumb/v7e-m+fp/hard/libg.a(lib_a-exit.o)
                              /usr/local/arm/gcc-arm-10.3-2021.07-x86_64-arm-none-eabi/bin/../lib/gcc/arm-none-eabi/10.3.1/../../../../arm-none-eabi/lib/thumb/v7e-m+fp/hard/crt0.o (exit)
/usr/local/arm/gcc-arm-10.3-2021.07-x86_64-arm-none-eabi/bin/../lib/gcc/arm-none-eabi/10.3.1/../../../../arm-none-eabi/lib/thumb/v7e-m+fp/hard/libg.a(lib_a-fini.o)
                              /usr/local/arm/gcc-arm-10.3-2021.07-x86_64-arm-none-eabi/bin/../lib/gcc/arm-none-eabi/10.3.1/../../../../arm-none-eabi/lib/thumb/v7e-m+fp/hard/crt0.o (__libc_fini_array)
/usr/local/arm/gcc-arm-10.3-2021.07-x86_64-arm-none-eabi/bin/../lib/gcc/arm-none-eabi/10.3.1/../../../../arm-none-eabi/lib/thumb/v7e-m+fp/hard/libg.a(lib_a-impure.o)
                              /usr/local/arm/gcc-arm-10.3-2021.07-x86_64-arm-none-eabi/bin/../lib/gcc/arm-none-eabi/10.3.1/../../../../arm-none-eabi/lib/thumb/v7e-m+fp/hard/libg.a(lib_a-exit.o) (_global_impure_ptr)
/usr/local/arm/gcc-arm-10.3-2021.07-x86_64-arm-none-eabi/bin/../lib/gcc/arm-none-eabi/10.3.1/../../../../arm-none-eabi/lib/thumb/v7e-m+fp/hard/libg.a(lib_a-init.o)
                              /usr/local/arm/gcc-arm-10.3-2021.07-x86_64-arm-none-eabi/bin/../lib/gcc/arm-none-eabi/10.3.1/../../../../arm-none-eabi/lib/thumb/v7e-m+fp/hard/crt0.o (__libc_init_array)
/usr/local/arm/gcc-arm-10.3-2021.07-x86_64-arm-none-eabi/bin/../lib/gcc/arm-none-eabi/10.3.1/../../../../arm-none-eabi/lib/thumb/v7e-m+fp/hard/libg.a(lib_a-malloc.o)
[...]
Memory Configuration

Name             Origin             Length             Attributes
FLASH            0x0000000008000000 0x0000000000020000 xr
DTCMRAM          0x0000000020000000 0x0000000000020000 xrw
RAM_D1           0x0000000024000000 0x0000000000080000 xrw
RAM_D2           0x0000000030000000 0x0000000000048000 xrw
RAM_D3           0x0000000038000000 0x0000000000010000 xrw
ITCMRAM          0x0000000000000000 0x0000000000010000 xrw
*default*        0x0000000000000000 0xffffffffffffffff

Linker script and memory map

LOAD /usr/local/arm/gcc-arm-10.3-2021.07-x86_64-arm-none-eabi/bin/../lib/gcc/arm-none-eabi/10.3.1/thumb/v7e-m+fp/hard/crti.o
LOAD /usr/local/arm/gcc-arm-10.3-2021.07-x86_64-arm-none-eabi/bin/../lib/gcc/arm-none-eabi/10.3.1/thumb/v7e-m+fp/hard/crtbegin.o
LOAD /usr/local/arm/gcc-arm-10.3-2021.07-x86_64-arm-none-eabi/bin/../lib/gcc/arm-none-eabi/10.3.1/../../../../arm-none-eabi/lib/thumb/v7e-m+fp/hard/crt0.o
LOAD CMakeFiles/STM32H7_Test.elf.dir/Core/Src/freertos.c.obj
LOAD CMakeFiles/STM32H7_Test.elf.dir/Core/Src/main.c.obj
LOAD CMakeFiles/STM32H7_Test.elf.dir/Core/Src/stm32h7xx_hal_msp.c.obj
LOAD CMakeFiles/STM32H7_Test.elf.dir/Core/Src/stm32h7xx_it.c.obj
LOAD CMakeFiles/STM32H7_Test.elf.dir/Core/Src/syscalls.c.obj
LOAD CMakeFiles/STM32H7_Test.elf.dir/Core/Src/sysmem.c.obj
LOAD CMakeFiles/STM32H7_Test.elf.dir/Core/Src/system_stm32h7xx.c.obj
LOAD CMakeFiles/STM32H7_Test.elf.dir/Core/Startup/startup_stm32h750vbtx.s.obj
LOAD CMakeFiles/STM32H7_Test.elf.dir/Drivers/STM32H7xx_HAL_Driver/Src/stm32h7xx_hal.c.obj
LOAD CMakeFiles/STM32H7_Test.elf.dir/Drivers/STM32H7xx_HAL_Driver/Src/stm32h7xx_hal_cortex.c.obj
LOAD CMakeFiles/STM32H7_Test.elf.dir/Drivers/STM32H7xx_HAL_Driver/Src/stm32h7xx_hal_crc.c.obj
LOAD CMakeFiles/STM32H7_Test.elf.dir/Drivers/STM32H7xx_HAL_Driver/Src/stm32h7xx_hal_crc_ex.c.obj
LOAD CMakeFiles/STM32H7_Test.elf.dir/Drivers/STM32H7xx_HAL_Driver/Src/stm32h7xx_hal_dma.c.obj
LOAD CMakeFiles/STM32H7_Test.elf.dir/Drivers/STM32H7xx_HAL_Driver/Src/stm32h7xx_hal_dma_ex.c.obj
LOAD CMakeFiles/STM32H7_Test.elf.dir/Drivers/STM32H7xx_HAL_Driver/Src/stm32h7xx_hal_exti.c.obj
LOAD CMakeFiles/STM32H7_Test.elf.dir/Drivers/STM32H7xx_HAL_Driver/Src/stm32h7xx_hal_flash.c.obj
LOAD CMakeFiles/STM32H7_Test.elf.dir/Drivers/STM32H7xx_HAL_Driver/Src/stm32h7xx_hal_flash_ex.c.obj
LOAD CMakeFiles/STM32H7_Test.elf.dir/Drivers/STM32H7xx_HAL_Driver/Src/stm32h7xx_hal_gpio.c.obj
LOAD CMakeFiles/STM32H7_Test.elf.dir/Drivers/STM32H7xx_HAL_Driver/Src/stm32h7xx_hal_hsem.c.obj
LOAD CMakeFiles/STM32H7_Test.elf.dir/Drivers/STM32H7xx_HAL_Driver/Src/stm32h7xx_hal_i2c.c.obj
LOAD CMakeFiles/STM32H7_Test.elf.dir/Drivers/STM32H7xx_HAL_Driver/Src/stm32h7xx_hal_i2c_ex.c.obj
LOAD CMakeFiles/STM32H7_Test.elf.dir/Drivers/STM32H7xx_HAL_Driver/Src/stm32h7xx_hal_mdma.c.obj
LOAD CMakeFiles/STM32H7_Test.elf.dir/Drivers/STM32H7xx_HAL_Driver/Src/stm32h7xx_hal_pwr.c.obj
LOAD CMakeFiles/STM32H7_Test.elf.dir/Drivers/STM32H7xx_HAL_Driver/Src/stm32h7xx_hal_pwr_ex.c.obj
LOAD CMakeFiles/STM32H7_Test.elf.dir/Drivers/STM32H7xx_HAL_Driver/Src/stm32h7xx_hal_qspi.c.obj
LOAD CMakeFiles/STM32H7_Test.elf.dir/Drivers/STM32H7xx_HAL_Driver/Src/stm32h7xx_hal_rcc.c.obj
LOAD CMakeFiles/STM32H7_Test.elf.dir/Drivers/STM32H7xx_HAL_Driver/Src/stm32h7xx_hal_rcc_ex.c.obj
LOAD CMakeFiles/STM32H7_Test.elf.dir/Drivers/STM32H7xx_HAL_Driver/Src/stm32h7xx_hal_sd.c.obj
LOAD CMakeFiles/STM32H7_Test.elf.dir/Drivers/STM32H7xx_HAL_Driver/Src/stm32h7xx_hal_sd_ex.c.obj
LOAD CMakeFiles/STM32H7_Test.elf.dir/Drivers/STM32H7xx_HAL_Driver/Src/stm32h7xx_hal_spi.c.obj
LOAD CMakeFiles/STM32H7_Test.elf.dir/Drivers/STM32H7xx_HAL_Driver/Src/stm32h7xx_hal_spi_ex.c.obj
LOAD CMakeFiles/STM32H7_Test.elf.dir/Drivers/STM32H7xx_HAL_Driver/Src/stm32h7xx_hal_tim.c.obj
LOAD CMakeFiles/STM32H7_Test.elf.dir/Drivers/STM32H7xx_HAL_Driver/Src/stm32h7xx_hal_tim_ex.c.obj
LOAD CMakeFiles/STM32H7_Test.elf.dir/Drivers/STM32H7xx_HAL_Driver/Src/stm32h7xx_hal_uart.c.obj
LOAD CMakeFiles/STM32H7_Test.elf.dir/Drivers/STM32H7xx_HAL_Driver/Src/stm32h7xx_hal_uart_ex.c.obj
LOAD CMakeFiles/STM32H7_Test.elf.dir/Drivers/STM32H7xx_HAL_Driver/Src/stm32h7xx_ll_delayblock.c.obj
LOAD CMakeFiles/STM32H7_Test.elf.dir/Drivers/STM32H7xx_HAL_Driver/Src/stm32h7xx_ll_sdmmc.c.obj
LOAD CMakeFiles/STM32H7_Test.elf.dir/FATFS/App/fatfs.c.obj
LOAD CMakeFiles/STM32H7_Test.elf.dir/FATFS/Target/bsp_driver_sd.c.obj
LOAD CMakeFiles/STM32H7_Test.elf.dir/FATFS/Target/fatfs_platform.c.obj
LOAD CMakeFiles/STM32H7_Test.elf.dir/FATFS/Target/sd_diskio.c.obj
LOAD CMakeFiles/STM32H7_Test.elf.dir/Middlewares/Third_Party/FatFs/src/diskio.c.obj
LOAD CMakeFiles/STM32H7_Test.elf.dir/Middlewares/Third_Party/FatFs/src/ff.c.obj
LOAD CMakeFiles/STM32H7_Test.elf.dir/Middlewares/Third_Party/FatFs/src/ff_gen_drv.c.obj
LOAD CMakeFiles/STM32H7_Test.elf.dir/Middlewares/Third_Party/FatFs/src/option/ccsbcs.c.obj
LOAD CMakeFiles/STM32H7_Test.elf.dir/Middlewares/Third_Party/FatFs/src/option/syscall.c.obj
LOAD CMakeFiles/STM32H7_Test.elf.dir/Middlewares/Third_Party/FreeRTOS/Source/CMSIS_RTOS/cmsis_os.c.obj
LOAD CMakeFiles/STM32H7_Test.elf.dir/Middlewares/Third_Party/FreeRTOS/Source/croutine.c.obj
LOAD CMakeFiles/STM32H7_Test.elf.dir/Middlewares/Third_Party/FreeRTOS/Source/event_groups.c.obj
LOAD CMakeFiles/STM32H7_Test.elf.dir/Middlewares/Third_Party/FreeRTOS/Source/list.c.obj
LOAD CMakeFiles/STM32H7_Test.elf.dir/Middlewares/Third_Party/FreeRTOS/Source/portable/GCC/ARM_CM4F/port.c.obj
LOAD CMakeFiles/STM32H7_Test.elf.dir/Middlewares/Third_Party/FreeRTOS/Source/portable/MemMang/heap_4.c.obj
LOAD CMakeFiles/STM32H7_Test.elf.dir/Middlewares/Third_Party/FreeRTOS/Source/queue.c.obj
LOAD CMakeFiles/STM32H7_Test.elf.dir/Middlewares/Third_Party/FreeRTOS/Source/stream_buffer.c.obj
LOAD CMakeFiles/STM32H7_Test.elf.dir/Middlewares/Third_Party/FreeRTOS/Source/tasks.c.obj
LOAD CMakeFiles/STM32H7_Test.elf.dir/Middlewares/Third_Party/FreeRTOS/Source/timers.c.obj
LOAD CMakeFiles/STM32H7_Test.elf.dir/UserApp/Bezier/Bezier.c.obj
LOAD CMakeFiles/STM32H7_Test.elf.dir/UserApp/Button/multi_button.c.obj
LOAD CMakeFiles/STM32H7_Test.elf.dir/UserApp/EncoderMotor/Motor.c.obj
LOAD CMakeFiles/STM32H7_Test.elf.dir/UserApp/GT911/CTIIC.c.obj
LOAD CMakeFiles/STM32H7_Test.elf.dir/UserApp/GT911/GT911.c.obj
LOAD CMakeFiles/STM32H7_Test.elf.dir/UserApp/LCD/lcd.c.obj
LOAD CMakeFiles/STM32H7_Test.elf.dir/UserApp/LCD/lcd_init.c.obj
LOAD CMakeFiles/STM32H7_Test.elf.dir/UserApp/ServoMotor/SG90.c.obj
LOAD CMakeFiles/STM32H7_Test.elf.dir/UserApp/StepMotor/StepMotor.c.obj
LOAD CMakeFiles/STM32H7_Test.elf.dir/UserApp/cJson/cJSON.c.obj
LOAD CMakeFiles/STM32H7_Test.elf.dir/UserApp/retarget.c.obj
START GROUP
LOAD /usr/local/arm/gcc-arm-10.3-2021.07-x86_64-arm-none-eabi/bin/../lib/gcc/arm-none-eabi/10.3.1/thumb/v7e-m+fp/hard/libgcc.a
LOAD /usr/local/arm/gcc-arm-10.3-2021.07-x86_64-arm-none-eabi/bin/../lib/gcc/arm-none-eabi/10.3.1/../../../../arm-none-eabi/lib/thumb/v7e-m+fp/hard/libg.a
LOAD /usr/local/arm/gcc-arm-10.3-2021.07-x86_64-arm-none-eabi/bin/../lib/gcc/arm-none-eabi/10.3.1/../../../../arm-none-eabi/lib/thumb/v7e-m+fp/hard/libc.a
END GROUP
LOAD /usr/local/arm/gcc-arm-10.3-2021.07-x86_64-arm-none-eabi/bin/../lib/gcc/arm-none-eabi/10.3.1/thumb/v7e-m+fp/hard/crtend.o
LOAD /usr/local/arm/gcc-arm-10.3-2021.07-x86_64-arm-none-eabi/bin/../lib/gcc/arm-none-eabi/10.3.1/thumb/v7e-m+fp/hard/crtn.o
                0x0000000024080000                _estack = (ORIGIN (RAM_D1) + LENGTH (RAM_D1))
                0x0000000000004000                _Min_Heap_Size = 0x4000
                0x0000000000004000                _Min_Stack_Size = 0x4000

.isr_vector     0x0000000008000000      0x298
                0x0000000008000000                . = ALIGN (0x4)
 *(.isr_vector)
 .isr_vector    0x0000000008000000      0x298 CMakeFiles/STM32H7_Test.elf.dir/Core/Startup/startup_stm32h750vbtx.s.obj
                0x0000000008000000                g_pfnVectors
                0x0000000008000298                . = ALIGN (0x4)

.text           0x00000000080002c0    0x153c8
                0x00000000080002c0                . = ALIGN (0x4)
 *(.text)
 .text          0x00000000080002c0      0x378 /usr/local/arm/gcc-arm-10.3-2021.07-x86_64-arm-none-eabi/bin/../lib/gcc/arm-none-eabi/10.3.1/thumb/v7e-m+fp/hard/libgcc.a(_arm_addsubdf3.o)
                0x00000000080002c0                __aeabi_drsub
                0x00000000080002c8                __aeabi_dsub
                0x00000000080002c8                __subdf3
                0x00000000080002cc                __adddf3
                0x00000000080002cc                __aeabi_dadd
                0x0000000008000544                __aeabi_ui2d
                0x0000000008000544                __floatunsidf
                0x0000000008000564                __floatsidf
                0x0000000008000564                __aeabi_i2d
                0x0000000008000588                __extendsfdf2
                0x0000000008000588                __aeabi_f2d
                0x00000000080005cc                __aeabi_ul2d
                0x00000000080005cc                __floatundidf
                0x00000000080005dc                __floatdidf
                0x00000000080005dc                __aeabi_l2d
 .text          0x0000000008000638      0x110 /usr/local/arm/gcc-arm-10.3-2021.07-x86_64-arm-none-eabi/bin/../lib/gcc/arm-none-eabi/10.3.1/thumb/v7e-m+fp/hard/libgcc.a(_arm_cmpdf2.o)
                0x0000000008000638                __gtdf2
                0x0000000008000638                __gedf2
                0x0000000008000640                __ltdf2
                0x0000000008000640                __ledf2
                0x0000000008000648                __cmpdf2
                0x0000000008000648                __eqdf2
                0x0000000008000648                __nedf2
                0x00000000080006c4                __aeabi_cdrcmple
                0x00000000080006d4                __aeabi_cdcmple
                0x00000000080006d4                __aeabi_cdcmpeq
                0x00000000080006e4                __aeabi_dcmpeq
                0x00000000080006f8                __aeabi_dcmplt
                0x000000000800070c                __aeabi_dcmple
                0x0000000008000720                __aeabi_dcmpge
                0x0000000008000734                __aeabi_dcmpgt
 .text          0x0000000008000748       0x50 /usr/local/arm/gcc-arm-10.3-2021.07-x86_64-arm-none-eabi/bin/../lib/gcc/arm-none-eabi/10.3.1/thumb/v7e-m+fp/hard/libgcc.a(_arm_fixdfsi.o)
                0x0000000008000748                __fixdfsi
                0x0000000008000748                __aeabi_d2iz
 .text          0x0000000008000798       0xa0 /usr/local/arm/gcc-arm-10.3-2021.07-x86_64-arm-none-eabi/bin/../lib/gcc/arm-none-eabi/10.3.1/thumb/v7e-m+fp/hard/libgcc.a(_arm_truncdfsf2.o)
                0x0000000008000798                __aeabi_d2f
                0x0000000008000798                __truncdfsf2
 .text          0x0000000008000838       0x30 /usr/local/arm/gcc-arm-10.3-2021.07-x86_64-arm-none-eabi/bin/../lib/gcc/arm-none-eabi/10.3.1/thumb/v7e-m+fp/hard/libgcc.a(_aeabi_uldivmod.o)
                0x0000000008000838                __aeabi_uldivmod
 .text          0x0000000008000868        0x4 /usr/local/arm/gcc-arm-10.3-2021.07-x86_64-arm-none-eabi/bin/../lib/gcc/arm-none-eabi/10.3.1/thumb/v7e-m+fp/hard/libgcc.a(_dvmd_tls.o)
                0x0000000008000868                __aeabi_ldiv0
                0x0000000008000868                __aeabi_idiv0
 .text          0x000000000800086c      0x134 /usr/local/arm/gcc-arm-10.3-2021.07-x86_64-arm-none-eabi/bin/../lib/gcc/arm-none-eabi/10.3.1/../../../../arm-none-eabi/lib/thumb/v7e-m+fp/hard/libg.a(lib_a-memcpy.o)
                0x000000000800086c                memcpy
 *fill*         0x00000000080009a0       0x20 
 .text          0x00000000080009c0       0xdc /usr/local/arm/gcc-arm-10.3-2021.07-x86_64-arm-none-eabi/bin/../lib/gcc/arm-none-eabi/10.3.1/../../../../arm-none-eabi/lib/thumb/v7e-m+fp/hard/libg.a(lib_a-strlen.o)
                0x00000000080009c0                strlen
 *fill*         0x0000000008000a9c        0x4 
 .text          0x0000000008000aa0       0xa0 /usr/local/arm/gcc-arm-10.3-2021.07-x86_64-arm-none-eabi/bin/../lib/gcc/arm-none-eabi/10.3.1/../../../../arm-none-eabi/lib/thumb/v7e-m+fp/hard/libg.a(lib_a-memchr.o)
                0x0000000008000aa0                memchr
 .text          0x0000000008000b40      0x424 /usr/local/arm/gcc-arm-10.3-2021.07-x86_64-arm-none-eabi/bin/../lib/gcc/arm-none-eabi/10.3.1/thumb/v7e-m+fp/hard/libgcc.a(_arm_muldivdf3.o)
                0x0000000008000b40                __aeabi_dmul
                0x0000000008000b40                __muldf3
                0x0000000008000d94                __aeabi_ddiv
                0x0000000008000d94                __divdf3
 .text          0x0000000008000f64       0x2c /usr/local/arm/gcc-arm-10.3-2021.07-x86_64-arm-none-eabi/bin/../lib/gcc/arm-none-eabi/10.3.1/thumb/v7e-m+fp/hard/libgcc.a(_arm_unorddf2.o)
                0x0000000008000f64                __aeabi_dcmpun
                0x0000000008000f64                __unorddf2
 .text          0x0000000008000f90       0x40 /usr/local/arm/gcc-arm-10.3-2021.07-x86_64-arm-none-eabi/bin/../lib/gcc/arm-none-eabi/10.3.1/thumb/v7e-m+fp/hard/libgcc.a(_arm_fixunsdfsi.o)
                0x0000000008000f90                __fixunsdfsi
                0x0000000008000f90                __aeabi_d2uiz
 *(.text*)
 .text.deregister_tm_clones
                0x0000000008000fd0       0x1c /usr/local/arm/gcc-arm-10.3-2021.07-x86_64-arm-none-eabi/bin/../lib/gcc/arm-none-eabi/10.3.1/thumb/v7e-m+fp/hard/crtbegin.o
 .text.register_tm_clones
                0x0000000008000fec       0x24 /usr/local/arm/gcc-arm-10.3-2021.07-x86_64-arm-none-eabi/bin/../lib/gcc/arm-none-eabi/10.3.1/thumb/v7e-m+fp/hard/crtbegin.o
 .text.__do_global_dtors_aux
                0x0000000008001010       0x28 /usr/local/arm/gcc-arm-10.3-2021.07-x86_64-arm-none-eabi/bin/../lib/gcc/arm-none-eabi/10.3.1/thumb/v7e-m+fp/hard/crtbegin.o
 .text.frame_dummy
                0x0000000008001038       0x24 /usr/local/arm/gcc-arm-10.3-2021.07-x86_64-arm-none-eabi/bin/../lib/gcc/arm-none-eabi/10.3.1/thumb/v7e-m+fp/hard/crtbegin.o
 .text.vApplicationTickHook
                0x000000000800105c        0x2 CMakeFiles/STM32H7_Test.elf.dir/Core/Src/freertos.c.obj
                0x000000000800105c                vApplicationTickHook
 *fill*         0x000000000800105e        0x2 
 .text.vApplicationGetIdleTaskMemory
                0x0000000008001060       0x18 CMakeFiles/STM32H7_Test.elf.dir/Core/Src/freertos.c.obj
                0x0000000008001060                vApplicationGetIdleTaskMemory
 .text.LCDTask  0x0000000008001078       0x50 CMakeFiles/STM32H7_Test.elf.dir/Core/Src/freertos.c.obj
                0x0000000008001078                LCDTask
 .text.MX_SDMMC1_SD_Init
                0x00000000080010c8       0x20 CMakeFiles/STM32H7_Test.elf.dir/Core/Src/main.c.obj
 .text.LEDBlink
                0x00000000080010e8       0x6c CMakeFiles/STM32H7_Test.elf.dir/Core/Src/main.c.obj
                0x00000000080010e8                LEDBlink
 .text.ReceiveTask
                0x0000000008001154       0x74 CMakeFiles/STM32H7_Test.elf.dir/Core/Src/main.c.obj
                0x0000000008001154                ReceiveTask
 .text.MX_GPIO_Init
                0x00000000080011c8      0x1ac CMakeFiles/STM32H7_Test.elf.dir/Core/Src/main.c.obj
 .text.MX_DMA_Init
                0x0000000008001374       0x68 CMakeFiles/STM32H7_Test.elf.dir/Core/Src/main.c.obj
 .text.StartDefaultTask
                0x00000000080013dc       0xc0 CMakeFiles/STM32H7_Test.elf.dir/Core/Src/main.c.obj
                0x00000000080013dc                StartDefaultTask
 .text.Error_Handler
                0x000000000800149c        0x4 CMakeFiles/STM32H7_Test.elf.dir/Core/Src/main.c.obj
                0x000000000800149c                Error_Handler
 .text.MX_MDMA_Init
                0x00000000080014a0       0x8c CMakeFiles/STM32H7_Test.elf.dir/Core/Src/main.c.obj
 .text.MX_USART1_UART_Init
                0x000000000800152c       0x60 CMakeFiles/STM32H7_Test.elf.dir/Core/Src/main.c.obj
 .text.MX_CRC_Init
                0x000000000800158c       0x2c CMakeFiles/STM32H7_Test.elf.dir/Core/Src/main.c.obj
 .text.MX_I2C1_Init
                0x00000000080015b8       0x58 CMakeFiles/STM32H7_Test.elf.dir/Core/Src/main.c.obj
 .text.MX_QUADSPI_Init
                0x0000000008001610       0x34 CMakeFiles/STM32H7_Test.elf.dir/Core/Src/main.c.obj
 .text.MX_SPI1_Init
                0x0000000008001644       0x60 CMakeFiles/STM32H7_Test.elf.dir/Core/Src/main.c.obj
 .text.MX_TIM1_Init
                0x00000000080016a4       0x64 CMakeFiles/STM32H7_Test.elf.dir/Core/Src/main.c.obj
 .text.MX_TIM2_Init
                0x0000000008001708       0x60 CMakeFiles/STM32H7_Test.elf.dir/Core/Src/main.c.obj
 .text.MX_TIM3_Init
                0x0000000008001768       0x80 CMakeFiles/STM32H7_Test.elf.dir/Core/Src/main.c.obj
 .text.MX_TIM4_Init
                0x00000000080017e8       0x80 CMakeFiles/STM32H7_Test.elf.dir/Core/Src/main.c.obj
 .text.SystemClock_Config
                0x0000000008001868      0x11c CMakeFiles/STM32H7_Test.elf.dir/Core/Src/main.c.obj
                0x0000000008001868                SystemClock_Config
 .text.PeriphCommonClock_Config
                0x0000000008001984       0x4a CMakeFiles/STM32H7_Test.elf.dir/Core/Src/main.c.obj
                0x0000000008001984                PeriphCommonClock_Config
 *fill*         0x00000000080019ce        0x2 
 .text.main     0x00000000080019d0       0xac CMakeFiles/STM32H7_Test.elf.dir/Core/Src/main.c.obj
                0x00000000080019d0                main
 .text.HAL_MspInit
                0x0000000008001a7c       0x34 CMakeFiles/STM32H7_Test.elf.dir/Core/Src/stm32h7xx_hal_msp.c.obj
                0x0000000008001a7c                HAL_MspInit
 .text.HAL_CRC_MspInit
                0x0000000008001ab0       0x30 CMakeFiles/STM32H7_Test.elf.dir/Core/Src/stm32h7xx_hal_msp.c.obj
                0x0000000008001ab0                HAL_CRC_MspInit
 .text.HAL_I2C_MspInit
                0x0000000008001ae0      0x11c CMakeFiles/STM32H7_Test.elf.dir/Core/Src/stm32h7xx_hal_msp.c.obj
                0x0000000008001ae0                HAL_I2C_MspInit
 .text.HAL_QSPI_MspInit
                0x0000000008001bfc      0x114 CMakeFiles/STM32H7_Test.elf.dir/Core/Src/stm32h7xx_hal_msp.c.obj
                0x0000000008001bfc                HAL_QSPI_MspInit
 .text.HAL_SD_MspInit
                0x0000000008001d10       0xe8 CMakeFiles/STM32H7_Test.elf.dir/Core/Src/stm32h7xx_hal_msp.c.obj
                0x0000000008001d10                HAL_SD_MspInit
 .text.HAL_SPI_MspInit
                0x0000000008001df8       0xc4 CMakeFiles/STM32H7_Test.elf.dir/Core/Src/stm32h7xx_hal_msp.c.obj
                0x0000000008001df8                HAL_SPI_MspInit
 .text.HAL_TIM_Encoder_MspInit
                0x0000000008001ebc       0xf8 CMakeFiles/STM32H7_Test.elf.dir/Core/Src/stm32h7xx_hal_msp.c.obj
                0x0000000008001ebc                HAL_TIM_Encoder_MspInit
 .text.HAL_TIM_PWM_MspInit
                0x0000000008001fb4       0x58 CMakeFiles/STM32H7_Test.elf.dir/Core/Src/stm32h7xx_hal_msp.c.obj
                0x0000000008001fb4                HAL_TIM_PWM_MspInit
 .text.HAL_TIM_MspPostInit
                0x000000000800200c       0x94 CMakeFiles/STM32H7_Test.elf.dir/Core/Src/stm32h7xx_hal_msp.c.obj
                0x000000000800200c                HAL_TIM_MspPostInit
 .text.HAL_UART_MspInit
                0x00000000080020a0       0xd8 CMakeFiles/STM32H7_Test.elf.dir/Core/Src/stm32h7xx_hal_msp.c.obj
                0x00000000080020a0                HAL_UART_MspInit
 .text.NMI_Handler
                0x0000000008002178        0x2 CMakeFiles/STM32H7_Test.elf.dir/Core/Src/stm32h7xx_it.c.obj
                0x0000000008002178                NMI_Handler
 .text.HardFault_Handler
                0x000000000800217a        0x2 CMakeFiles/STM32H7_Test.elf.dir/Core/Src/stm32h7xx_it.c.obj
                0x000000000800217a                HardFault_Handler
 .text.MemManage_Handler
                0x000000000800217c        0x2 CMakeFiles/STM32H7_Test.elf.dir/Core/Src/stm32h7xx_it.c.obj
                0x000000000800217c                MemManage_Handler
 .text.BusFault_Handler
                0x000000000800217e        0x2 CMakeFiles/STM32H7_Test.elf.dir/Core/Src/stm32h7xx_it.c.obj
                0x000000000800217e                BusFault_Handler
 .text.UsageFault_Handler
                0x0000000008002180        0x2 CMakeFiles/STM32H7_Test.elf.dir/Core/Src/stm32h7xx_it.c.obj
                0x0000000008002180                UsageFault_Handler
 .text.DebugMon_Handler
                0x0000000008002182        0x2 CMakeFiles/STM32H7_Test.elf.dir/Core/Src/stm32h7xx_it.c.obj
                0x0000000008002182                DebugMon_Handler
 .text.SysTick_Handler
                0x0000000008002184       0x16 CMakeFiles/STM32H7_Test.elf.dir/Core/Src/stm32h7xx_it.c.obj
                0x0000000008002184                SysTick_Handler
 .text.EXTI4_IRQHandler
                0x000000000800219a        0xa CMakeFiles/STM32H7_Test.elf.dir/Core/Src/stm32h7xx_it.c.obj
                0x000000000800219a                EXTI4_IRQHandler
 .text.DMA1_Stream0_IRQHandler
                0x00000000080021a4       0x10 CMakeFiles/STM32H7_Test.elf.dir/Core/Src/stm32h7xx_it.c.obj
                0x00000000080021a4                DMA1_Stream0_IRQHandler
 .text.DMA1_Stream1_IRQHandler
                0x00000000080021b4       0x10 CMakeFiles/STM32H7_Test.elf.dir/Core/Src/stm32h7xx_it.c.obj
                0x00000000080021b4                DMA1_Stream1_IRQHandler
 .text.DMA1_Stream2_IRQHandler
                0x00000000080021c4       0x10 CMakeFiles/STM32H7_Test.elf.dir/Core/Src/stm32h7xx_it.c.obj
                0x00000000080021c4                DMA1_Stream2_IRQHandler
 .text.DMA1_Stream3_IRQHandler
                0x00000000080021d4       0x10 CMakeFiles/STM32H7_Test.elf.dir/Core/Src/stm32h7xx_it.c.obj
                0x00000000080021d4                DMA1_Stream3_IRQHandler
 .text.SPI1_IRQHandler
                0x00000000080021e4       0x10 CMakeFiles/STM32H7_Test.elf.dir/Core/Src/stm32h7xx_it.c.obj
                0x00000000080021e4                SPI1_IRQHandler
 .text.SDMMC1_IRQHandler
                0x00000000080021f4       0x10 CMakeFiles/STM32H7_Test.elf.dir/Core/Src/stm32h7xx_it.c.obj
                0x00000000080021f4                SDMMC1_IRQHandler
 .text.MDMA_IRQHandler
                0x0000000008002204       0x10 CMakeFiles/STM32H7_Test.elf.dir/Core/Src/stm32h7xx_it.c.obj
                0x0000000008002204                MDMA_IRQHandler
 .text.HAL_SPI_TxCpltCallback
                0x0000000008002214        0x2 CMakeFiles/STM32H7_Test.elf.dir/Core/Src/stm32h7xx_it.c.obj
                0x0000000008002214                HAL_SPI_TxCpltCallback
 *fill*         0x0000000008002216        0x2 
 .text.HAL_GPIO_EXTI_Callback
                0x0000000008002218       0x1c CMakeFiles/STM32H7_Test.elf.dir/Core/Src/stm32h7xx_it.c.obj
                0x0000000008002218                HAL_GPIO_EXTI_Callback
 .text._getpid  0x0000000008002234        0x4 CMakeFiles/STM32H7_Test.elf.dir/Core/Src/syscalls.c.obj
                0x0000000008002234                _getpid
 .text._kill    0x0000000008002238       0x10 CMakeFiles/STM32H7_Test.elf.dir/Core/Src/syscalls.c.obj
                0x0000000008002238                _kill
 .text._exit    0x0000000008002248        0xc CMakeFiles/STM32H7_Test.elf.dir/Core/Src/syscalls.c.obj
                0x0000000008002248                _exit
 .text._read    0x0000000008002254       0x20 CMakeFiles/STM32H7_Test.elf.dir/Core/Src/syscalls.c.obj
                0x0000000008002254                _read
 .text._write   0x0000000008002274       0x1c CMakeFiles/STM32H7_Test.elf.dir/Core/Src/syscalls.c.obj
                0x0000000008002274                _write
 .text._close   0x0000000008002290        0x6 CMakeFiles/STM32H7_Test.elf.dir/Core/Src/syscalls.c.obj
                0x0000000008002290                _close
 .text._fstat   0x0000000008002296        0xa CMakeFiles/STM32H7_Test.elf.dir/Core/Src/syscalls.c.obj
                0x0000000008002296                _fstat
 .text._isatty  0x00000000080022a0        0x4 CMakeFiles/STM32H7_Test.elf.dir/Core/Src/syscalls.c.obj
                0x00000000080022a0                _isatty
 .text._lseek   0x00000000080022a4        0x4 CMakeFiles/STM32H7_Test.elf.dir/Core/Src/syscalls.c.obj
                0x00000000080022a4                _lseek
 .text._sbrk    0x00000000080022a8       0x48 CMakeFiles/STM32H7_Test.elf.dir/Core/Src/sysmem.c.obj
                0x00000000080022a8                _sbrk
 .text.SystemInit
                0x00000000080022f0       0xcc CMakeFiles/STM32H7_Test.elf.dir/Core/Src/system_stm32h7xx.c.obj
                0x00000000080022f0                SystemInit
 .text.Reset_Handler
                0x00000000080023bc       0x50 CMakeFiles/STM32H7_Test.elf.dir/Core/Startup/startup_stm32h750vbtx.s.obj
                0x00000000080023bc                Reset_Handler
 .text.Default_Handler
                0x000000000800240c        0x2 CMakeFiles/STM32H7_Test.elf.dir/Core/Startup/startup_stm32h750vbtx.s.obj
                0x000000000800240c                RTC_Alarm_IRQHandler
                0x000000000800240c                HASH_RNG_IRQHandler
                0x000000000800240c                EXTI2_IRQHandler
                0x000000000800240c                TIM8_CC_IRQHandler
                0x000000000800240c                HRTIM1_Master_IRQHandler
                0x000000000800240c                UART8_IRQHandler
                0x000000000800240c                SPI4_IRQHandler
                0x000000000800240c                TIM1_CC_IRQHandler
                0x000000000800240c                BDMA_Channel6_IRQHandler
                0x000000000800240c                DMA2_Stream5_IRQHandler
                0x000000000800240c                HRTIM1_FLT_IRQHandler
                0x000000000800240c                JPEG_IRQHandler
                0x000000000800240c                DMA1_Stream5_IRQHandler
                0x000000000800240c                BDMA_Channel1_IRQHandler
                0x000000000800240c                HRTIM1_TIMD_IRQHandler
                0x000000000800240c                TAMP_STAMP_IRQHandler
                0x000000000800240c                EXTI3_IRQHandler
                0x000000000800240c                LPTIM4_IRQHandler
                0x000000000800240c                TIM8_TRG_COM_TIM14_IRQHandler
                0x000000000800240c                LPTIM2_IRQHandler
                0x000000000800240c                DFSDM1_FLT1_IRQHandler
                0x000000000800240c                DMAMUX2_OVR_IRQHandler
                0x000000000800240c                TIM8_UP_TIM13_IRQHandler
                0x000000000800240c                I2C3_ER_IRQHandler
                0x000000000800240c                DFSDM1_FLT2_IRQHandler
                0x000000000800240c                LPTIM3_IRQHandler
                0x000000000800240c                HSEM1_IRQHandler
                0x000000000800240c                EXTI0_IRQHandler
                0x000000000800240c                I2C2_EV_IRQHandler
                0x000000000800240c                FPU_IRQHandler
                0x000000000800240c                OTG_HS_WKUP_IRQHandler
                0x000000000800240c                FDCAN1_IT1_IRQHandler
                0x000000000800240c                LTDC_ER_IRQHandler
                0x000000000800240c                DMA2_Stream2_IRQHandler
                0x000000000800240c                HRTIM1_TIME_IRQHandler
                0x000000000800240c                TIM6_DAC_IRQHandler
                0x000000000800240c                DCMI_IRQHandler
                0x000000000800240c                HRTIM1_TIMC_IRQHandler
                0x000000000800240c                DMA2_Stream3_IRQHandler
                0x000000000800240c                SAI2_IRQHandler
                0x000000000800240c                DFSDM1_FLT3_IRQHandler
                0x000000000800240c                USART6_IRQHandler
                0x000000000800240c                TIM17_IRQHandler
                0x000000000800240c                USART3_IRQHandler
                0x000000000800240c                BDMA_Channel7_IRQHandler
                0x000000000800240c                CRYP_IRQHandler
                0x000000000800240c                LPTIM5_IRQHandler
                0x000000000800240c                UART5_IRQHandler
                0x000000000800240c                ADC3_IRQHandler
                0x000000000800240c                DMA2_Stream0_IRQHandler
                0x000000000800240c                TIM4_IRQHandler
                0x000000000800240c                BDMA_Channel2_IRQHandler
                0x000000000800240c                QUADSPI_IRQHandler
                0x000000000800240c                I2C1_EV_IRQHandler
                0x000000000800240c                DMA1_Stream6_IRQHandler
                0x000000000800240c                DMAMUX1_OVR_IRQHandler
                0x000000000800240c                TIM16_IRQHandler
                0x000000000800240c                UART4_IRQHandler
                0x000000000800240c                BDMA_Channel5_IRQHandler
                0x000000000800240c                TIM3_IRQHandler
                0x000000000800240c                RCC_IRQHandler
                0x000000000800240c                TIM8_BRK_TIM12_IRQHandler
                0x000000000800240c                TIM1_TRG_COM_IRQHandler
                0x000000000800240c                Default_Handler
                0x000000000800240c                ECC_IRQHandler
                0x000000000800240c                CEC_IRQHandler
                0x000000000800240c                EXTI15_10_IRQHandler
                0x000000000800240c                BDMA_Channel0_IRQHandler
                0x000000000800240c                ADC_IRQHandler
                0x000000000800240c                DMA1_Stream7_IRQHandler
                0x000000000800240c                HRTIM1_TIMA_IRQHandler
                0x000000000800240c                SPI5_IRQHandler
                0x000000000800240c                TIM7_IRQHandler
                0x000000000800240c                TIM5_IRQHandler
                0x000000000800240c                DMA2_Stream7_IRQHandler
                0x000000000800240c                TIM15_IRQHandler
                0x000000000800240c                PVD_AVD_IRQHandler
                0x000000000800240c                I2C3_EV_IRQHandler
                0x000000000800240c                EXTI9_5_IRQHandler
                0x000000000800240c                RTC_WKUP_IRQHandler
                0x000000000800240c                LTDC_IRQHandler
                0x000000000800240c                SAI3_IRQHandler
                0x000000000800240c                ETH_WKUP_IRQHandler
                0x000000000800240c                SPDIF_RX_IRQHandler
                0x000000000800240c                SPI2_IRQHandler
                0x000000000800240c                OTG_HS_EP1_IN_IRQHandler
                0x000000000800240c                CRS_IRQHandler
                0x000000000800240c                HRTIM1_TIMB_IRQHandler
                0x000000000800240c                FDCAN2_IT1_IRQHandler
                0x000000000800240c                ETH_IRQHandler
                0x000000000800240c                TIM1_UP_IRQHandler
                0x000000000800240c                BDMA_Channel4_IRQHandler
                0x000000000800240c                OTG_HS_EP1_OUT_IRQHandler
                0x000000000800240c                WWDG_IRQHandler
                0x000000000800240c                SPI6_IRQHandler
                0x000000000800240c                MDIOS_IRQHandler
                0x000000000800240c                I2C4_EV_IRQHandler
                0x000000000800240c                FDCAN2_IT0_IRQHandler
                0x000000000800240c                LPUART1_IRQHandler
                0x000000000800240c                FDCAN1_IT0_IRQHandler
                0x000000000800240c                TIM2_IRQHandler
                0x000000000800240c                OTG_FS_WKUP_IRQHandler
                0x000000000800240c                OTG_HS_IRQHandler
                0x000000000800240c                DMA2D_IRQHandler
                0x000000000800240c                TIM1_BRK_IRQHandler
                0x000000000800240c                EXTI1_IRQHandler
                0x000000000800240c                SDMMC2_IRQHandler
                0x000000000800240c                OTG_FS_EP1_OUT_IRQHandler
                0x000000000800240c                BDMA_Channel3_IRQHandler
                0x000000000800240c                UART7_IRQHandler
                0x000000000800240c                MDIOS_WKUP_IRQHandler
                0x000000000800240c                USART2_IRQHandler
                0x000000000800240c                DFSDM1_FLT0_IRQHandler
                0x000000000800240c                SAI4_IRQHandler
                0x000000000800240c                I2C2_ER_IRQHandler
                0x000000000800240c                DMA2_Stream1_IRQHandler
                0x000000000800240c                FLASH_IRQHandler
                0x000000000800240c                DMA2_Stream4_IRQHandler
                0x000000000800240c                USART1_IRQHandler
                0x000000000800240c                OTG_FS_IRQHandler
                0x000000000800240c                SPI3_IRQHandler
                0x000000000800240c                WAKEUP_PIN_IRQHandler
                0x000000000800240c                DMA1_Stream4_IRQHandler
                0x000000000800240c                OTG_FS_EP1_IN_IRQHandler
                0x000000000800240c                I2C1_ER_IRQHandler
                0x000000000800240c                FMC_IRQHandler
                0x000000000800240c                FDCAN_CAL_IRQHandler
                0x000000000800240c                SWPMI1_IRQHandler
                0x000000000800240c                COMP1_IRQHandler
                0x000000000800240c                LPTIM1_IRQHandler
                0x000000000800240c                I2C4_ER_IRQHandler
                0x000000000800240c                DMA2_Stream6_IRQHandler
                0x000000000800240c                SAI1_IRQHandler
 *fill*         0x000000000800240e        0x2 
 .text.HAL_InitTick
                0x0000000008002410       0x50 CMakeFiles/STM32H7_Test.elf.dir/Drivers/STM32H7xx_HAL_Driver/Src/stm32h7xx_hal.c.obj
                0x0000000008002410                HAL_InitTick
 .text.HAL_Init
                0x0000000008002460       0x5c CMakeFiles/STM32H7_Test.elf.dir/Drivers/STM32H7xx_HAL_Driver/Src/stm32h7xx_hal.c.obj
                0x0000000008002460                HAL_Init
 .text.HAL_IncTick
                0x00000000080024bc       0x18 CMakeFiles/STM32H7_Test.elf.dir/Drivers/STM32H7xx_HAL_Driver/Src/stm32h7xx_hal.c.obj
                0x00000000080024bc                HAL_IncTick
 .text.HAL_GetTick
                0x00000000080024d4        0xc CMakeFiles/STM32H7_Test.elf.dir/Drivers/STM32H7xx_HAL_Driver/Src/stm32h7xx_hal.c.obj
                0x00000000080024d4                HAL_GetTick
 .text.HAL_Delay
                0x00000000080024e0       0x28 CMakeFiles/STM32H7_Test.elf.dir/Drivers/STM32H7xx_HAL_Driver/Src/stm32h7xx_hal.c.obj
                0x00000000080024e0                HAL_Delay
 .text.HAL_GetREVID
                0x0000000008002508        0xc CMakeFiles/STM32H7_Test.elf.dir/Drivers/STM32H7xx_HAL_Driver/Src/stm32h7xx_hal.c.obj
                0x0000000008002508                HAL_GetREVID
 .text.HAL_NVIC_SetPriorityGrouping
                0x0000000008002514       0x24 CMakeFiles/STM32H7_Test.elf.dir/Drivers/STM32H7xx_HAL_Driver/Src/stm32h7xx_hal_cortex.c.obj
                0x0000000008002514                HAL_NVIC_SetPriorityGrouping
 .text.HAL_NVIC_SetPriority
                0x0000000008002538       0x6c CMakeFiles/STM32H7_Test.elf.dir/Drivers/STM32H7xx_HAL_Driver/Src/stm32h7xx_hal_cortex.c.obj
                0x0000000008002538                HAL_NVIC_SetPriority
 .text.HAL_NVIC_EnableIRQ
                0x00000000080025a4       0x1c CMakeFiles/STM32H7_Test.elf.dir/Drivers/STM32H7xx_HAL_Driver/Src/stm32h7xx_hal_cortex.c.obj
                0x00000000080025a4                HAL_NVIC_EnableIRQ
 .text.HAL_SYSTICK_Config
                0x00000000080025c0       0x28 CMakeFiles/STM32H7_Test.elf.dir/Drivers/STM32H7xx_HAL_Driver/Src/stm32h7xx_hal_cortex.c.obj
                0x00000000080025c0                HAL_SYSTICK_Config
 .text.HAL_CRC_Init
                0x00000000080025e8       0x80 CMakeFiles/STM32H7_Test.elf.dir/Drivers/STM32H7xx_HAL_Driver/Src/stm32h7xx_hal_crc.c.obj
                0x00000000080025e8                HAL_CRC_Init
 .text.HAL_CRCEx_Polynomial_Set
                0x0000000008002668       0x78 CMakeFiles/STM32H7_Test.elf.dir/Drivers/STM32H7xx_HAL_Driver/Src/stm32h7xx_hal_crc_ex.c.obj
                0x0000000008002668                HAL_CRCEx_Polynomial_Set
 .text.DMA_SetConfig
                0x00000000080026e0      0x1b4 CMakeFiles/STM32H7_Test.elf.dir/Drivers/STM32H7xx_HAL_Driver/Src/stm32h7xx_hal_dma.c.obj
 .text.DMA_CalcBaseAndBitshift
                0x0000000008002894       0xb4 CMakeFiles/STM32H7_Test.elf.dir/Drivers/STM32H7xx_HAL_Driver/Src/stm32h7xx_hal_dma.c.obj
 .text.DMA_CheckFifoParam
                0x0000000008002948       0x92 CMakeFiles/STM32H7_Test.elf.dir/Drivers/STM32H7xx_HAL_Driver/Src/stm32h7xx_hal_dma.c.obj
 *fill*         0x00000000080029da        0x2 
 .text.DMA_CalcDMAMUXChannelBaseAndMask
                0x00000000080029dc       0xb0 CMakeFiles/STM32H7_Test.elf.dir/Drivers/STM32H7xx_HAL_Driver/Src/stm32h7xx_hal_dma.c.obj
 .text.DMA_CalcDMAMUXRequestGenBaseAndMask
                0x0000000008002a8c       0x7c CMakeFiles/STM32H7_Test.elf.dir/Drivers/STM32H7xx_HAL_Driver/Src/stm32h7xx_hal_dma.c.obj
 .text.HAL_DMA_Init
                0x0000000008002b08      0x3a4 CMakeFiles/STM32H7_Test.elf.dir/Drivers/STM32H7xx_HAL_Driver/Src/stm32h7xx_hal_dma.c.obj
                0x0000000008002b08                HAL_DMA_Init
 .text.HAL_DMA_Start_IT
                0x0000000008002eac      0x298 CMakeFiles/STM32H7_Test.elf.dir/Drivers/STM32H7xx_HAL_Driver/Src/stm32h7xx_hal_dma.c.obj
                0x0000000008002eac                HAL_DMA_Start_IT
 .text.HAL_DMA_Abort
                0x0000000008003144      0x340 CMakeFiles/STM32H7_Test.elf.dir/Drivers/STM32H7xx_HAL_Driver/Src/stm32h7xx_hal_dma.c.obj
                0x0000000008003144                HAL_DMA_Abort
 .text.HAL_DMA_Abort_IT
                0x0000000008003484      0x270 CMakeFiles/STM32H7_Test.elf.dir/Drivers/STM32H7xx_HAL_Driver/Src/stm32h7xx_hal_dma.c.obj
                0x0000000008003484                HAL_DMA_Abort_IT
 .text.HAL_DMA_IRQHandler
                0x00000000080036f4      0x738 CMakeFiles/STM32H7_Test.elf.dir/Drivers/STM32H7xx_HAL_Driver/Src/stm32h7xx_hal_dma.c.obj
                0x00000000080036f4                HAL_DMA_IRQHandler
 .text.HAL_DMA_GetError
                0x0000000008003e2c        0x4 CMakeFiles/STM32H7_Test.elf.dir/Drivers/STM32H7xx_HAL_Driver/Src/stm32h7xx_hal_dma.c.obj
                0x0000000008003e2c                HAL_DMA_GetError
 .text.HAL_GPIO_Init
                0x0000000008003e30      0x220 CMakeFiles/STM32H7_Test.elf.dir/Drivers/STM32H7xx_HAL_Driver/Src/stm32h7xx_hal_gpio.c.obj
                0x0000000008003e30                HAL_GPIO_Init
 .text.HAL_GPIO_ReadPin
                0x0000000008004050        0xe CMakeFiles/STM32H7_Test.elf.dir/Drivers/STM32H7xx_HAL_Driver/Src/stm32h7xx_hal_gpio.c.obj
                0x0000000008004050                HAL_GPIO_ReadPin
 .text.HAL_GPIO_WritePin
                0x000000000800405e        0xc CMakeFiles/STM32H7_Test.elf.dir/Drivers/STM32H7xx_HAL_Driver/Src/stm32h7xx_hal_gpio.c.obj
                0x000000000800405e                HAL_GPIO_WritePin
 .text.HAL_GPIO_TogglePin
                0x000000000800406a       0x12 CMakeFiles/STM32H7_Test.elf.dir/Drivers/STM32H7xx_HAL_Driver/Src/stm32h7xx_hal_gpio.c.obj
                0x000000000800406a                HAL_GPIO_TogglePin
 .text.HAL_GPIO_EXTI_IRQHandler
                0x000000000800407c       0x1e CMakeFiles/STM32H7_Test.elf.dir/Drivers/STM32H7xx_HAL_Driver/Src/stm32h7xx_hal_gpio.c.obj
                0x000000000800407c                HAL_GPIO_EXTI_IRQHandler
 .text.I2C_Flush_TXDR
                0x000000000800409a       0x22 CMakeFiles/STM32H7_Test.elf.dir/Drivers/STM32H7xx_HAL_Driver/Src/stm32h7xx_hal_i2c.c.obj
 .text.I2C_TransferConfig
                0x00000000080040bc       0x3c CMakeFiles/STM32H7_Test.elf.dir/Drivers/STM32H7xx_HAL_Driver/Src/stm32h7xx_hal_i2c.c.obj
 .text.I2C_IsErrorOccurred
                0x00000000080040f8      0x118 CMakeFiles/STM32H7_Test.elf.dir/Drivers/STM32H7xx_HAL_Driver/Src/stm32h7xx_hal_i2c.c.obj
 .text.I2C_WaitOnTXISFlagUntilTimeout
                0x0000000008004210       0x60 CMakeFiles/STM32H7_Test.elf.dir/Drivers/STM32H7xx_HAL_Driver/Src/stm32h7xx_hal_i2c.c.obj
 .text.I2C_WaitOnFlagUntilTimeout
                0x0000000008004270       0x6e CMakeFiles/STM32H7_Test.elf.dir/Drivers/STM32H7xx_HAL_Driver/Src/stm32h7xx_hal_i2c.c.obj
 .text.I2C_WaitOnSTOPFlagUntilTimeout
                0x00000000080042de       0x5e CMakeFiles/STM32H7_Test.elf.dir/Drivers/STM32H7xx_HAL_Driver/Src/stm32h7xx_hal_i2c.c.obj
 .text.I2C_WaitOnRXNEFlagUntilTimeout
                0x000000000800433c       0xba CMakeFiles/STM32H7_Test.elf.dir/Drivers/STM32H7xx_HAL_Driver/Src/stm32h7xx_hal_i2c.c.obj
 *fill*         0x00000000080043f6        0x2 
 .text.HAL_I2C_Init
                0x00000000080043f8       0xbc CMakeFiles/STM32H7_Test.elf.dir/Drivers/STM32H7xx_HAL_Driver/Src/stm32h7xx_hal_i2c.c.obj
                0x00000000080043f8                HAL_I2C_Init
 .text.HAL_I2C_Master_Transmit
                0x00000000080044b4      0x17c CMakeFiles/STM32H7_Test.elf.dir/Drivers/STM32H7xx_HAL_Driver/Src/stm32h7xx_hal_i2c.c.obj
                0x00000000080044b4                HAL_I2C_Master_Transmit
 .text.HAL_I2C_Master_Receive
                0x0000000008004630      0x17c CMakeFiles/STM32H7_Test.elf.dir/Drivers/STM32H7xx_HAL_Driver/Src/stm32h7xx_hal_i2c.c.obj
                0x0000000008004630                HAL_I2C_Master_Receive
 .text.HAL_I2CEx_ConfigAnalogFilter
                0x00000000080047ac       0x5c CMakeFiles/STM32H7_Test.elf.dir/Drivers/STM32H7xx_HAL_Driver/Src/stm32h7xx_hal_i2c_ex.c.obj
                0x00000000080047ac                HAL_I2CEx_ConfigAnalogFilter
 .text.HAL_I2CEx_ConfigDigitalFilter
                0x0000000008004808       0x58 CMakeFiles/STM32H7_Test.elf.dir/Drivers/STM32H7xx_HAL_Driver/Src/stm32h7xx_hal_i2c_ex.c.obj
                0x0000000008004808                HAL_I2CEx_ConfigDigitalFilter
 .text.MDMA_Init
                0x0000000008004860       0xb8 CMakeFiles/STM32H7_Test.elf.dir/Drivers/STM32H7xx_HAL_Driver/Src/stm32h7xx_hal_mdma.c.obj
 .text.HAL_MDMA_Init
                0x0000000008004918       0x60 CMakeFiles/STM32H7_Test.elf.dir/Drivers/STM32H7xx_HAL_Driver/Src/stm32h7xx_hal_mdma.c.obj
                0x0000000008004918                HAL_MDMA_Init
 .text.HAL_MDMA_ConfigPostRequestMask
                0x0000000008004978       0x66 CMakeFiles/STM32H7_Test.elf.dir/Drivers/STM32H7xx_HAL_Driver/Src/stm32h7xx_hal_mdma.c.obj
                0x0000000008004978                HAL_MDMA_ConfigPostRequestMask
 *fill*         0x00000000080049de        0x2 
 .text.HAL_MDMA_IRQHandler
                0x00000000080049e0      0x1b4 CMakeFiles/STM32H7_Test.elf.dir/Drivers/STM32H7xx_HAL_Driver/Src/stm32h7xx_hal_mdma.c.obj
                0x00000000080049e0                HAL_MDMA_IRQHandler
 .text.HAL_PWREx_ConfigSupply
                0x0000000008004b94       0x54 CMakeFiles/STM32H7_Test.elf.dir/Drivers/STM32H7xx_HAL_Driver/Src/stm32h7xx_hal_pwr_ex.c.obj
                0x0000000008004b94                HAL_PWREx_ConfigSupply
 .text.QSPI_WaitFlagStateUntilTimeout
                0x0000000008004be8       0x54 CMakeFiles/STM32H7_Test.elf.dir/Drivers/STM32H7xx_HAL_Driver/Src/stm32h7xx_hal_qspi.c.obj
 .text.HAL_QSPI_SetTimeout
                0x0000000008004c3c        0x4 CMakeFiles/STM32H7_Test.elf.dir/Drivers/STM32H7xx_HAL_Driver/Src/stm32h7xx_hal_qspi.c.obj
                0x0000000008004c3c                HAL_QSPI_SetTimeout
 .text.HAL_QSPI_Init
                0x0000000008004c40       0xa8 CMakeFiles/STM32H7_Test.elf.dir/Drivers/STM32H7xx_HAL_Driver/Src/stm32h7xx_hal_qspi.c.obj
                0x0000000008004c40                HAL_QSPI_Init
 .text.HAL_RCC_OscConfig
                0x0000000008004ce8      0x6b4 CMakeFiles/STM32H7_Test.elf.dir/Drivers/STM32H7xx_HAL_Driver/Src/stm32h7xx_hal_rcc.c.obj
                0x0000000008004ce8                HAL_RCC_OscConfig
 .text.HAL_RCC_GetSysClockFreq
                0x000000000800539c      0x1f4 CMakeFiles/STM32H7_Test.elf.dir/Drivers/STM32H7xx_HAL_Driver/Src/stm32h7xx_hal_rcc.c.obj
                0x000000000800539c                HAL_RCC_GetSysClockFreq
 .text.HAL_RCC_ClockConfig
                0x0000000008005590      0x294 CMakeFiles/STM32H7_Test.elf.dir/Drivers/STM32H7xx_HAL_Driver/Src/stm32h7xx_hal_rcc.c.obj
                0x0000000008005590                HAL_RCC_ClockConfig
 .text.HAL_RCC_GetHCLKFreq
                0x0000000008005824       0x44 CMakeFiles/STM32H7_Test.elf.dir/Drivers/STM32H7xx_HAL_Driver/Src/stm32h7xx_hal_rcc.c.obj
                0x0000000008005824                HAL_RCC_GetHCLKFreq
 .text.HAL_RCC_GetPCLK1Freq
                0x0000000008005868       0x24 CMakeFiles/STM32H7_Test.elf.dir/Drivers/STM32H7xx_HAL_Driver/Src/stm32h7xx_hal_rcc.c.obj
                0x0000000008005868                HAL_RCC_GetPCLK1Freq
 .text.HAL_RCC_GetPCLK2Freq
                0x000000000800588c       0x24 CMakeFiles/STM32H7_Test.elf.dir/Drivers/STM32H7xx_HAL_Driver/Src/stm32h7xx_hal_rcc.c.obj
                0x000000000800588c                HAL_RCC_GetPCLK2Freq
 .text.RCCEx_PLL2_Config
                0x00000000080058b0      0x10c CMakeFiles/STM32H7_Test.elf.dir/Drivers/STM32H7xx_HAL_Driver/Src/stm32h7xx_hal_rcc_ex.c.obj
 .text.RCCEx_PLL3_Config
                0x00000000080059bc      0x10c CMakeFiles/STM32H7_Test.elf.dir/Drivers/STM32H7xx_HAL_Driver/Src/stm32h7xx_hal_rcc_ex.c.obj
 .text.HAL_RCCEx_PeriphCLKConfig
                0x0000000008005ac8      0xa8c CMakeFiles/STM32H7_Test.elf.dir/Drivers/STM32H7xx_HAL_Driver/Src/stm32h7xx_hal_rcc_ex.c.obj
                0x0000000008005ac8                HAL_RCCEx_PeriphCLKConfig
 .text.HAL_RCCEx_GetD3PCLK1Freq
                0x0000000008006554       0x24 CMakeFiles/STM32H7_Test.elf.dir/Drivers/STM32H7xx_HAL_Driver/Src/stm32h7xx_hal_rcc_ex.c.obj
                0x0000000008006554                HAL_RCCEx_GetD3PCLK1Freq
 .text.HAL_RCCEx_GetPLL2ClockFreq
                0x0000000008006578      0x1f8 CMakeFiles/STM32H7_Test.elf.dir/Drivers/STM32H7xx_HAL_Driver/Src/stm32h7xx_hal_rcc_ex.c.obj
                0x0000000008006578                HAL_RCCEx_GetPLL2ClockFreq
 .text.HAL_RCCEx_GetPLL3ClockFreq
                0x0000000008006770      0x1f8 CMakeFiles/STM32H7_Test.elf.dir/Drivers/STM32H7xx_HAL_Driver/Src/stm32h7xx_hal_rcc_ex.c.obj
                0x0000000008006770                HAL_RCCEx_GetPLL3ClockFreq
 .text.HAL_RCCEx_GetPLL1ClockFreq
                0x0000000008006968      0x1f8 CMakeFiles/STM32H7_Test.elf.dir/Drivers/STM32H7xx_HAL_Driver/Src/stm32h7xx_hal_rcc_ex.c.obj
                0x0000000008006968                HAL_RCCEx_GetPLL1ClockFreq
 .text.HAL_RCCEx_GetPeriphCLKFreq
                0x0000000008006b60      0x6d0 CMakeFiles/STM32H7_Test.elf.dir/Drivers/STM32H7xx_HAL_Driver/Src/stm32h7xx_hal_rcc_ex.c.obj
                0x0000000008006b60                HAL_RCCEx_GetPeriphCLKFreq
 .text.SD_PowerON
                0x0000000008007230       0xc4 CMakeFiles/STM32H7_Test.elf.dir/Drivers/STM32H7xx_HAL_Driver/Src/stm32h7xx_hal_sd.c.obj
 .text.SD_Read_IT
                0x00000000080072f4       0x3c CMakeFiles/STM32H7_Test.elf.dir/Drivers/STM32H7xx_HAL_Driver/Src/stm32h7xx_hal_sd.c.obj
 .text.SD_Write_IT
                0x0000000008007330       0x4c CMakeFiles/STM32H7_Test.elf.dir/Drivers/STM32H7xx_HAL_Driver/Src/stm32h7xx_hal_sd.c.obj
 .text.SD_SendSDStatus
                0x000000000800737c      0x108 CMakeFiles/STM32H7_Test.elf.dir/Drivers/STM32H7xx_HAL_Driver/Src/stm32h7xx_hal_sd.c.obj
 .text.SD_FindSCR
                0x0000000008007484      0x108 CMakeFiles/STM32H7_Test.elf.dir/Drivers/STM32H7xx_HAL_Driver/Src/stm32h7xx_hal_sd.c.obj
 .text.SD_WideBus_Enable
                0x000000000800758c       0x4e CMakeFiles/STM32H7_Test.elf.dir/Drivers/STM32H7xx_HAL_Driver/Src/stm32h7xx_hal_sd.c.obj
 .text.SD_WideBus_Disable
                0x00000000080075da       0x4e CMakeFiles/STM32H7_Test.elf.dir/Drivers/STM32H7xx_HAL_Driver/Src/stm32h7xx_hal_sd.c.obj
 .text.SD_SendStatus
                0x0000000008007628       0x2c CMakeFiles/STM32H7_Test.elf.dir/Drivers/STM32H7xx_HAL_Driver/Src/stm32h7xx_hal_sd.c.obj
 .text.HAL_SD_ReadBlocks_DMA
                0x0000000008007654       0xe0 CMakeFiles/STM32H7_Test.elf.dir/Drivers/STM32H7xx_HAL_Driver/Src/stm32h7xx_hal_sd.c.obj
                0x0000000008007654                HAL_SD_ReadBlocks_DMA
 .text.HAL_SD_WriteBlocks_DMA
                0x0000000008007734       0xe0 CMakeFiles/STM32H7_Test.elf.dir/Drivers/STM32H7xx_HAL_Driver/Src/stm32h7xx_hal_sd.c.obj
                0x0000000008007734                HAL_SD_WriteBlocks_DMA
 .text.HAL_SD_ErrorCallback
                0x0000000008007814        0x2 CMakeFiles/STM32H7_Test.elf.dir/Drivers/STM32H7xx_HAL_Driver/Src/stm32h7xx_hal_sd.c.obj
                0x0000000008007814                HAL_SD_ErrorCallback
 *fill*         0x0000000008007816        0x2 
 .text.HAL_SD_GetCardCSD
                0x0000000008007818      0x1b8 CMakeFiles/STM32H7_Test.elf.dir/Drivers/STM32H7xx_HAL_Driver/Src/stm32h7xx_hal_sd.c.obj
                0x0000000008007818                HAL_SD_GetCardCSD
 .text.SD_InitCard
                0x00000000080079d0       0xfc CMakeFiles/STM32H7_Test.elf.dir/Drivers/STM32H7xx_HAL_Driver/Src/stm32h7xx_hal_sd.c.obj
 .text.HAL_SD_InitCard
                0x0000000008007acc       0xcc CMakeFiles/STM32H7_Test.elf.dir/Drivers/STM32H7xx_HAL_Driver/Src/stm32h7xx_hal_sd.c.obj
                0x0000000008007acc                HAL_SD_InitCard
 .text.HAL_SD_GetCardStatus
                0x0000000008007b98       0xd0 CMakeFiles/STM32H7_Test.elf.dir/Drivers/STM32H7xx_HAL_Driver/Src/stm32h7xx_hal_sd.c.obj
                0x0000000008007b98                HAL_SD_GetCardStatus
 .text.HAL_SD_GetCardInfo
                0x0000000008007c68       0x24 CMakeFiles/STM32H7_Test.elf.dir/Drivers/STM32H7xx_HAL_Driver/Src/stm32h7xx_hal_sd.c.obj
                0x0000000008007c68                HAL_SD_GetCardInfo
 .text.HAL_SD_ConfigWideBusOperation
                0x0000000008007c8c      0x158 CMakeFiles/STM32H7_Test.elf.dir/Drivers/STM32H7xx_HAL_Driver/Src/stm32h7xx_hal_sd.c.obj
                0x0000000008007c8c                HAL_SD_ConfigWideBusOperation
 .text.HAL_SD_GetCardState
                0x0000000008007de4       0x22 CMakeFiles/STM32H7_Test.elf.dir/Drivers/STM32H7xx_HAL_Driver/Src/stm32h7xx_hal_sd.c.obj
                0x0000000008007de4                HAL_SD_GetCardState
 .text.HAL_SD_Init
                0x0000000008007e06       0xba CMakeFiles/STM32H7_Test.elf.dir/Drivers/STM32H7xx_HAL_Driver/Src/stm32h7xx_hal_sd.c.obj
                0x0000000008007e06                HAL_SD_Init
 .text.HAL_SDEx_Read_DMADoubleBuf0CpltCallback
                0x0000000008007ec0        0x2 CMakeFiles/STM32H7_Test.elf.dir/Drivers/STM32H7xx_HAL_Driver/Src/stm32h7xx_hal_sd.c.obj
                0x0000000008007ec0                HAL_SDEx_Read_DMADoubleBuf0CpltCallback
 .text.HAL_SDEx_Read_DMADoubleBuf1CpltCallback
                0x0000000008007ec2        0x2 CMakeFiles/STM32H7_Test.elf.dir/Drivers/STM32H7xx_HAL_Driver/Src/stm32h7xx_hal_sd.c.obj
                0x0000000008007ec2                HAL_SDEx_Read_DMADoubleBuf1CpltCallback
 .text.HAL_SDEx_Write_DMADoubleBuf0CpltCallback
                0x0000000008007ec4        0x2 CMakeFiles/STM32H7_Test.elf.dir/Drivers/STM32H7xx_HAL_Driver/Src/stm32h7xx_hal_sd.c.obj
                0x0000000008007ec4                HAL_SDEx_Write_DMADoubleBuf0CpltCallback
 .text.HAL_SDEx_Write_DMADoubleBuf1CpltCallback
                0x0000000008007ec6        0x2 CMakeFiles/STM32H7_Test.elf.dir/Drivers/STM32H7xx_HAL_Driver/Src/stm32h7xx_hal_sd.c.obj
                0x0000000008007ec6                HAL_SDEx_Write_DMADoubleBuf1CpltCallback
 .text.HAL_SD_IRQHandler
                0x0000000008007ec8      0x22c CMakeFiles/STM32H7_Test.elf.dir/Drivers/STM32H7xx_HAL_Driver/Src/stm32h7xx_hal_sd.c.obj
                0x0000000008007ec8                HAL_SD_IRQHandler
 .text.SPI_CloseTransfer
                0x00000000080080f4       0xd0 CMakeFiles/STM32H7_Test.elf.dir/Drivers/STM32H7xx_HAL_Driver/Src/stm32h7xx_hal_spi.c.obj
 .text.SPI_GetPacketSize
                0x00000000080081c4       0x10 CMakeFiles/STM32H7_Test.elf.dir/Drivers/STM32H7xx_HAL_Driver/Src/stm32h7xx_hal_spi.c.obj
 .text.SPI_WaitOnFlagUntilTimeout
                0x00000000080081d4       0x46 CMakeFiles/STM32H7_Test.elf.dir/Drivers/STM32H7xx_HAL_Driver/Src/stm32h7xx_hal_spi.c.obj
 *fill*         0x000000000800821a        0x2 
 .text.HAL_SPI_Init
                0x000000000800821c      0x190 CMakeFiles/STM32H7_Test.elf.dir/Drivers/STM32H7xx_HAL_Driver/Src/stm32h7xx_hal_spi.c.obj
                0x000000000800821c                HAL_SPI_Init
 .text.HAL_SPI_Transmit
                0x00000000080083ac      0x2d4 CMakeFiles/STM32H7_Test.elf.dir/Drivers/STM32H7xx_HAL_Driver/Src/stm32h7xx_hal_spi.c.obj
                0x00000000080083ac                HAL_SPI_Transmit
 .text.HAL_SPI_Transmit_DMA
                0x0000000008008680      0x1c8 CMakeFiles/STM32H7_Test.elf.dir/Drivers/STM32H7xx_HAL_Driver/Src/stm32h7xx_hal_spi.c.obj
                0x0000000008008680                HAL_SPI_Transmit_DMA
 .text.SPI_DMATransmitCplt
                0x0000000008008848       0x2a CMakeFiles/STM32H7_Test.elf.dir/Drivers/STM32H7xx_HAL_Driver/Src/stm32h7xx_hal_spi.c.obj
 .text.HAL_SPI_RxCpltCallback
                0x0000000008008872        0x2 CMakeFiles/STM32H7_Test.elf.dir/Drivers/STM32H7xx_HAL_Driver/Src/stm32h7xx_hal_spi.c.obj
                0x0000000008008872                HAL_SPI_RxCpltCallback
 .text.HAL_SPI_TxRxCpltCallback
                0x0000000008008874        0x2 CMakeFiles/STM32H7_Test.elf.dir/Drivers/STM32H7xx_HAL_Driver/Src/stm32h7xx_hal_spi.c.obj
                0x0000000008008874                HAL_SPI_TxRxCpltCallback
 .text.HAL_SPI_TxHalfCpltCallback
                0x0000000008008876        0x2 CMakeFiles/STM32H7_Test.elf.dir/Drivers/STM32H7xx_HAL_Driver/Src/stm32h7xx_hal_spi.c.obj
                0x0000000008008876                HAL_SPI_TxHalfCpltCallback
 .text.SPI_DMAHalfTransmitCplt
                0x0000000008008878        0xa CMakeFiles/STM32H7_Test.elf.dir/Drivers/STM32H7xx_HAL_Driver/Src/stm32h7xx_hal_spi.c.obj
 .text.HAL_SPI_ErrorCallback
                0x0000000008008882        0x2 CMakeFiles/STM32H7_Test.elf.dir/Drivers/STM32H7xx_HAL_Driver/Src/stm32h7xx_hal_spi.c.obj
                0x0000000008008882                HAL_SPI_ErrorCallback
 .text.SPI_DMAError
                0x0000000008008884       0x2e CMakeFiles/STM32H7_Test.elf.dir/Drivers/STM32H7xx_HAL_Driver/Src/stm32h7xx_hal_spi.c.obj
 .text.SPI_DMAAbortOnError
                0x00000000080088b2       0x1a CMakeFiles/STM32H7_Test.elf.dir/Drivers/STM32H7xx_HAL_Driver/Src/stm32h7xx_hal_spi.c.obj
 .text.HAL_SPI_SuspendCallback
                0x00000000080088cc        0x2 CMakeFiles/STM32H7_Test.elf.dir/Drivers/STM32H7xx_HAL_Driver/Src/stm32h7xx_hal_spi.c.obj
                0x00000000080088cc                HAL_SPI_SuspendCallback
 *fill*         0x00000000080088ce        0x2 
 .text.HAL_SPI_IRQHandler
                0x00000000080088d0      0x240 CMakeFiles/STM32H7_Test.elf.dir/Drivers/STM32H7xx_HAL_Driver/Src/stm32h7xx_hal_spi.c.obj
                0x00000000080088d0                HAL_SPI_IRQHandler
 .text.TIM_OC1_SetConfig
                0x0000000008008b10       0xa8 CMakeFiles/STM32H7_Test.elf.dir/Drivers/STM32H7xx_HAL_Driver/Src/stm32h7xx_hal_tim.c.obj
 .text.TIM_OC3_SetConfig
                0x0000000008008bb8       0x94 CMakeFiles/STM32H7_Test.elf.dir/Drivers/STM32H7xx_HAL_Driver/Src/stm32h7xx_hal_tim.c.obj
 .text.TIM_OC4_SetConfig
                0x0000000008008c4c       0x74 CMakeFiles/STM32H7_Test.elf.dir/Drivers/STM32H7xx_HAL_Driver/Src/stm32h7xx_hal_tim.c.obj
 .text.TIM_OC5_SetConfig
                0x0000000008008cc0       0x74 CMakeFiles/STM32H7_Test.elf.dir/Drivers/STM32H7xx_HAL_Driver/Src/stm32h7xx_hal_tim.c.obj
 .text.TIM_OC6_SetConfig
                0x0000000008008d34       0x74 CMakeFiles/STM32H7_Test.elf.dir/Drivers/STM32H7xx_HAL_Driver/Src/stm32h7xx_hal_tim.c.obj
 .text.TIM_Base_SetConfig
                0x0000000008008da8      0x104 CMakeFiles/STM32H7_Test.elf.dir/Drivers/STM32H7xx_HAL_Driver/Src/stm32h7xx_hal_tim.c.obj
                0x0000000008008da8                TIM_Base_SetConfig
 .text.HAL_TIM_PWM_Init
                0x0000000008008eac       0x60 CMakeFiles/STM32H7_Test.elf.dir/Drivers/STM32H7xx_HAL_Driver/Src/stm32h7xx_hal_tim.c.obj
                0x0000000008008eac                HAL_TIM_PWM_Init
 .text.HAL_TIM_Encoder_Init
                0x0000000008008f0c       0xb4 CMakeFiles/STM32H7_Test.elf.dir/Drivers/STM32H7xx_HAL_Driver/Src/stm32h7xx_hal_tim.c.obj
                0x0000000008008f0c                HAL_TIM_Encoder_Init
 .text.TIM_OC2_SetConfig
                0x0000000008008fc0       0x94 CMakeFiles/STM32H7_Test.elf.dir/Drivers/STM32H7xx_HAL_Driver/Src/stm32h7xx_hal_tim.c.obj
                0x0000000008008fc0                TIM_OC2_SetConfig
 .text.HAL_TIM_PWM_ConfigChannel
                0x0000000008009054      0x13a CMakeFiles/STM32H7_Test.elf.dir/Drivers/STM32H7xx_HAL_Driver/Src/stm32h7xx_hal_tim.c.obj
                0x0000000008009054                HAL_TIM_PWM_ConfigChannel
 *fill*         0x000000000800918e        0x2 
 .text.HAL_TIMEx_MasterConfigSynchronization
                0x0000000008009190       0xa0 CMakeFiles/STM32H7_Test.elf.dir/Drivers/STM32H7xx_HAL_Driver/Src/stm32h7xx_hal_tim_ex.c.obj
                0x0000000008009190                HAL_TIMEx_MasterConfigSynchronization
 .text.UART_EndTxTransfer
                0x0000000008009230       0x32 CMakeFiles/STM32H7_Test.elf.dir/Drivers/STM32H7xx_HAL_Driver/Src/stm32h7xx_hal_uart.c.obj
 *fill*         0x0000000008009262        0x2 
 .text.UART_EndRxTransfer
                0x0000000008009264       0x58 CMakeFiles/STM32H7_Test.elf.dir/Drivers/STM32H7xx_HAL_Driver/Src/stm32h7xx_hal_uart.c.obj
 .text.HAL_UART_DMAStop
                0x00000000080092bc       0xb2 CMakeFiles/STM32H7_Test.elf.dir/Drivers/STM32H7xx_HAL_Driver/Src/stm32h7xx_hal_uart.c.obj
                0x00000000080092bc                HAL_UART_DMAStop
 .text.HAL_UART_RxCpltCallback
                0x000000000800936e        0x2 CMakeFiles/STM32H7_Test.elf.dir/Drivers/STM32H7xx_HAL_Driver/Src/stm32h7xx_hal_uart.c.obj
                0x000000000800936e                HAL_UART_RxCpltCallback
 .text.HAL_UART_RxHalfCpltCallback
                0x0000000008009370        0x2 CMakeFiles/STM32H7_Test.elf.dir/Drivers/STM32H7xx_HAL_Driver/Src/stm32h7xx_hal_uart.c.obj
                0x0000000008009370                HAL_UART_RxHalfCpltCallback
 .text.HAL_UART_ErrorCallback
                0x0000000008009372        0x2 CMakeFiles/STM32H7_Test.elf.dir/Drivers/STM32H7xx_HAL_Driver/Src/stm32h7xx_hal_uart.c.obj
                0x0000000008009372                HAL_UART_ErrorCallback
 .text.UART_DMAError
                0x0000000008009374       0x58 CMakeFiles/STM32H7_Test.elf.dir/Drivers/STM32H7xx_HAL_Driver/Src/stm32h7xx_hal_uart.c.obj
 .text.HAL_UARTEx_RxEventCallback
                0x00000000080093cc        0x2 CMakeFiles/STM32H7_Test.elf.dir/Drivers/STM32H7xx_HAL_Driver/Src/stm32h7xx_hal_uart.c.obj
                0x00000000080093cc                HAL_UARTEx_RxEventCallback
 .text.UART_DMARxHalfCplt
                0x00000000080093ce       0x20 CMakeFiles/STM32H7_Test.elf.dir/Drivers/STM32H7xx_HAL_Driver/Src/stm32h7xx_hal_uart.c.obj
 .text.UART_DMAReceiveCplt
                0x00000000080093ee       0x90 CMakeFiles/STM32H7_Test.elf.dir/Drivers/STM32H7xx_HAL_Driver/Src/stm32h7xx_hal_uart.c.obj
 *fill*         0x000000000800947e        0x2 
 .text.UART_SetConfig
                0x0000000008009480      0x5f4 CMakeFiles/STM32H7_Test.elf.dir/Drivers/STM32H7xx_HAL_Driver/Src/stm32h7xx_hal_uart.c.obj
                0x0000000008009480                UART_SetConfig
 .text.UART_AdvFeatureConfig
                0x0000000008009a74       0xca CMakeFiles/STM32H7_Test.elf.dir/Drivers/STM32H7xx_HAL_Driver/Src/stm32h7xx_hal_uart.c.obj
                0x0000000008009a74                UART_AdvFeatureConfig
 .text.UART_WaitOnFlagUntilTimeout
                0x0000000008009b3e       0x9a CMakeFiles/STM32H7_Test.elf.dir/Drivers/STM32H7xx_HAL_Driver/Src/stm32h7xx_hal_uart.c.obj
                0x0000000008009b3e                UART_WaitOnFlagUntilTimeout
 .text.HAL_UART_Transmit
                0x0000000008009bd8       0xd0 CMakeFiles/STM32H7_Test.elf.dir/Drivers/STM32H7xx_HAL_Driver/Src/stm32h7xx_hal_uart.c.obj
                0x0000000008009bd8                HAL_UART_Transmit
 .text.UART_CheckIdleState
                0x0000000008009ca8       0xca CMakeFiles/STM32H7_Test.elf.dir/Drivers/STM32H7xx_HAL_Driver/Src/stm32h7xx_hal_uart.c.obj
                0x0000000008009ca8                UART_CheckIdleState
 .text.HAL_UART_Init
                0x0000000008009d72       0x66 CMakeFiles/STM32H7_Test.elf.dir/Drivers/STM32H7xx_HAL_Driver/Src/stm32h7xx_hal_uart.c.obj
                0x0000000008009d72                HAL_UART_Init
 .text.UART_Start_Receive_DMA
                0x0000000008009dd8       0xb0 CMakeFiles/STM32H7_Test.elf.dir/Drivers/STM32H7xx_HAL_Driver/Src/stm32h7xx_hal_uart.c.obj
                0x0000000008009dd8                UART_Start_Receive_DMA
 .text.HAL_UART_Receive_DMA
                0x0000000008009e88       0x4c CMakeFiles/STM32H7_Test.elf.dir/Drivers/STM32H7xx_HAL_Driver/Src/stm32h7xx_hal_uart.c.obj
                0x0000000008009e88                HAL_UART_Receive_DMA
 .text.UARTEx_SetNbDataToProcess
                0x0000000008009ed4       0x4c CMakeFiles/STM32H7_Test.elf.dir/Drivers/STM32H7xx_HAL_Driver/Src/stm32h7xx_hal_uart_ex.c.obj
 .text.HAL_UARTEx_DisableFifoMode
                0x0000000008009f20       0x3e CMakeFiles/STM32H7_Test.elf.dir/Drivers/STM32H7xx_HAL_Driver/Src/stm32h7xx_hal_uart_ex.c.obj
                0x0000000008009f20                HAL_UARTEx_DisableFifoMode
 .text.HAL_UARTEx_SetTxFifoThreshold
                0x0000000008009f5e       0x4a CMakeFiles/STM32H7_Test.elf.dir/Drivers/STM32H7xx_HAL_Driver/Src/stm32h7xx_hal_uart_ex.c.obj
                0x0000000008009f5e                HAL_UARTEx_SetTxFifoThreshold
 .text.HAL_UARTEx_SetRxFifoThreshold
                0x0000000008009fa8       0x4a CMakeFiles/STM32H7_Test.elf.dir/Drivers/STM32H7xx_HAL_Driver/Src/stm32h7xx_hal_uart_ex.c.obj
                0x0000000008009fa8                HAL_UARTEx_SetRxFifoThreshold
 *fill*         0x0000000008009ff2        0x2 
 .text.SDMMC_GetCmdError
                0x0000000008009ff4       0x3c CMakeFiles/STM32H7_Test.elf.dir/Drivers/STM32H7xx_HAL_Driver/Src/stm32h7xx_ll_sdmmc.c.obj
 .text.SDMMC_Init
                0x000000000800a030       0x30 CMakeFiles/STM32H7_Test.elf.dir/Drivers/STM32H7xx_HAL_Driver/Src/stm32h7xx_ll_sdmmc.c.obj
                0x000000000800a030                SDMMC_Init
 .text.SDMMC_ReadFIFO
                0x000000000800a060        0x6 CMakeFiles/STM32H7_Test.elf.dir/Drivers/STM32H7xx_HAL_Driver/Src/stm32h7xx_ll_sdmmc.c.obj
                0x000000000800a060                SDMMC_ReadFIFO
 .text.SDMMC_WriteFIFO
                0x000000000800a066        0xa CMakeFiles/STM32H7_Test.elf.dir/Drivers/STM32H7xx_HAL_Driver/Src/stm32h7xx_ll_sdmmc.c.obj
                0x000000000800a066                SDMMC_WriteFIFO
 .text.SDMMC_PowerState_ON
                0x000000000800a070        0xc CMakeFiles/STM32H7_Test.elf.dir/Drivers/STM32H7xx_HAL_Driver/Src/stm32h7xx_ll_sdmmc.c.obj
                0x000000000800a070                SDMMC_PowerState_ON
 .text.SDMMC_GetPowerState
                0x000000000800a07c        0x8 CMakeFiles/STM32H7_Test.elf.dir/Drivers/STM32H7xx_HAL_Driver/Src/stm32h7xx_ll_sdmmc.c.obj
                0x000000000800a07c                SDMMC_GetPowerState
 .text.SDMMC_SendCommand
                0x000000000800a084       0x24 CMakeFiles/STM32H7_Test.elf.dir/Drivers/STM32H7xx_HAL_Driver/Src/stm32h7xx_ll_sdmmc.c.obj
                0x000000000800a084                SDMMC_SendCommand
 .text.SDMMC_GetCommandResponse
                0x000000000800a0a8        0x6 CMakeFiles/STM32H7_Test.elf.dir/Drivers/STM32H7xx_HAL_Driver/Src/stm32h7xx_ll_sdmmc.c.obj
                0x000000000800a0a8                SDMMC_GetCommandResponse
 .text.SDMMC_GetResponse
                0x000000000800a0ae        0x6 CMakeFiles/STM32H7_Test.elf.dir/Drivers/STM32H7xx_HAL_Driver/Src/stm32h7xx_ll_sdmmc.c.obj
                0x000000000800a0ae                SDMMC_GetResponse
 .text.SDMMC_ConfigData
                0x000000000800a0b4       0x24 CMakeFiles/STM32H7_Test.elf.dir/Drivers/STM32H7xx_HAL_Driver/Src/stm32h7xx_ll_sdmmc.c.obj
                0x000000000800a0b4                SDMMC_ConfigData
 .text.SDMMC_CmdGoIdleState
                0x000000000800a0d8       0x26 CMakeFiles/STM32H7_Test.elf.dir/Drivers/STM32H7xx_HAL_Driver/Src/stm32h7xx_ll_sdmmc.c.obj
                0x000000000800a0d8                SDMMC_CmdGoIdleState
 *fill*         0x000000000800a0fe        0x2 
 .text.SDMMC_GetCmdResp1
                0x000000000800a100      0x160 CMakeFiles/STM32H7_Test.elf.dir/Drivers/STM32H7xx_HAL_Driver/Src/stm32h7xx_ll_sdmmc.c.obj
                0x000000000800a100                SDMMC_GetCmdResp1
 .text.SDMMC_CmdBlockLength
                0x000000000800a260       0x32 CMakeFiles/STM32H7_Test.elf.dir/Drivers/STM32H7xx_HAL_Driver/Src/stm32h7xx_ll_sdmmc.c.obj
                0x000000000800a260                SDMMC_CmdBlockLength
 .text.SDMMC_CmdReadSingleBlock
                0x000000000800a292       0x32 CMakeFiles/STM32H7_Test.elf.dir/Drivers/STM32H7xx_HAL_Driver/Src/stm32h7xx_ll_sdmmc.c.obj
                0x000000000800a292                SDMMC_CmdReadSingleBlock
 .text.SDMMC_CmdReadMultiBlock
                0x000000000800a2c4       0x32 CMakeFiles/STM32H7_Test.elf.dir/Drivers/STM32H7xx_HAL_Driver/Src/stm32h7xx_ll_sdmmc.c.obj
                0x000000000800a2c4                SDMMC_CmdReadMultiBlock
 .text.SDMMC_CmdWriteSingleBlock
                0x000000000800a2f6       0x32 CMakeFiles/STM32H7_Test.elf.dir/Drivers/STM32H7xx_HAL_Driver/Src/stm32h7xx_ll_sdmmc.c.obj
                0x000000000800a2f6                SDMMC_CmdWriteSingleBlock
 .text.SDMMC_CmdWriteMultiBlock
                0x000000000800a328       0x32 CMakeFiles/STM32H7_Test.elf.dir/Drivers/STM32H7xx_HAL_Driver/Src/stm32h7xx_ll_sdmmc.c.obj
                0x000000000800a328                SDMMC_CmdWriteMultiBlock
 *fill*         0x000000000800a35a        0x2 
 .text.SDMMC_CmdStopTransfer
                0x000000000800a35c       0x58 CMakeFiles/STM32H7_Test.elf.dir/Drivers/STM32H7xx_HAL_Driver/Src/stm32h7xx_ll_sdmmc.c.obj
                0x000000000800a35c                SDMMC_CmdStopTransfer
 .text.SDMMC_CmdSelDesel
                0x000000000800a3b4       0x32 CMakeFiles/STM32H7_Test.elf.dir/Drivers/STM32H7xx_HAL_Driver/Src/stm32h7xx_ll_sdmmc.c.obj
                0x000000000800a3b4                SDMMC_CmdSelDesel
 .text.SDMMC_CmdAppCommand
                0x000000000800a3e6       0x32 CMakeFiles/STM32H7_Test.elf.dir/Drivers/STM32H7xx_HAL_Driver/Src/stm32h7xx_ll_sdmmc.c.obj
                0x000000000800a3e6                SDMMC_CmdAppCommand
 .text.SDMMC_CmdBusWidth
                0x000000000800a418       0x32 CMakeFiles/STM32H7_Test.elf.dir/Drivers/STM32H7xx_HAL_Driver/Src/stm32h7xx_ll_sdmmc.c.obj
                0x000000000800a418                SDMMC_CmdBusWidth
 .text.SDMMC_CmdSendSCR
                0x000000000800a44a       0x32 CMakeFiles/STM32H7_Test.elf.dir/Drivers/STM32H7xx_HAL_Driver/Src/stm32h7xx_ll_sdmmc.c.obj
                0x000000000800a44a                SDMMC_CmdSendSCR
 .text.SDMMC_CmdSendStatus
                0x000000000800a47c       0x32 CMakeFiles/STM32H7_Test.elf.dir/Drivers/STM32H7xx_HAL_Driver/Src/stm32h7xx_ll_sdmmc.c.obj
                0x000000000800a47c                SDMMC_CmdSendStatus
 .text.SDMMC_CmdStatusRegister
                0x000000000800a4ae       0x32 CMakeFiles/STM32H7_Test.elf.dir/Drivers/STM32H7xx_HAL_Driver/Src/stm32h7xx_ll_sdmmc.c.obj
                0x000000000800a4ae                SDMMC_CmdStatusRegister
 .text.SDMMC_GetCmdResp2
                0x000000000800a4e0       0x60 CMakeFiles/STM32H7_Test.elf.dir/Drivers/STM32H7xx_HAL_Driver/Src/stm32h7xx_ll_sdmmc.c.obj
                0x000000000800a4e0                SDMMC_GetCmdResp2
 .text.SDMMC_CmdSendCID
                0x000000000800a540       0x2c CMakeFiles/STM32H7_Test.elf.dir/Drivers/STM32H7xx_HAL_Driver/Src/stm32h7xx_ll_sdmmc.c.obj
                0x000000000800a540                SDMMC_CmdSendCID
 .text.SDMMC_CmdSendCSD
                0x000000000800a56c       0x2c CMakeFiles/STM32H7_Test.elf.dir/Drivers/STM32H7xx_HAL_Driver/Src/stm32h7xx_ll_sdmmc.c.obj
                0x000000000800a56c                SDMMC_CmdSendCSD
 .text.SDMMC_GetCmdResp3
                0x000000000800a598       0x50 CMakeFiles/STM32H7_Test.elf.dir/Drivers/STM32H7xx_HAL_Driver/Src/stm32h7xx_ll_sdmmc.c.obj
                0x000000000800a598                SDMMC_GetCmdResp3
 .text.SDMMC_CmdAppOperCommand
                0x000000000800a5e8       0x2c CMakeFiles/STM32H7_Test.elf.dir/Drivers/STM32H7xx_HAL_Driver/Src/stm32h7xx_ll_sdmmc.c.obj
                0x000000000800a5e8                SDMMC_CmdAppOperCommand
 .text.SDMMC_GetCmdResp6
                0x000000000800a614       0xa4 CMakeFiles/STM32H7_Test.elf.dir/Drivers/STM32H7xx_HAL_Driver/Src/stm32h7xx_ll_sdmmc.c.obj
                0x000000000800a614                SDMMC_GetCmdResp6
 .text.SDMMC_CmdSetRelAdd
                0x000000000800a6b8       0x32 CMakeFiles/STM32H7_Test.elf.dir/Drivers/STM32H7xx_HAL_Driver/Src/stm32h7xx_ll_sdmmc.c.obj
                0x000000000800a6b8                SDMMC_CmdSetRelAdd
 *fill*         0x000000000800a6ea        0x2 
 .text.SDMMC_GetCmdResp7
                0x000000000800a6ec       0x64 CMakeFiles/STM32H7_Test.elf.dir/Drivers/STM32H7xx_HAL_Driver/Src/stm32h7xx_ll_sdmmc.c.obj
                0x000000000800a6ec                SDMMC_GetCmdResp7
 .text.SDMMC_CmdOperCond
                0x000000000800a750       0x30 CMakeFiles/STM32H7_Test.elf.dir/Drivers/STM32H7xx_HAL_Driver/Src/stm32h7xx_ll_sdmmc.c.obj
                0x000000000800a750                SDMMC_CmdOperCond
 .text.MX_FATFS_Init
                0x000000000800a780       0x1c CMakeFiles/STM32H7_Test.elf.dir/FATFS/App/fatfs.c.obj
                0x000000000800a780                MX_FATFS_Init
 .text.BSP_SD_ReadBlocks_DMA
                0x000000000800a79c       0x18 CMakeFiles/STM32H7_Test.elf.dir/FATFS/Target/bsp_driver_sd.c.obj
                0x000000000800a79c                BSP_SD_ReadBlocks_DMA
 .text.BSP_SD_WriteBlocks_DMA
                0x000000000800a7b4       0x18 CMakeFiles/STM32H7_Test.elf.dir/FATFS/Target/bsp_driver_sd.c.obj
                0x000000000800a7b4                BSP_SD_WriteBlocks_DMA
 .text.BSP_SD_GetCardState
                0x000000000800a7cc       0x14 CMakeFiles/STM32H7_Test.elf.dir/FATFS/Target/bsp_driver_sd.c.obj
                0x000000000800a7cc                BSP_SD_GetCardState
 .text.BSP_SD_GetCardInfo
                0x000000000800a7e0       0x10 CMakeFiles/STM32H7_Test.elf.dir/FATFS/Target/bsp_driver_sd.c.obj
                0x000000000800a7e0                BSP_SD_GetCardInfo
 .text.HAL_SD_TxCpltCallback
                0x000000000800a7f0        0x8 CMakeFiles/STM32H7_Test.elf.dir/FATFS/Target/bsp_driver_sd.c.obj
                0x000000000800a7f0                HAL_SD_TxCpltCallback
 .text.HAL_SD_RxCpltCallback
                0x000000000800a7f8        0x8 CMakeFiles/STM32H7_Test.elf.dir/FATFS/Target/bsp_driver_sd.c.obj
                0x000000000800a7f8                HAL_SD_RxCpltCallback
 .text.BSP_SD_IsDetected
                0x000000000800a800       0x20 CMakeFiles/STM32H7_Test.elf.dir/FATFS/Target/bsp_driver_sd.c.obj
                0x000000000800a800                BSP_SD_IsDetected
 .text.BSP_SD_Init
                0x000000000800a820       0x34 CMakeFiles/STM32H7_Test.elf.dir/FATFS/Target/bsp_driver_sd.c.obj
                0x000000000800a820                BSP_SD_Init
 .text.BSP_PlatformIsDetected
                0x000000000800a854       0x18 CMakeFiles/STM32H7_Test.elf.dir/FATFS/Target/fatfs_platform.c.obj
                0x000000000800a854                BSP_PlatformIsDetected
 .text.SD_CheckStatus
                0x000000000800a86c       0x24 CMakeFiles/STM32H7_Test.elf.dir/FATFS/Target/sd_diskio.c.obj
 .text.SD_initialize
                0x000000000800a890       0x74 CMakeFiles/STM32H7_Test.elf.dir/FATFS/Target/sd_diskio.c.obj
                0x000000000800a890                SD_initialize
 .text.SD_status
                0x000000000800a904        0x8 CMakeFiles/STM32H7_Test.elf.dir/FATFS/Target/sd_diskio.c.obj
                0x000000000800a904                SD_status
 .text.SD_CheckStatusWithTimeout
                0x000000000800a90c       0x26 CMakeFiles/STM32H7_Test.elf.dir/FATFS/Target/sd_diskio.c.obj
 *fill*         0x000000000800a932        0x2 
 .text.SD_read  0x000000000800a934       0x74 CMakeFiles/STM32H7_Test.elf.dir/FATFS/Target/sd_diskio.c.obj
                0x000000000800a934                SD_read
 .text.SD_write
                0x000000000800a9a8       0x74 CMakeFiles/STM32H7_Test.elf.dir/FATFS/Target/sd_diskio.c.obj
                0x000000000800a9a8                SD_write
 .text.SD_ioctl
                0x000000000800aa1c       0x58 CMakeFiles/STM32H7_Test.elf.dir/FATFS/Target/sd_diskio.c.obj
                0x000000000800aa1c                SD_ioctl
 .text.BSP_SD_WriteCpltCallback
                0x000000000800aa74       0x14 CMakeFiles/STM32H7_Test.elf.dir/FATFS/Target/sd_diskio.c.obj
                0x000000000800aa74                BSP_SD_WriteCpltCallback
 .text.BSP_SD_ReadCpltCallback
                0x000000000800aa88       0x14 CMakeFiles/STM32H7_Test.elf.dir/FATFS/Target/sd_diskio.c.obj
                0x000000000800aa88                BSP_SD_ReadCpltCallback
 .text.FATFS_LinkDriverEx
                0x000000000800aa9c       0x54 CMakeFiles/STM32H7_Test.elf.dir/Middlewares/Third_Party/FatFs/src/ff_gen_drv.c.obj
                0x000000000800aa9c                FATFS_LinkDriverEx
 .text.FATFS_LinkDriver
                0x000000000800aaf0        0xa CMakeFiles/STM32H7_Test.elf.dir/Middlewares/Third_Party/FatFs/src/ff_gen_drv.c.obj
                0x000000000800aaf0                FATFS_LinkDriver
 .text.makeFreeRtosPriority
                0x000000000800aafa        0xc CMakeFiles/STM32H7_Test.elf.dir/Middlewares/Third_Party/FreeRTOS/Source/CMSIS_RTOS/cmsis_os.c.obj
 .text.inHandlerMode
                0x000000000800ab06        0xc CMakeFiles/STM32H7_Test.elf.dir/Middlewares/Third_Party/FreeRTOS/Source/CMSIS_RTOS/cmsis_os.c.obj
 .text.osKernelStart
                0x000000000800ab12        0xa CMakeFiles/STM32H7_Test.elf.dir/Middlewares/Third_Party/FreeRTOS/Source/CMSIS_RTOS/cmsis_os.c.obj
                0x000000000800ab12                osKernelStart
 .text.osKernelRunning
                0x000000000800ab1c       0x12 CMakeFiles/STM32H7_Test.elf.dir/Middlewares/Third_Party/FreeRTOS/Source/CMSIS_RTOS/cmsis_os.c.obj
                0x000000000800ab1c                osKernelRunning
 .text.osKernelSysTick
                0x000000000800ab2e       0x14 CMakeFiles/STM32H7_Test.elf.dir/Middlewares/Third_Party/FreeRTOS/Source/CMSIS_RTOS/cmsis_os.c.obj
                0x000000000800ab2e                osKernelSysTick
 .text.osThreadCreate
                0x000000000800ab42       0x6a CMakeFiles/STM32H7_Test.elf.dir/Middlewares/Third_Party/FreeRTOS/Source/CMSIS_RTOS/cmsis_os.c.obj
                0x000000000800ab42                osThreadCreate
 .text.osDelay  0x000000000800abac        0xe CMakeFiles/STM32H7_Test.elf.dir/Middlewares/Third_Party/FreeRTOS/Source/CMSIS_RTOS/cmsis_os.c.obj
                0x000000000800abac                osDelay
 .text.osMutexCreate
                0x000000000800abba       0x16 CMakeFiles/STM32H7_Test.elf.dir/Middlewares/Third_Party/FreeRTOS/Source/CMSIS_RTOS/cmsis_os.c.obj
                0x000000000800abba                osMutexCreate
 .text.osMutexWait
                0x000000000800abd0       0x60 CMakeFiles/STM32H7_Test.elf.dir/Middlewares/Third_Party/FreeRTOS/Source/CMSIS_RTOS/cmsis_os.c.obj
                0x000000000800abd0                osMutexWait
 .text.osMutexRelease
                0x000000000800ac30       0x5a CMakeFiles/STM32H7_Test.elf.dir/Middlewares/Third_Party/FreeRTOS/Source/CMSIS_RTOS/cmsis_os.c.obj
                0x000000000800ac30                osMutexRelease
 .text.osPoolCreate
                0x000000000800ac8a       0x6c CMakeFiles/STM32H7_Test.elf.dir/Middlewares/Third_Party/FreeRTOS/Source/CMSIS_RTOS/cmsis_os.c.obj
                0x000000000800ac8a                osPoolCreate
 .text.osPoolAlloc
                0x000000000800acf6       0x6e CMakeFiles/STM32H7_Test.elf.dir/Middlewares/Third_Party/FreeRTOS/Source/CMSIS_RTOS/cmsis_os.c.obj
                0x000000000800acf6                osPoolAlloc
 .text.osMessageCreate
                0x000000000800ad64       0x2a CMakeFiles/STM32H7_Test.elf.dir/Middlewares/Third_Party/FreeRTOS/Source/CMSIS_RTOS/cmsis_os.c.obj
                0x000000000800ad64                osMessageCreate
 .text.osMessagePut
                0x000000000800ad8e       0x66 CMakeFiles/STM32H7_Test.elf.dir/Middlewares/Third_Party/FreeRTOS/Source/CMSIS_RTOS/cmsis_os.c.obj
                0x000000000800ad8e                osMessagePut
 .text.osMessageGet
                0x000000000800adf4       0x88 CMakeFiles/STM32H7_Test.elf.dir/Middlewares/Third_Party/FreeRTOS/Source/CMSIS_RTOS/cmsis_os.c.obj
                0x000000000800adf4                osMessageGet
 .text.vListInitialise
                0x000000000800ae7c       0x16 CMakeFiles/STM32H7_Test.elf.dir/Middlewares/Third_Party/FreeRTOS/Source/list.c.obj
                0x000000000800ae7c                vListInitialise
 .text.vListInitialiseItem
                0x000000000800ae92        0x6 CMakeFiles/STM32H7_Test.elf.dir/Middlewares/Third_Party/FreeRTOS/Source/list.c.obj
                0x000000000800ae92                vListInitialiseItem
 .text.vListInsertEnd
                0x000000000800ae98       0x16 CMakeFiles/STM32H7_Test.elf.dir/Middlewares/Third_Party/FreeRTOS/Source/list.c.obj
                0x000000000800ae98                vListInsertEnd
 .text.vListInsert
                0x000000000800aeae       0x32 CMakeFiles/STM32H7_Test.elf.dir/Middlewares/Third_Party/FreeRTOS/Source/list.c.obj
                0x000000000800aeae                vListInsert
 .text.uxListRemove
                0x000000000800aee0       0x26 CMakeFiles/STM32H7_Test.elf.dir/Middlewares/Third_Party/FreeRTOS/Source/list.c.obj
                0x000000000800aee0                uxListRemove
 *fill*         0x000000000800af06        0x2 
 .text.prvTaskExitError
                0x000000000800af08       0x40 CMakeFiles/STM32H7_Test.elf.dir/Middlewares/Third_Party/FreeRTOS/Source/portable/GCC/ARM_CM4F/port.c.obj
 .text.prvPortStartFirstTask
                0x000000000800af48       0x28 CMakeFiles/STM32H7_Test.elf.dir/Middlewares/Third_Party/FreeRTOS/Source/portable/GCC/ARM_CM4F/port.c.obj
 .text.vPortEnableVFP
                0x000000000800af70       0x14 CMakeFiles/STM32H7_Test.elf.dir/Middlewares/Third_Party/FreeRTOS/Source/portable/GCC/ARM_CM4F/port.c.obj
 .text.pxPortInitialiseStack
                0x000000000800af84       0x2c CMakeFiles/STM32H7_Test.elf.dir/Middlewares/Third_Party/FreeRTOS/Source/portable/GCC/ARM_CM4F/port.c.obj
                0x000000000800af84                pxPortInitialiseStack
 .text.SVC_Handler
                0x000000000800afb0       0x24 CMakeFiles/STM32H7_Test.elf.dir/Middlewares/Third_Party/FreeRTOS/Source/portable/GCC/ARM_CM4F/port.c.obj
                0x000000000800afb0                SVC_Handler
 .text.vPortEnterCritical
                0x000000000800afd4       0x44 CMakeFiles/STM32H7_Test.elf.dir/Middlewares/Third_Party/FreeRTOS/Source/portable/GCC/ARM_CM4F/port.c.obj
                0x000000000800afd4                vPortEnterCritical
 .text.vPortExitCritical
                0x000000000800b018       0x2c CMakeFiles/STM32H7_Test.elf.dir/Middlewares/Third_Party/FreeRTOS/Source/portable/GCC/ARM_CM4F/port.c.obj
                0x000000000800b018                vPortExitCritical
 *fill*         0x000000000800b044        0xc 
 .text.PendSV_Handler
                0x000000000800b050       0x64 CMakeFiles/STM32H7_Test.elf.dir/Middlewares/Third_Party/FreeRTOS/Source/portable/GCC/ARM_CM4F/port.c.obj
                0x000000000800b050                PendSV_Handler
 .text.xPortSysTickHandler
                0x000000000800b0b4       0x2c CMakeFiles/STM32H7_Test.elf.dir/Middlewares/Third_Party/FreeRTOS/Source/portable/GCC/ARM_CM4F/port.c.obj
                0x000000000800b0b4                xPortSysTickHandler
 .text.vPortSetupTimerInterrupt
                0x000000000800b0e0       0x28 CMakeFiles/STM32H7_Test.elf.dir/Middlewares/Third_Party/FreeRTOS/Source/portable/GCC/ARM_CM4F/port.c.obj
                0x000000000800b0e0                vPortSetupTimerInterrupt
 .text.xPortStartScheduler
                0x000000000800b108      0x118 CMakeFiles/STM32H7_Test.elf.dir/Middlewares/Third_Party/FreeRTOS/Source/portable/GCC/ARM_CM4F/port.c.obj
                0x000000000800b108                xPortStartScheduler
 .text.vPortValidateInterruptPriority
                0x000000000800b220       0x5c CMakeFiles/STM32H7_Test.elf.dir/Middlewares/Third_Party/FreeRTOS/Source/portable/GCC/ARM_CM4F/port.c.obj
                0x000000000800b220                vPortValidateInterruptPriority
 .text.prvHeapInit
                0x000000000800b27c       0x64 CMakeFiles/STM32H7_Test.elf.dir/Middlewares/Third_Party/FreeRTOS/Source/portable/MemMang/heap_4.c.obj
 .text.prvInsertBlockIntoFreeList
                0x000000000800b2e0       0x64 CMakeFiles/STM32H7_Test.elf.dir/Middlewares/Third_Party/FreeRTOS/Source/portable/MemMang/heap_4.c.obj
 .text.pvPortMalloc
                0x000000000800b344       0xfc CMakeFiles/STM32H7_Test.elf.dir/Middlewares/Third_Party/FreeRTOS/Source/portable/MemMang/heap_4.c.obj
                0x000000000800b344                pvPortMalloc
 .text.vPortFree
                0x000000000800b440       0x7c CMakeFiles/STM32H7_Test.elf.dir/Middlewares/Third_Party/FreeRTOS/Source/portable/MemMang/heap_4.c.obj
                0x000000000800b440                vPortFree
 .text.prvGetDisinheritPriorityAfterTimeout
                0x000000000800b4bc       0x10 CMakeFiles/STM32H7_Test.elf.dir/Middlewares/Third_Party/FreeRTOS/Source/queue.c.obj
 .text.prvIsQueueFull
                0x000000000800b4cc       0x1e CMakeFiles/STM32H7_Test.elf.dir/Middlewares/Third_Party/FreeRTOS/Source/queue.c.obj
 .text.prvIsQueueEmpty
                0x000000000800b4ea       0x1a CMakeFiles/STM32H7_Test.elf.dir/Middlewares/Third_Party/FreeRTOS/Source/queue.c.obj
 .text.prvCopyDataToQueue
                0x000000000800b504       0x76 CMakeFiles/STM32H7_Test.elf.dir/Middlewares/Third_Party/FreeRTOS/Source/queue.c.obj
 .text.prvCopyDataFromQueue
                0x000000000800b57a       0x24 CMakeFiles/STM32H7_Test.elf.dir/Middlewares/Third_Party/FreeRTOS/Source/queue.c.obj
 .text.prvUnlockQueue
                0x000000000800b59e       0x6e CMakeFiles/STM32H7_Test.elf.dir/Middlewares/Third_Party/FreeRTOS/Source/queue.c.obj
 .text.xQueueGenericReset
                0x000000000800b60c       0x84 CMakeFiles/STM32H7_Test.elf.dir/Middlewares/Third_Party/FreeRTOS/Source/queue.c.obj
                0x000000000800b60c                xQueueGenericReset
 .text.prvInitialiseNewQueue
                0x000000000800b690       0x1c CMakeFiles/STM32H7_Test.elf.dir/Middlewares/Third_Party/FreeRTOS/Source/queue.c.obj
 .text.xQueueGenericCreateStatic
                0x000000000800b6ac       0xa6 CMakeFiles/STM32H7_Test.elf.dir/Middlewares/Third_Party/FreeRTOS/Source/queue.c.obj
                0x000000000800b6ac                xQueueGenericCreateStatic
 .text.xQueueGenericCreate
                0x000000000800b752       0x48 CMakeFiles/STM32H7_Test.elf.dir/Middlewares/Third_Party/FreeRTOS/Source/queue.c.obj
                0x000000000800b752                xQueueGenericCreate
 .text.xQueueGenericSend
                0x000000000800b79a      0x188 CMakeFiles/STM32H7_Test.elf.dir/Middlewares/Third_Party/FreeRTOS/Source/queue.c.obj
                0x000000000800b79a                xQueueGenericSend
 .text.prvInitialiseMutex
                0x000000000800b922       0x18 CMakeFiles/STM32H7_Test.elf.dir/Middlewares/Third_Party/FreeRTOS/Source/queue.c.obj
 .text.xQueueCreateMutex
                0x000000000800b93a       0x16 CMakeFiles/STM32H7_Test.elf.dir/Middlewares/Third_Party/FreeRTOS/Source/queue.c.obj
                0x000000000800b93a                xQueueCreateMutex
 .text.xQueueCreateMutexStatic
                0x000000000800b950       0x1e CMakeFiles/STM32H7_Test.elf.dir/Middlewares/Third_Party/FreeRTOS/Source/queue.c.obj
                0x000000000800b950                xQueueCreateMutexStatic
 .text.xQueueGenericSendFromISR
                0x000000000800b96e       0xce CMakeFiles/STM32H7_Test.elf.dir/Middlewares/Third_Party/FreeRTOS/Source/queue.c.obj
                0x000000000800b96e                xQueueGenericSendFromISR
 .text.xQueueGiveFromISR
                0x000000000800ba3c       0xb2 CMakeFiles/STM32H7_Test.elf.dir/Middlewares/Third_Party/FreeRTOS/Source/queue.c.obj
                0x000000000800ba3c                xQueueGiveFromISR
 .text.xQueueReceive
                0x000000000800baee      0x15e CMakeFiles/STM32H7_Test.elf.dir/Middlewares/Third_Party/FreeRTOS/Source/queue.c.obj
                0x000000000800baee                xQueueReceive
 .text.xQueueSemaphoreTake
                0x000000000800bc4c      0x1a6 CMakeFiles/STM32H7_Test.elf.dir/Middlewares/Third_Party/FreeRTOS/Source/queue.c.obj
                0x000000000800bc4c                xQueueSemaphoreTake
 .text.xQueueReceiveFromISR
                0x000000000800bdf2       0xa8 CMakeFiles/STM32H7_Test.elf.dir/Middlewares/Third_Party/FreeRTOS/Source/queue.c.obj
                0x000000000800bdf2                xQueueReceiveFromISR
 *fill*         0x000000000800be9a        0x2 
 .text.prvResetNextTaskUnblockTime
                0x000000000800be9c       0x2c CMakeFiles/STM32H7_Test.elf.dir/Middlewares/Third_Party/FreeRTOS/Source/tasks.c.obj
 .text.prvInitialiseNewTask
                0x000000000800bec8       0xfe CMakeFiles/STM32H7_Test.elf.dir/Middlewares/Third_Party/FreeRTOS/Source/tasks.c.obj
 *fill*         0x000000000800bfc6        0x2 
 .text.prvInitialiseTaskLists
                0x000000000800bfc8       0x68 CMakeFiles/STM32H7_Test.elf.dir/Middlewares/Third_Party/FreeRTOS/Source/tasks.c.obj
 .text.prvAddNewTaskToReadyList
                0x000000000800c030       0xa8 CMakeFiles/STM32H7_Test.elf.dir/Middlewares/Third_Party/FreeRTOS/Source/tasks.c.obj
 .text.prvDeleteTCB
                0x000000000800c0d8       0x40 CMakeFiles/STM32H7_Test.elf.dir/Middlewares/Third_Party/FreeRTOS/Source/tasks.c.obj
 .text.prvCheckTasksWaitingTermination
                0x000000000800c118       0x4c CMakeFiles/STM32H7_Test.elf.dir/Middlewares/Third_Party/FreeRTOS/Source/tasks.c.obj
 .text.prvIdleTask
                0x000000000800c164       0x28 CMakeFiles/STM32H7_Test.elf.dir/Middlewares/Third_Party/FreeRTOS/Source/tasks.c.obj
 .text.prvAddCurrentTaskToDelayedList
                0x000000000800c18c       0xa0 CMakeFiles/STM32H7_Test.elf.dir/Middlewares/Third_Party/FreeRTOS/Source/tasks.c.obj
 .text.xTaskCreateStatic
                0x000000000800c22c       0x7a CMakeFiles/STM32H7_Test.elf.dir/Middlewares/Third_Party/FreeRTOS/Source/tasks.c.obj
                0x000000000800c22c                xTaskCreateStatic
 .text.xTaskCreate
                0x000000000800c2a6       0x6a CMakeFiles/STM32H7_Test.elf.dir/Middlewares/Third_Party/FreeRTOS/Source/tasks.c.obj
                0x000000000800c2a6                xTaskCreate
 .text.vTaskStartScheduler
                0x000000000800c310       0x84 CMakeFiles/STM32H7_Test.elf.dir/Middlewares/Third_Party/FreeRTOS/Source/tasks.c.obj
                0x000000000800c310                vTaskStartScheduler
 .text.vTaskSuspendAll
                0x000000000800c394       0x10 CMakeFiles/STM32H7_Test.elf.dir/Middlewares/Third_Party/FreeRTOS/Source/tasks.c.obj
                0x000000000800c394                vTaskSuspendAll
 .text.xTaskGetTickCount
                0x000000000800c3a4        0xc CMakeFiles/STM32H7_Test.elf.dir/Middlewares/Third_Party/FreeRTOS/Source/tasks.c.obj
                0x000000000800c3a4                xTaskGetTickCount
 .text.xTaskGetTickCountFromISR
                0x000000000800c3b0       0x10 CMakeFiles/STM32H7_Test.elf.dir/Middlewares/Third_Party/FreeRTOS/Source/tasks.c.obj
                0x000000000800c3b0                xTaskGetTickCountFromISR
 .text.xTaskIncrementTick
                0x000000000800c3c0      0x12c CMakeFiles/STM32H7_Test.elf.dir/Middlewares/Third_Party/FreeRTOS/Source/tasks.c.obj
                0x000000000800c3c0                xTaskIncrementTick
 .text.xTaskResumeAll
                0x000000000800c4ec       0xf8 CMakeFiles/STM32H7_Test.elf.dir/Middlewares/Third_Party/FreeRTOS/Source/tasks.c.obj
                0x000000000800c4ec                xTaskResumeAll
 .text.vTaskDelay
                0x000000000800c5e4       0x4c CMakeFiles/STM32H7_Test.elf.dir/Middlewares/Third_Party/FreeRTOS/Source/tasks.c.obj
                0x000000000800c5e4                vTaskDelay
 .text.vTaskSwitchContext
                0x000000000800c630       0xa4 CMakeFiles/STM32H7_Test.elf.dir/Middlewares/Third_Party/FreeRTOS/Source/tasks.c.obj
                0x000000000800c630                vTaskSwitchContext
 .text.vTaskPlaceOnEventList
                0x000000000800c6d4       0x30 CMakeFiles/STM32H7_Test.elf.dir/Middlewares/Third_Party/FreeRTOS/Source/tasks.c.obj
                0x000000000800c6d4                vTaskPlaceOnEventList
 .text.xTaskRemoveFromEventList
                0x000000000800c704       0x8c CMakeFiles/STM32H7_Test.elf.dir/Middlewares/Third_Party/FreeRTOS/Source/tasks.c.obj
                0x000000000800c704                xTaskRemoveFromEventList
 .text.vTaskInternalSetTimeOutState
                0x000000000800c790       0x18 CMakeFiles/STM32H7_Test.elf.dir/Middlewares/Third_Party/FreeRTOS/Source/tasks.c.obj
                0x000000000800c790                vTaskInternalSetTimeOutState
 .text.xTaskCheckForTimeOut
                0x000000000800c7a8       0x84 CMakeFiles/STM32H7_Test.elf.dir/Middlewares/Third_Party/FreeRTOS/Source/tasks.c.obj
                0x000000000800c7a8                xTaskCheckForTimeOut
 .text.vTaskMissedYield
                0x000000000800c82c        0xc CMakeFiles/STM32H7_Test.elf.dir/Middlewares/Third_Party/FreeRTOS/Source/tasks.c.obj
                0x000000000800c82c                vTaskMissedYield
 .text.xTaskGetSchedulerState
                0x000000000800c838       0x20 CMakeFiles/STM32H7_Test.elf.dir/Middlewares/Third_Party/FreeRTOS/Source/tasks.c.obj
                0x000000000800c838                xTaskGetSchedulerState
 .text.xTaskPriorityInherit
                0x000000000800c858       0xac CMakeFiles/STM32H7_Test.elf.dir/Middlewares/Third_Party/FreeRTOS/Source/tasks.c.obj
                0x000000000800c858                xTaskPriorityInherit
 .text.xTaskPriorityDisinherit
                0x000000000800c904       0xb4 CMakeFiles/STM32H7_Test.elf.dir/Middlewares/Third_Party/FreeRTOS/Source/tasks.c.obj
                0x000000000800c904                xTaskPriorityDisinherit
 .text.vTaskPriorityDisinheritAfterTimeout
                0x000000000800c9b8       0xb4 CMakeFiles/STM32H7_Test.elf.dir/Middlewares/Third_Party/FreeRTOS/Source/tasks.c.obj
                0x000000000800c9b8                vTaskPriorityDisinheritAfterTimeout
 .text.pvTaskIncrementMutexHeldCount
                0x000000000800ca6c       0x1c CMakeFiles/STM32H7_Test.elf.dir/Middlewares/Third_Party/FreeRTOS/Source/tasks.c.obj
                0x000000000800ca6c                pvTaskIncrementMutexHeldCount
 .text.GT911_INT_EXIT
                0x000000000800ca88       0x2c CMakeFiles/STM32H7_Test.elf.dir/UserApp/GT911/CTIIC.c.obj
                0x000000000800ca88                GT911_INT_EXIT
 .text.GT911_INT_Input
                0x000000000800cab4       0x28 CMakeFiles/STM32H7_Test.elf.dir/UserApp/GT911/CTIIC.c.obj
                0x000000000800cab4                GT911_INT_Input
 .text.GT911_INT_Output
                0x000000000800cadc       0x2c CMakeFiles/STM32H7_Test.elf.dir/UserApp/GT911/CTIIC.c.obj
                0x000000000800cadc                GT911_INT_Output
 .text.GT911_RST_Control
                0x000000000800cb08       0x20 CMakeFiles/STM32H7_Test.elf.dir/UserApp/GT911/CTIIC.c.obj
                0x000000000800cb08                GT911_RST_Control
 .text.GT911_INT_Control
                0x000000000800cb28       0x20 CMakeFiles/STM32H7_Test.elf.dir/UserApp/GT911/CTIIC.c.obj
                0x000000000800cb28                GT911_INT_Control
 .text.GT911_Delay
                0x000000000800cb48        0x8 CMakeFiles/STM32H7_Test.elf.dir/UserApp/GT911/CTIIC.c.obj
                0x000000000800cb48                GT911_Delay
 .text.GT911_I2C_Write
                0x000000000800cb50       0x40 CMakeFiles/STM32H7_Test.elf.dir/UserApp/GT911/CTIIC.c.obj
                0x000000000800cb50                GT911_I2C_Write
 .text.GT911_I2C_Read
                0x000000000800cb90       0x40 CMakeFiles/STM32H7_Test.elf.dir/UserApp/GT911/CTIIC.c.obj
                0x000000000800cb90                GT911_I2C_Read