Archive member included to satisfy reference by file (symbol)

d:/armcomplier/gcc-arm-none-eabi-10-2020-q4-major/bin/../lib/gcc/arm-none-eabi/10.2.1/thumb/v7e-m+fp/hard\libgcc.a(_arm_muldf3.o)
                              CMakeFiles/STM32H7_Ti.elf.dir/UserApp/Filter/Filter.c.obj (__aeabi_dmul)
d:/armcomplier/gcc-arm-none-eabi-10-2020-q4-major/bin/../lib/gcc/arm-none-eabi/10.2.1/thumb/v7e-m+fp/hard\libgcc.a(_arm_addsubdf3.o)
                              CMakeFiles/STM32H7_Ti.elf.dir/UserApp/Filter/Filter.c.obj (__aeabi_dsub)
d:/armcomplier/gcc-arm-none-eabi-10-2020-q4-major/bin/../lib/gcc/arm-none-eabi/10.2.1/thumb/v7e-m+fp/hard\libgcc.a(_arm_muldivdf3.o)
                              CMakeFiles/STM32H7_Ti.elf.dir/UserApp/MPU6050/mpu6050.c.obj (__aeabi_ddiv)
d:/armcomplier/gcc-arm-none-eabi-10-2020-q4-major/bin/../lib/gcc/arm-none-eabi/10.2.1/thumb/v7e-m+fp/hard\libgcc.a(_arm_cmpdf2.o)
                              CMakeFiles/STM32H7_Ti.elf.dir/UserApp/cJson/cJSON.c.obj (__aeabi_dcmpeq)
d:/armcomplier/gcc-arm-none-eabi-10-2020-q4-major/bin/../lib/gcc/arm-none-eabi/10.2.1/thumb/v7e-m+fp/hard\libgcc.a(_arm_fixdfsi.o)
                              CMakeFiles/STM32H7_Ti.elf.dir/UserApp/cJson/cJSON.c.obj (__aeabi_d2iz)
d:/armcomplier/gcc-arm-none-eabi-10-2020-q4-major/bin/../lib/gcc/arm-none-eabi/10.2.1/thumb/v7e-m+fp/hard\libgcc.a(_arm_truncdfsf2.o)
                              CMakeFiles/STM32H7_Ti.elf.dir/UserApp/Filter/Filter.c.obj (__aeabi_d2f)
d:/armcomplier/gcc-arm-none-eabi-10-2020-q4-major/bin/../lib/gcc/arm-none-eabi/10.2.1/thumb/v7e-m+fp/hard\libgcc.a(_aeabi_ldivmod.o)
                              CMakeFiles/STM32H7_Ti.elf.dir/UserApp/MPU6050/eMPL/inv_mpu.c.obj (__aeabi_ldivmod)
d:/armcomplier/gcc-arm-none-eabi-10-2020-q4-major/bin/../lib/gcc/arm-none-eabi/10.2.1/thumb/v7e-m+fp/hard\libgcc.a(_aeabi_uldivmod.o)
                              CMakeFiles/STM32H7_Ti.elf.dir/Drivers/STM32H7xx_HAL_Driver/Src/stm32h7xx_hal_uart.c.obj (__aeabi_uldivmod)
d:/armcomplier/gcc-arm-none-eabi-10-2020-q4-major/bin/../lib/gcc/arm-none-eabi/10.2.1/thumb/v7e-m+fp/hard\libgcc.a(_udivmoddi4.o)
                              d:/armcomplier/gcc-arm-none-eabi-10-2020-q4-major/bin/../lib/gcc/arm-none-eabi/10.2.1/thumb/v7e-m+fp/hard\libgcc.a(_aeabi_ldivmod.o) (__udivmoddi4)
d:/armcomplier/gcc-arm-none-eabi-10-2020-q4-major/bin/../lib/gcc/arm-none-eabi/10.2.1/thumb/v7e-m+fp/hard\libgcc.a(_dvmd_tls.o)
                              d:/armcomplier/gcc-arm-none-eabi-10-2020-q4-major/bin/../lib/gcc/arm-none-eabi/10.2.1/thumb/v7e-m+fp/hard\libgcc.a(_aeabi_ldivmod.o) (__aeabi_ldiv0)
d:/armcomplier/gcc-arm-none-eabi-10-2020-q4-major/bin/../lib/gcc/arm-none-eabi/10.2.1/../../../../arm-none-eabi/lib/thumb/v7e-m+fp/hard\libg.a(lib_a-atof.o)
                              CMakeFiles/STM32H7_Ti.elf.dir/UserApp/retarget.c.obj (atof)
d:/armcomplier/gcc-arm-none-eabi-10-2020-q4-major/bin/../lib/gcc/arm-none-eabi/10.2.1/../../../../arm-none-eabi/lib/thumb/v7e-m+fp/hard\libg.a(lib_a-ctype_.o)
                              CMakeFiles/STM32H7_Ti.elf.dir/UserApp/cJson/cJSON.c.obj (_ctype_)
d:/armcomplier/gcc-arm-none-eabi-10-2020-q4-major/bin/../lib/gcc/arm-none-eabi/10.2.1/../../../../arm-none-eabi/lib/thumb/v7e-m+fp/hard\libg.a(lib_a-errno.o)
                              CMakeFiles/STM32H7_Ti.elf.dir/Core/Src/syscalls.c.obj (__errno)
d:/armcomplier/gcc-arm-none-eabi-10-2020-q4-major/bin/../lib/gcc/arm-none-eabi/10.2.1/../../../../arm-none-eabi/lib/thumb/v7e-m+fp/hard\libg.a(lib_a-exit.o)
                              d:/armcomplier/gcc-arm-none-eabi-10-2020-q4-major/bin/../lib/gcc/arm-none-eabi/10.2.1/../../../../arm-none-eabi/lib/thumb/v7e-m+fp/hard/crt0.o (exit)
d:/armcomplier/gcc-arm-none-eabi-10-2020-q4-major/bin/../lib/gcc/arm-none-eabi/10.2.1/../../../../arm-none-eabi/lib/thumb/v7e-m+fp/hard\libg.a(lib_a-impure.o)
                              d:/armcomplier/gcc-arm-none-eabi-10-2020-q4-major/bin/../lib/gcc/arm-none-eabi/10.2.1/../../../../arm-none-eabi/lib/thumb/v7e-m+fp/hard\libg.a(lib_a-exit.o) (_global_impure_ptr)
d:/armcomplier/gcc-arm-none-eabi-10-2020-q4-major/bin/../lib/gcc/arm-none-eabi/10.2.1/../../../../arm-none-eabi/lib/thumb/v7e-m+fp/hard\libg.a(lib_a-init.o)
                              d:/armcomplier/gcc-arm-none-eabi-10-2020-q4-major/bin/../lib/gcc/arm-none-eabi/10.2.1/../../../../arm-none-eabi/lib/thumb/v7e-m+fp/hard/crt0.o (__libc_init_array)
d:/armcomplier/gcc-arm-none-eabi-10-2020-q4-major/bin/../lib/gcc/arm-none-eabi/10.2.1/../../../../arm-none-eabi/lib/thumb/v7e-m+fp/hard\libg.a(lib_a-malloc.o)
                              CMakeFiles/STM32H7_Ti.elf.dir/UserApp/cJson/cJSON.c.obj (malloc)
d:/armcomplier/gcc-arm-none-eabi-10-2020-q4-major/bin/../lib/gcc/arm-none-eabi/10.2.1/../../../../arm-none-eabi/lib/thumb/v7e-m+fp/hard\libg.a(lib_a-mallocr.o)
[...]
Memory Configuration

Name             Origin             Length             Attributes
FLASH            0x08000000         0x00020000         xr
DTCMRAM          0x20000000         0x00020000         xrw
RAM_D1           0x24000000         0x00080000         xrw
RAM_D2           0x30000000         0x00048000         xrw
RAM_D3           0x38000000         0x00010000         xrw
ITCMRAM          0x00000000         0x00010000         xrw
*default*        0x00000000         0xffffffff

Linker script and memory map

LOAD d:/armcomplier/gcc-arm-none-eabi-10-2020-q4-major/bin/../lib/gcc/arm-none-eabi/10.2.1/thumb/v7e-m+fp/hard/crti.o
LOAD d:/armcomplier/gcc-arm-none-eabi-10-2020-q4-major/bin/../lib/gcc/arm-none-eabi/10.2.1/thumb/v7e-m+fp/hard/crtbegin.o
LOAD d:/armcomplier/gcc-arm-none-eabi-10-2020-q4-major/bin/../lib/gcc/arm-none-eabi/10.2.1/../../../../arm-none-eabi/lib/thumb/v7e-m+fp/hard/crt0.o
LOAD CMakeFiles/STM32H7_Ti.elf.dir/Core/Src/freertos.c.obj
LOAD CMakeFiles/STM32H7_Ti.elf.dir/Core/Src/main.c.obj
LOAD CMakeFiles/STM32H7_Ti.elf.dir/Core/Src/stm32h7xx_hal_msp.c.obj
LOAD CMakeFiles/STM32H7_Ti.elf.dir/Core/Src/stm32h7xx_it.c.obj
LOAD CMakeFiles/STM32H7_Ti.elf.dir/Core/Src/syscalls.c.obj
LOAD CMakeFiles/STM32H7_Ti.elf.dir/Core/Src/sysmem.c.obj
LOAD CMakeFiles/STM32H7_Ti.elf.dir/Core/Src/system_stm32h7xx.c.obj
LOAD CMakeFiles/STM32H7_Ti.elf.dir/Core/Startup/startup_stm32h750vbtx.s.obj
LOAD CMakeFiles/STM32H7_Ti.elf.dir/Drivers/STM32H7xx_HAL_Driver/Src/stm32h7xx_hal.c.obj
LOAD CMakeFiles/STM32H7_Ti.elf.dir/Drivers/STM32H7xx_HAL_Driver/Src/stm32h7xx_hal_cortex.c.obj
LOAD CMakeFiles/STM32H7_Ti.elf.dir/Drivers/STM32H7xx_HAL_Driver/Src/stm32h7xx_hal_crc.c.obj
LOAD CMakeFiles/STM32H7_Ti.elf.dir/Drivers/STM32H7xx_HAL_Driver/Src/stm32h7xx_hal_crc_ex.c.obj
LOAD CMakeFiles/STM32H7_Ti.elf.dir/Drivers/STM32H7xx_HAL_Driver/Src/stm32h7xx_hal_dma.c.obj
LOAD CMakeFiles/STM32H7_Ti.elf.dir/Drivers/STM32H7xx_HAL_Driver/Src/stm32h7xx_hal_dma_ex.c.obj
LOAD CMakeFiles/STM32H7_Ti.elf.dir/Drivers/STM32H7xx_HAL_Driver/Src/stm32h7xx_hal_exti.c.obj
LOAD CMakeFiles/STM32H7_Ti.elf.dir/Drivers/STM32H7xx_HAL_Driver/Src/stm32h7xx_hal_flash.c.obj
LOAD CMakeFiles/STM32H7_Ti.elf.dir/Drivers/STM32H7xx_HAL_Driver/Src/stm32h7xx_hal_flash_ex.c.obj
LOAD CMakeFiles/STM32H7_Ti.elf.dir/Drivers/STM32H7xx_HAL_Driver/Src/stm32h7xx_hal_gpio.c.obj
LOAD CMakeFiles/STM32H7_Ti.elf.dir/Drivers/STM32H7xx_HAL_Driver/Src/stm32h7xx_hal_hsem.c.obj
LOAD CMakeFiles/STM32H7_Ti.elf.dir/Drivers/STM32H7xx_HAL_Driver/Src/stm32h7xx_hal_i2c.c.obj
LOAD CMakeFiles/STM32H7_Ti.elf.dir/Drivers/STM32H7xx_HAL_Driver/Src/stm32h7xx_hal_i2c_ex.c.obj
LOAD CMakeFiles/STM32H7_Ti.elf.dir/Drivers/STM32H7xx_HAL_Driver/Src/stm32h7xx_hal_mdma.c.obj
LOAD CMakeFiles/STM32H7_Ti.elf.dir/Drivers/STM32H7xx_HAL_Driver/Src/stm32h7xx_hal_pwr.c.obj
LOAD CMakeFiles/STM32H7_Ti.elf.dir/Drivers/STM32H7xx_HAL_Driver/Src/stm32h7xx_hal_pwr_ex.c.obj
LOAD CMakeFiles/STM32H7_Ti.elf.dir/Drivers/STM32H7xx_HAL_Driver/Src/stm32h7xx_hal_rcc.c.obj
LOAD CMakeFiles/STM32H7_Ti.elf.dir/Drivers/STM32H7xx_HAL_Driver/Src/stm32h7xx_hal_rcc_ex.c.obj
LOAD CMakeFiles/STM32H7_Ti.elf.dir/Drivers/STM32H7xx_HAL_Driver/Src/stm32h7xx_hal_sd.c.obj
LOAD CMakeFiles/STM32H7_Ti.elf.dir/Drivers/STM32H7xx_HAL_Driver/Src/stm32h7xx_hal_sd_ex.c.obj
LOAD CMakeFiles/STM32H7_Ti.elf.dir/Drivers/STM32H7xx_HAL_Driver/Src/stm32h7xx_hal_spi.c.obj
LOAD CMakeFiles/STM32H7_Ti.elf.dir/Drivers/STM32H7xx_HAL_Driver/Src/stm32h7xx_hal_spi_ex.c.obj
LOAD CMakeFiles/STM32H7_Ti.elf.dir/Drivers/STM32H7xx_HAL_Driver/Src/stm32h7xx_hal_tim.c.obj
LOAD CMakeFiles/STM32H7_Ti.elf.dir/Drivers/STM32H7xx_HAL_Driver/Src/stm32h7xx_hal_tim_ex.c.obj
LOAD CMakeFiles/STM32H7_Ti.elf.dir/Drivers/STM32H7xx_HAL_Driver/Src/stm32h7xx_hal_uart.c.obj
LOAD CMakeFiles/STM32H7_Ti.elf.dir/Drivers/STM32H7xx_HAL_Driver/Src/stm32h7xx_hal_uart_ex.c.obj
LOAD CMakeFiles/STM32H7_Ti.elf.dir/Drivers/STM32H7xx_HAL_Driver/Src/stm32h7xx_ll_delayblock.c.obj
LOAD CMakeFiles/STM32H7_Ti.elf.dir/Drivers/STM32H7xx_HAL_Driver/Src/stm32h7xx_ll_sdmmc.c.obj
LOAD CMakeFiles/STM32H7_Ti.elf.dir/FATFS/App/fatfs.c.obj
LOAD CMakeFiles/STM32H7_Ti.elf.dir/FATFS/Target/bsp_driver_sd.c.obj
LOAD CMakeFiles/STM32H7_Ti.elf.dir/FATFS/Target/fatfs_platform.c.obj
LOAD CMakeFiles/STM32H7_Ti.elf.dir/FATFS/Target/sd_diskio.c.obj
LOAD CMakeFiles/STM32H7_Ti.elf.dir/Middlewares/Third_Party/FatFs/src/diskio.c.obj
LOAD CMakeFiles/STM32H7_Ti.elf.dir/Middlewares/Third_Party/FatFs/src/ff.c.obj
LOAD CMakeFiles/STM32H7_Ti.elf.dir/Middlewares/Third_Party/FatFs/src/ff_gen_drv.c.obj
LOAD CMakeFiles/STM32H7_Ti.elf.dir/Middlewares/Third_Party/FatFs/src/option/ccsbcs.c.obj
LOAD CMakeFiles/STM32H7_Ti.elf.dir/Middlewares/Third_Party/FatFs/src/option/syscall.c.obj
LOAD CMakeFiles/STM32H7_Ti.elf.dir/Middlewares/Third_Party/FreeRTOS/Source/CMSIS_RTOS/cmsis_os.c.obj
LOAD CMakeFiles/STM32H7_Ti.elf.dir/Middlewares/Third_Party/FreeRTOS/Source/croutine.c.obj
LOAD CMakeFiles/STM32H7_Ti.elf.dir/Middlewares/Third_Party/FreeRTOS/Source/event_groups.c.obj
LOAD CMakeFiles/STM32H7_Ti.elf.dir/Middlewares/Third_Party/FreeRTOS/Source/list.c.obj
LOAD CMakeFiles/STM32H7_Ti.elf.dir/Middlewares/Third_Party/FreeRTOS/Source/portable/GCC/ARM_CM4F/port.c.obj
LOAD CMakeFiles/STM32H7_Ti.elf.dir/Middlewares/Third_Party/FreeRTOS/Source/portable/MemMang/heap_4.c.obj
LOAD CMakeFiles/STM32H7_Ti.elf.dir/Middlewares/Third_Party/FreeRTOS/Source/queue.c.obj
LOAD CMakeFiles/STM32H7_Ti.elf.dir/Middlewares/Third_Party/FreeRTOS/Source/stream_buffer.c.obj
LOAD CMakeFiles/STM32H7_Ti.elf.dir/Middlewares/Third_Party/FreeRTOS/Source/tasks.c.obj
LOAD CMakeFiles/STM32H7_Ti.elf.dir/Middlewares/Third_Party/FreeRTOS/Source/timers.c.obj
LOAD CMakeFiles/STM32H7_Ti.elf.dir/UserApp/Bezier/Bezier.c.obj
LOAD CMakeFiles/STM32H7_Ti.elf.dir/UserApp/BlueTooth/bluetooth.c.obj
LOAD CMakeFiles/STM32H7_Ti.elf.dir/UserApp/Button/multi_button.c.obj
LOAD CMakeFiles/STM32H7_Ti.elf.dir/UserApp/EncoderMotor/Motor.c.obj
LOAD CMakeFiles/STM32H7_Ti.elf.dir/UserApp/Filter/ADRC.c.obj
LOAD CMakeFiles/STM32H7_Ti.elf.dir/UserApp/Filter/Filter.c.obj
LOAD CMakeFiles/STM32H7_Ti.elf.dir/UserApp/GT911/CTIIC.c.obj
LOAD CMakeFiles/STM32H7_Ti.elf.dir/UserApp/GT911/GT911.c.obj
LOAD CMakeFiles/STM32H7_Ti.elf.dir/UserApp/LCD/lcd.c.obj
LOAD CMakeFiles/STM32H7_Ti.elf.dir/UserApp/LCD/lcd_init.c.obj
LOAD CMakeFiles/STM32H7_Ti.elf.dir/UserApp/MPU6050/eMPL/inv_mpu.c.obj
LOAD CMakeFiles/STM32H7_Ti.elf.dir/UserApp/MPU6050/eMPL/inv_mpu_dmp_motion_driver.c.obj
LOAD CMakeFiles/STM32H7_Ti.elf.dir/UserApp/MPU6050/mpu6050.c.obj
LOAD CMakeFiles/STM32H7_Ti.elf.dir/UserApp/MPU6050/mpuiic.c.obj
LOAD CMakeFiles/STM32H7_Ti.elf.dir/UserApp/My_PID/my_PID.c.obj
LOAD CMakeFiles/STM32H7_Ti.elf.dir/UserApp/PID/PID.c.obj
LOAD CMakeFiles/STM32H7_Ti.elf.dir/UserApp/ServoMotor/SG90.c.obj
LOAD CMakeFiles/STM32H7_Ti.elf.dir/UserApp/StepMotor/StepMotor.c.obj
LOAD CMakeFiles/STM32H7_Ti.elf.dir/UserApp/cJson/cJSON.c.obj
LOAD CMakeFiles/STM32H7_Ti.elf.dir/UserApp/retarget.c.obj
START GROUP
LOAD d:/armcomplier/gcc-arm-none-eabi-10-2020-q4-major/bin/../lib/gcc/arm-none-eabi/10.2.1/thumb/v7e-m+fp/hard\libgcc.a
LOAD d:/armcomplier/gcc-arm-none-eabi-10-2020-q4-major/bin/../lib/gcc/arm-none-eabi/10.2.1/../../../../arm-none-eabi/lib/thumb/v7e-m+fp/hard\libg.a
LOAD d:/armcomplier/gcc-arm-none-eabi-10-2020-q4-major/bin/../lib/gcc/arm-none-eabi/10.2.1/../../../../arm-none-eabi/lib/thumb/v7e-m+fp/hard\libc.a
END GROUP
LOAD d:/armcomplier/gcc-arm-none-eabi-10-2020-q4-major/bin/../lib/gcc/arm-none-eabi/10.2.1/thumb/v7e-m+fp/hard/crtend.o
LOAD d:/armcomplier/gcc-arm-none-eabi-10-2020-q4-major/bin/../lib/gcc/arm-none-eabi/10.2.1/thumb/v7e-m+fp/hard/crtn.o
                0x24080000                _estack = (ORIGIN (RAM_D1) + LENGTH (RAM_D1))
                0x00004000                _Min_Heap_Size = 0x4000
                0x00004000                _Min_Stack_Size = 0x4000

.isr_vector     0x08000000      0x298
                0x08000000                . = ALIGN (0x4)
 *(.isr_vector)
 .isr_vector    0x08000000      0x298 CMakeFiles/STM32H7_Ti.elf.dir/Core/Startup/startup_stm32h750vbtx.s.obj
                0x08000000                g_pfnVectors
                0x08000298                . = ALIGN (0x4)

.text           0x080002a0     0xc5f8
                0x080002a0                . = ALIGN (0x4)
 *(.text)
 .text          0x080002a0       0x40 d:/armcomplier/gcc-arm-none-eabi-10-2020-q4-major/bin/../lib/gcc/arm-none-eabi/10.2.1/thumb/v7e-m+fp/hard/crtbegin.o
 .text          0x080002e0      0x378 d:/armcomplier/gcc-arm-none-eabi-10-2020-q4-major/bin/../lib/gcc/arm-none-eabi/10.2.1/thumb/v7e-m+fp/hard\libgcc.a(_arm_addsubdf3.o)
                0x080002e0                __aeabi_drsub
                0x080002e8                __aeabi_dsub
                0x080002e8                __subdf3
                0x080002ec                __aeabi_dadd
                0x080002ec                __adddf3
                0x08000564                __floatunsidf
                0x08000564                __aeabi_ui2d
                0x08000584                __floatsidf
                0x08000584                __aeabi_i2d
                0x080005a8                __aeabi_f2d
                0x080005a8                __extendsfdf2
                0x080005ec                __floatundidf
                0x080005ec                __aeabi_ul2d
                0x080005fc                __floatdidf
                0x080005fc                __aeabi_l2d
 .text          0x08000658      0x424 d:/armcomplier/gcc-arm-none-eabi-10-2020-q4-major/bin/../lib/gcc/arm-none-eabi/10.2.1/thumb/v7e-m+fp/hard\libgcc.a(_arm_muldivdf3.o)
                0x08000658                __aeabi_dmul
                0x08000658                __muldf3
                0x080008ac                __divdf3
                0x080008ac                __aeabi_ddiv
 .text          0x08000a7c       0xa0 d:/armcomplier/gcc-arm-none-eabi-10-2020-q4-major/bin/../lib/gcc/arm-none-eabi/10.2.1/thumb/v7e-m+fp/hard\libgcc.a(_arm_truncdfsf2.o)
                0x08000a7c                __truncdfsf2
                0x08000a7c                __aeabi_d2f
 .text          0x08000b1c       0x30 d:/armcomplier/gcc-arm-none-eabi-10-2020-q4-major/bin/../lib/gcc/arm-none-eabi/10.2.1/thumb/v7e-m+fp/hard\libgcc.a(_aeabi_uldivmod.o)
                0x08000b1c                __aeabi_uldivmod
 .text          0x08000b4c      0x2d0 d:/armcomplier/gcc-arm-none-eabi-10-2020-q4-major/bin/../lib/gcc/arm-none-eabi/10.2.1/thumb/v7e-m+fp/hard\libgcc.a(_udivmoddi4.o)
                0x08000b4c                __udivmoddi4
 .text          0x08000e1c        0x4 d:/armcomplier/gcc-arm-none-eabi-10-2020-q4-major/bin/../lib/gcc/arm-none-eabi/10.2.1/thumb/v7e-m+fp/hard\libgcc.a(_dvmd_tls.o)
                0x08000e1c                __aeabi_idiv0
                0x08000e1c                __aeabi_ldiv0
 .text          0x08000e20      0x134 d:/armcomplier/gcc-arm-none-eabi-10-2020-q4-major/bin/../lib/gcc/arm-none-eabi/10.2.1/../../../../arm-none-eabi/lib/thumb/v7e-m+fp/hard\libg.a(lib_a-memcpy.o)
                0x08000e20                memcpy
 *(.text*)
 .text.vApplicationTickHook
                0x08000f54        0x2 CMakeFiles/STM32H7_Ti.elf.dir/Core/Src/freertos.c.obj
                0x08000f54                vApplicationTickHook
 *fill*         0x08000f56        0x2 
 .text.vApplicationGetIdleTaskMemory
                0x08000f58       0x18 CMakeFiles/STM32H7_Ti.elf.dir/Core/Src/freertos.c.obj
                0x08000f58                vApplicationGetIdleTaskMemory
 .text.ServoControlTask
                0x08000f70      0x1a8 CMakeFiles/STM32H7_Ti.elf.dir/Core/Src/freertos.c.obj
                0x08000f70                ServoControlTask
 .text.ButtonTask
                0x08001118       0xb4 CMakeFiles/STM32H7_Ti.elf.dir/Core/Src/freertos.c.obj
                0x08001118                ButtonTask
 .text.BEEPLEDTask
                0x080011cc       0x34 CMakeFiles/STM32H7_Ti.elf.dir/Core/Src/freertos.c.obj
                0x080011cc                BEEPLEDTask
 .text.ReceiveTask
                0x08001200       0x50 CMakeFiles/STM32H7_Ti.elf.dir/Core/Src/freertos.c.obj
                0x08001200                ReceiveTask
 .text.MX_SDMMC1_SD_Init
                0x08001250       0x20 CMakeFiles/STM32H7_Ti.elf.dir/Core/Src/main.c.obj
 .text.LEDBlink
                0x08001270       0x18 CMakeFiles/STM32H7_Ti.elf.dir/Core/Src/main.c.obj
                0x08001270                LEDBlink
 .text.MX_GPIO_Init
                0x08001288      0x1cc CMakeFiles/STM32H7_Ti.elf.dir/Core/Src/main.c.obj
 .text.MX_DMA_Init
                0x08001454       0x58 CMakeFiles/STM32H7_Ti.elf.dir/Core/Src/main.c.obj
 .text.StartDefaultTask
                0x080014ac       0x84 CMakeFiles/STM32H7_Ti.elf.dir/Core/Src/main.c.obj
                0x080014ac                StartDefaultTask
 .text.Error_Handler
                0x08001530        0x4 CMakeFiles/STM32H7_Ti.elf.dir/Core/Src/main.c.obj
                0x08001530                Error_Handler
 .text.MX_MDMA_Init
                0x08001534       0x8c CMakeFiles/STM32H7_Ti.elf.dir/Core/Src/main.c.obj
 .text.MX_CRC_Init
                0x080015c0       0x2c CMakeFiles/STM32H7_Ti.elf.dir/Core/Src/main.c.obj
 .text.MX_TIM3_Init
                0x080015ec       0x8c CMakeFiles/STM32H7_Ti.elf.dir/Core/Src/main.c.obj
 .text.MX_TIM4_Init
                0x08001678       0x7c CMakeFiles/STM32H7_Ti.elf.dir/Core/Src/main.c.obj
 .text.MX_SPI2_Init
                0x080016f4       0x5c CMakeFiles/STM32H7_Ti.elf.dir/Core/Src/main.c.obj
 .text.MX_SPI4_Init
                0x08001750       0x5c CMakeFiles/STM32H7_Ti.elf.dir/Core/Src/main.c.obj
 .text.MX_TIM5_Init
                0x080017ac       0x80 CMakeFiles/STM32H7_Ti.elf.dir/Core/Src/main.c.obj
 .text.MX_TIM12_Init
                0x0800182c       0x7c CMakeFiles/STM32H7_Ti.elf.dir/Core/Src/main.c.obj
 .text.MX_TIM13_Init
                0x080018a8       0x6c CMakeFiles/STM32H7_Ti.elf.dir/Core/Src/main.c.obj
 .text.MX_TIM14_Init
                0x08001914       0x6c CMakeFiles/STM32H7_Ti.elf.dir/Core/Src/main.c.obj
 .text.MX_UART4_Init
                0x08001980       0x60 CMakeFiles/STM32H7_Ti.elf.dir/Core/Src/main.c.obj
 .text.MX_USART2_UART_Init
                0x080019e0       0x60 CMakeFiles/STM32H7_Ti.elf.dir/Core/Src/main.c.obj
 .text.MX_USART6_UART_Init
                0x08001a40       0x60 CMakeFiles/STM32H7_Ti.elf.dir/Core/Src/main.c.obj
 .text.MX_USART1_UART_Init
                0x08001aa0       0x60 CMakeFiles/STM32H7_Ti.elf.dir/Core/Src/main.c.obj
 .text.MX_TIM15_Init
                0x08001b00       0xb4 CMakeFiles/STM32H7_Ti.elf.dir/Core/Src/main.c.obj
 .text.SystemClock_Config
                0x08001bb4      0x11c CMakeFiles/STM32H7_Ti.elf.dir/Core/Src/main.c.obj
                0x08001bb4                SystemClock_Config
 .text.PeriphCommonClock_Config
                0x08001cd0       0x4a CMakeFiles/STM32H7_Ti.elf.dir/Core/Src/main.c.obj
                0x08001cd0                PeriphCommonClock_Config
 *fill*         0x08001d1a        0x2 
 .text.main     0x08001d1c       0xb0 CMakeFiles/STM32H7_Ti.elf.dir/Core/Src/main.c.obj
                0x08001d1c                main
 .text.HAL_MspInit
                0x08001dcc       0x34 CMakeFiles/STM32H7_Ti.elf.dir/Core/Src/stm32h7xx_hal_msp.c.obj
                0x08001dcc                HAL_MspInit
 .text.HAL_CRC_MspInit
                0x08001e00       0x30 CMakeFiles/STM32H7_Ti.elf.dir/Core/Src/stm32h7xx_hal_msp.c.obj
                0x08001e00                HAL_CRC_MspInit
 .text.HAL_SD_MspInit
                0x08001e30       0xe8 CMakeFiles/STM32H7_Ti.elf.dir/Core/Src/stm32h7xx_hal_msp.c.obj
                0x08001e30                HAL_SD_MspInit
 .text.HAL_SPI_MspInit
                0x08001f18       0xf0 CMakeFiles/STM32H7_Ti.elf.dir/Core/Src/stm32h7xx_hal_msp.c.obj
                0x08001f18                HAL_SPI_MspInit
 .text.HAL_TIM_PWM_MspInit
                0x08002008       0xc8 CMakeFiles/STM32H7_Ti.elf.dir/Core/Src/stm32h7xx_hal_msp.c.obj
                0x08002008                HAL_TIM_PWM_MspInit
 .text.HAL_TIM_Base_MspInit
                0x080020d0       0x58 CMakeFiles/STM32H7_Ti.elf.dir/Core/Src/stm32h7xx_hal_msp.c.obj
                0x080020d0                HAL_TIM_Base_MspInit
 .text.HAL_TIM_MspPostInit
                0x08002128      0x1c0 CMakeFiles/STM32H7_Ti.elf.dir/Core/Src/stm32h7xx_hal_msp.c.obj
                0x08002128                HAL_TIM_MspPostInit
 .text.HAL_UART_MspInit
                0x080022e8      0x2bc CMakeFiles/STM32H7_Ti.elf.dir/Core/Src/stm32h7xx_hal_msp.c.obj
                0x080022e8                HAL_UART_MspInit
 .text.NMI_Handler
                0x080025a4        0x2 CMakeFiles/STM32H7_Ti.elf.dir/Core/Src/stm32h7xx_it.c.obj
                0x080025a4                NMI_Handler
 .text.HardFault_Handler
                0x080025a6        0x2 CMakeFiles/STM32H7_Ti.elf.dir/Core/Src/stm32h7xx_it.c.obj
                0x080025a6                HardFault_Handler
 .text.MemManage_Handler
                0x080025a8        0x2 CMakeFiles/STM32H7_Ti.elf.dir/Core/Src/stm32h7xx_it.c.obj
                0x080025a8                MemManage_Handler
 .text.BusFault_Handler
                0x080025aa        0x2 CMakeFiles/STM32H7_Ti.elf.dir/Core/Src/stm32h7xx_it.c.obj
                0x080025aa                BusFault_Handler
 .text.UsageFault_Handler
                0x080025ac        0x2 CMakeFiles/STM32H7_Ti.elf.dir/Core/Src/stm32h7xx_it.c.obj
                0x080025ac                UsageFault_Handler
 .text.DebugMon_Handler
                0x080025ae        0x2 CMakeFiles/STM32H7_Ti.elf.dir/Core/Src/stm32h7xx_it.c.obj
                0x080025ae                DebugMon_Handler
 .text.SysTick_Handler
                0x080025b0       0x16 CMakeFiles/STM32H7_Ti.elf.dir/Core/Src/stm32h7xx_it.c.obj
                0x080025b0                SysTick_Handler
 *fill*         0x080025c6        0x2 
 .text.DMA1_Stream0_IRQHandler
                0x080025c8       0x10 CMakeFiles/STM32H7_Ti.elf.dir/Core/Src/stm32h7xx_it.c.obj
                0x080025c8                DMA1_Stream0_IRQHandler
 .text.DMA1_Stream1_IRQHandler
                0x080025d8       0x10 CMakeFiles/STM32H7_Ti.elf.dir/Core/Src/stm32h7xx_it.c.obj
                0x080025d8                DMA1_Stream1_IRQHandler
 .text.DMA1_Stream2_IRQHandler
                0x080025e8       0x10 CMakeFiles/STM32H7_Ti.elf.dir/Core/Src/stm32h7xx_it.c.obj
                0x080025e8                DMA1_Stream2_IRQHandler
 .text.SDMMC1_IRQHandler
                0x080025f8       0x10 CMakeFiles/STM32H7_Ti.elf.dir/Core/Src/stm32h7xx_it.c.obj
                0x080025f8                SDMMC1_IRQHandler
 .text.MDMA_IRQHandler
                0x08002608       0x10 CMakeFiles/STM32H7_Ti.elf.dir/Core/Src/stm32h7xx_it.c.obj
                0x08002608                MDMA_IRQHandler
 .text._sbrk    0x08002618       0x48 CMakeFiles/STM32H7_Ti.elf.dir/Core/Src/sysmem.c.obj
                0x08002618                _sbrk
 .text.SystemInit
                0x08002660       0xcc CMakeFiles/STM32H7_Ti.elf.dir/Core/Src/system_stm32h7xx.c.obj
                0x08002660                SystemInit
 .text.Reset_Handler
                0x0800272c       0x50 CMakeFiles/STM32H7_Ti.elf.dir/Core/Startup/startup_stm32h750vbtx.s.obj
                0x0800272c                Reset_Handler
 .text.Default_Handler
                0x0800277c        0x2 CMakeFiles/STM32H7_Ti.elf.dir/Core/Startup/startup_stm32h750vbtx.s.obj
                0x0800277c                RTC_Alarm_IRQHandler
                0x0800277c                HASH_RNG_IRQHandler
                0x0800277c                EXTI2_IRQHandler
                0x0800277c                TIM8_CC_IRQHandler
                0x0800277c                HRTIM1_Master_IRQHandler
                0x0800277c                UART8_IRQHandler
                0x0800277c                SPI4_IRQHandler
                0x0800277c                TIM1_CC_IRQHandler
                0x0800277c                BDMA_Channel6_IRQHandler
                0x0800277c                DMA2_Stream5_IRQHandler
                0x0800277c                HRTIM1_FLT_IRQHandler
                0x0800277c                JPEG_IRQHandler
                0x0800277c                DMA1_Stream5_IRQHandler
                0x0800277c                BDMA_Channel1_IRQHandler
                0x0800277c                HRTIM1_TIMD_IRQHandler
                0x0800277c                TAMP_STAMP_IRQHandler
                0x0800277c                EXTI3_IRQHandler
                0x0800277c                LPTIM4_IRQHandler
                0x0800277c                TIM8_TRG_COM_TIM14_IRQHandler
                0x0800277c                LPTIM2_IRQHandler
                0x0800277c                DFSDM1_FLT1_IRQHandler
                0x0800277c                DMAMUX2_OVR_IRQHandler
                0x0800277c                TIM8_UP_TIM13_IRQHandler
                0x0800277c                I2C3_ER_IRQHandler
                0x0800277c                DFSDM1_FLT2_IRQHandler
                0x0800277c                LPTIM3_IRQHandler
                0x0800277c                HSEM1_IRQHandler
                0x0800277c                EXTI0_IRQHandler
                0x0800277c                I2C2_EV_IRQHandler
                0x0800277c                FPU_IRQHandler
                0x0800277c                OTG_HS_WKUP_IRQHandler
                0x0800277c                FDCAN1_IT1_IRQHandler
                0x0800277c                LTDC_ER_IRQHandler
                0x0800277c                DMA2_Stream2_IRQHandler
                0x0800277c                HRTIM1_TIME_IRQHandler
                0x0800277c                SPI1_IRQHandler
                0x0800277c                TIM6_DAC_IRQHandler
                0x0800277c                DCMI_IRQHandler
                0x0800277c                HRTIM1_TIMC_IRQHandler
                0x0800277c                DMA2_Stream3_IRQHandler
                0x0800277c                SAI2_IRQHandler
                0x0800277c                DFSDM1_FLT3_IRQHandler
                0x0800277c                USART6_IRQHandler
                0x0800277c                TIM17_IRQHandler
                0x0800277c                USART3_IRQHandler
                0x0800277c                BDMA_Channel7_IRQHandler
                0x0800277c                CRYP_IRQHandler
                0x0800277c                LPTIM5_IRQHandler
                0x0800277c                UART5_IRQHandler
                0x0800277c                ADC3_IRQHandler
                0x0800277c                DMA2_Stream0_IRQHandler
                0x0800277c                TIM4_IRQHandler
                0x0800277c                BDMA_Channel2_IRQHandler
                0x0800277c                QUADSPI_IRQHandler
                0x0800277c                I2C1_EV_IRQHandler
                0x0800277c                DMA1_Stream6_IRQHandler
                0x0800277c                DMAMUX1_OVR_IRQHandler
                0x0800277c                TIM16_IRQHandler
                0x0800277c                UART4_IRQHandler
                0x0800277c                BDMA_Channel5_IRQHandler
                0x0800277c                TIM3_IRQHandler
                0x0800277c                RCC_IRQHandler
                0x0800277c                TIM8_BRK_TIM12_IRQHandler
                0x0800277c                TIM1_TRG_COM_IRQHandler
                0x0800277c                Default_Handler
                0x0800277c                ECC_IRQHandler
                0x0800277c                CEC_IRQHandler
                0x0800277c                EXTI15_10_IRQHandler
                0x0800277c                BDMA_Channel0_IRQHandler
                0x0800277c                ADC_IRQHandler
                0x0800277c                DMA1_Stream7_IRQHandler
                0x0800277c                HRTIM1_TIMA_IRQHandler
                0x0800277c                SPI5_IRQHandler
                0x0800277c                TIM7_IRQHandler
                0x0800277c                TIM5_IRQHandler
                0x0800277c                DMA2_Stream7_IRQHandler
                0x0800277c                TIM15_IRQHandler
                0x0800277c                PVD_AVD_IRQHandler
                0x0800277c                I2C3_EV_IRQHandler
                0x0800277c                EXTI9_5_IRQHandler
                0x0800277c                RTC_WKUP_IRQHandler
                0x0800277c                LTDC_IRQHandler
                0x0800277c                SAI3_IRQHandler
                0x0800277c                ETH_WKUP_IRQHandler
                0x0800277c                SPDIF_RX_IRQHandler
                0x0800277c                SPI2_IRQHandler
                0x0800277c                OTG_HS_EP1_IN_IRQHandler
                0x0800277c                CRS_IRQHandler
                0x0800277c                EXTI4_IRQHandler
                0x0800277c                HRTIM1_TIMB_IRQHandler
                0x0800277c                FDCAN2_IT1_IRQHandler
                0x0800277c                ETH_IRQHandler
                0x0800277c                TIM1_UP_IRQHandler
                0x0800277c                BDMA_Channel4_IRQHandler
                0x0800277c                OTG_HS_EP1_OUT_IRQHandler
                0x0800277c                WWDG_IRQHandler
                0x0800277c                SPI6_IRQHandler
                0x0800277c                MDIOS_IRQHandler
                0x0800277c                I2C4_EV_IRQHandler
                0x0800277c                FDCAN2_IT0_IRQHandler
                0x0800277c                LPUART1_IRQHandler
                0x0800277c                FDCAN1_IT0_IRQHandler
                0x0800277c                TIM2_IRQHandler
                0x0800277c                OTG_FS_WKUP_IRQHandler
                0x0800277c                OTG_HS_IRQHandler
                0x0800277c                DMA2D_IRQHandler
                0x0800277c                TIM1_BRK_IRQHandler
                0x0800277c                EXTI1_IRQHandler
                0x0800277c                SDMMC2_IRQHandler
                0x0800277c                OTG_FS_EP1_OUT_IRQHandler
                0x0800277c                BDMA_Channel3_IRQHandler
                0x0800277c                UART7_IRQHandler
                0x0800277c                MDIOS_WKUP_IRQHandler
                0x0800277c                USART2_IRQHandler
                0x0800277c                DFSDM1_FLT0_IRQHandler
                0x0800277c                SAI4_IRQHandler
                0x0800277c                I2C2_ER_IRQHandler
                0x0800277c                DMA2_Stream1_IRQHandler
                0x0800277c                FLASH_IRQHandler
                0x0800277c                DMA2_Stream4_IRQHandler
                0x0800277c                USART1_IRQHandler
                0x0800277c                OTG_FS_IRQHandler
                0x0800277c                SPI3_IRQHandler
                0x0800277c                WAKEUP_PIN_IRQHandler
                0x0800277c                DMA1_Stream4_IRQHandler
                0x0800277c                OTG_FS_EP1_IN_IRQHandler
                0x0800277c                I2C1_ER_IRQHandler
                0x0800277c                FMC_IRQHandler
                0x0800277c                FDCAN_CAL_IRQHandler
                0x0800277c                SWPMI1_IRQHandler
                0x0800277c                COMP1_IRQHandler
                0x0800277c                LPTIM1_IRQHandler
                0x0800277c                I2C4_ER_IRQHandler
                0x0800277c                DMA2_Stream6_IRQHandler
                0x0800277c                SAI1_IRQHandler
                0x0800277c                DMA1_Stream3_IRQHandler
 *fill*         0x0800277e        0x2 
 .text.HAL_InitTick
                0x08002780       0x50 CMakeFiles/STM32H7_Ti.elf.dir/Drivers/STM32H7xx_HAL_Driver/Src/stm32h7xx_hal.c.obj
                0x08002780                HAL_InitTick
 .text.HAL_Init
                0x080027d0       0x5c CMakeFiles/STM32H7_Ti.elf.dir/Drivers/STM32H7xx_HAL_Driver/Src/stm32h7xx_hal.c.obj
                0x080027d0                HAL_Init
 .text.HAL_IncTick
                0x0800282c       0x18 CMakeFiles/STM32H7_Ti.elf.dir/Drivers/STM32H7xx_HAL_Driver/Src/stm32h7xx_hal.c.obj
                0x0800282c                HAL_IncTick
 .text.HAL_GetTick
                0x08002844        0xc CMakeFiles/STM32H7_Ti.elf.dir/Drivers/STM32H7xx_HAL_Driver/Src/stm32h7xx_hal.c.obj
                0x08002844                HAL_GetTick
 .text.HAL_Delay
                0x08002850       0x28 CMakeFiles/STM32H7_Ti.elf.dir/Drivers/STM32H7xx_HAL_Driver/Src/stm32h7xx_hal.c.obj
                0x08002850                HAL_Delay
 .text.HAL_GetREVID
                0x08002878        0xc CMakeFiles/STM32H7_Ti.elf.dir/Drivers/STM32H7xx_HAL_Driver/Src/stm32h7xx_hal.c.obj
                0x08002878                HAL_GetREVID
 .text.HAL_NVIC_SetPriorityGrouping
                0x08002884       0x24 CMakeFiles/STM32H7_Ti.elf.dir/Drivers/STM32H7xx_HAL_Driver/Src/stm32h7xx_hal_cortex.c.obj
                0x08002884                HAL_NVIC_SetPriorityGrouping
 .text.HAL_NVIC_SetPriority
                0x080028a8       0x6c CMakeFiles/STM32H7_Ti.elf.dir/Drivers/STM32H7xx_HAL_Driver/Src/stm32h7xx_hal_cortex.c.obj
                0x080028a8                HAL_NVIC_SetPriority
 .text.HAL_NVIC_EnableIRQ
                0x08002914       0x1c CMakeFiles/STM32H7_Ti.elf.dir/Drivers/STM32H7xx_HAL_Driver/Src/stm32h7xx_hal_cortex.c.obj
                0x08002914                HAL_NVIC_EnableIRQ
 .text.HAL_SYSTICK_Config
                0x08002930       0x28 CMakeFiles/STM32H7_Ti.elf.dir/Drivers/STM32H7xx_HAL_Driver/Src/stm32h7xx_hal_cortex.c.obj
                0x08002930                HAL_SYSTICK_Config
 .text.HAL_CRC_Init
                0x08002958       0x80 CMakeFiles/STM32H7_Ti.elf.dir/Drivers/STM32H7xx_HAL_Driver/Src/stm32h7xx_hal_crc.c.obj
                0x08002958                HAL_CRC_Init
 .text.HAL_CRCEx_Polynomial_Set
                0x080029d8       0x78 CMakeFiles/STM32H7_Ti.elf.dir/Drivers/STM32H7xx_HAL_Driver/Src/stm32h7xx_hal_crc_ex.c.obj
                0x080029d8                HAL_CRCEx_Polynomial_Set
 .text.DMA_SetConfig
                0x08002a50      0x1b4 CMakeFiles/STM32H7_Ti.elf.dir/Drivers/STM32H7xx_HAL_Driver/Src/stm32h7xx_hal_dma.c.obj
 .text.DMA_CalcBaseAndBitshift
                0x08002c04       0xb4 CMakeFiles/STM32H7_Ti.elf.dir/Drivers/STM32H7xx_HAL_Driver/Src/stm32h7xx_hal_dma.c.obj
 .text.DMA_CheckFifoParam
                0x08002cb8       0x92 CMakeFiles/STM32H7_Ti.elf.dir/Drivers/STM32H7xx_HAL_Driver/Src/stm32h7xx_hal_dma.c.obj
 *fill*         0x08002d4a        0x2 
 .text.DMA_CalcDMAMUXChannelBaseAndMask
                0x08002d4c       0xb0 CMakeFiles/STM32H7_Ti.elf.dir/Drivers/STM32H7xx_HAL_Driver/Src/stm32h7xx_hal_dma.c.obj
 .text.DMA_CalcDMAMUXRequestGenBaseAndMask
                0x08002dfc       0x7c CMakeFiles/STM32H7_Ti.elf.dir/Drivers/STM32H7xx_HAL_Driver/Src/stm32h7xx_hal_dma.c.obj
 .text.HAL_DMA_Init
                0x08002e78      0x3a4 CMakeFiles/STM32H7_Ti.elf.dir/Drivers/STM32H7xx_HAL_Driver/Src/stm32h7xx_hal_dma.c.obj
                0x08002e78                HAL_DMA_Init
 .text.HAL_DMA_Start_IT
                0x0800321c      0x298 CMakeFiles/STM32H7_Ti.elf.dir/Drivers/STM32H7xx_HAL_Driver/Src/stm32h7xx_hal_dma.c.obj
                0x0800321c                HAL_DMA_Start_IT
 .text.HAL_DMA_IRQHandler
                0x080034b4      0x738 CMakeFiles/STM32H7_Ti.elf.dir/Drivers/STM32H7xx_HAL_Driver/Src/stm32h7xx_hal_dma.c.obj
                0x080034b4                HAL_DMA_IRQHandler
 .text.HAL_GPIO_Init
                0x08003bec      0x220 CMakeFiles/STM32H7_Ti.elf.dir/Drivers/STM32H7xx_HAL_Driver/Src/stm32h7xx_hal_gpio.c.obj
                0x08003bec                HAL_GPIO_Init
 .text.HAL_GPIO_ReadPin
                0x08003e0c        0xe CMakeFiles/STM32H7_Ti.elf.dir/Drivers/STM32H7xx_HAL_Driver/Src/stm32h7xx_hal_gpio.c.obj
                0x08003e0c                HAL_GPIO_ReadPin
 .text.HAL_GPIO_WritePin
                0x08003e1a        0xc CMakeFiles/STM32H7_Ti.elf.dir/Drivers/STM32H7xx_HAL_Driver/Src/stm32h7xx_hal_gpio.c.obj
                0x08003e1a                HAL_GPIO_WritePin
 .text.HAL_GPIO_TogglePin
                0x08003e26       0x12 CMakeFiles/STM32H7_Ti.elf.dir/Drivers/STM32H7xx_HAL_Driver/Src/stm32h7xx_hal_gpio.c.obj
                0x08003e26                HAL_GPIO_TogglePin
 .text.MDMA_Init
                0x08003e38       0xb8 CMakeFiles/STM32H7_Ti.elf.dir/Drivers/STM32H7xx_HAL_Driver/Src/stm32h7xx_hal_mdma.c.obj
 .text.HAL_MDMA_Init
                0x08003ef0       0x60 CMakeFiles/STM32H7_Ti.elf.dir/Drivers/STM32H7xx_HAL_Driver/Src/stm32h7xx_hal_mdma.c.obj
                0x08003ef0                HAL_MDMA_Init
 .text.HAL_MDMA_ConfigPostRequestMask
                0x08003f50       0x66 CMakeFiles/STM32H7_Ti.elf.dir/Drivers/STM32H7xx_HAL_Driver/Src/stm32h7xx_hal_mdma.c.obj
                0x08003f50                HAL_MDMA_ConfigPostRequestMask
 *fill*         0x08003fb6        0x2 
 .text.HAL_MDMA_IRQHandler
                0x08003fb8      0x1b4 CMakeFiles/STM32H7_Ti.elf.dir/Drivers/STM32H7xx_HAL_Driver/Src/stm32h7xx_hal_mdma.c.obj
                0x08003fb8                HAL_MDMA_IRQHandler
 .text.HAL_PWREx_ConfigSupply
                0x0800416c       0x54 CMakeFiles/STM32H7_Ti.elf.dir/Drivers/STM32H7xx_HAL_Driver/Src/stm32h7xx_hal_pwr_ex.c.obj
                0x0800416c                HAL_PWREx_ConfigSupply
 .text.HAL_RCC_OscConfig
                0x080041c0      0x6b4 CMakeFiles/STM32H7_Ti.elf.dir/Drivers/STM32H7xx_HAL_Driver/Src/stm32h7xx_hal_rcc.c.obj
                0x080041c0                HAL_RCC_OscConfig
 .text.HAL_RCC_GetSysClockFreq
                0x08004874      0x1f4 CMakeFiles/STM32H7_Ti.elf.dir/Drivers/STM32H7xx_HAL_Driver/Src/stm32h7xx_hal_rcc.c.obj
                0x08004874                HAL_RCC_GetSysClockFreq
 .text.HAL_RCC_ClockConfig
                0x08004a68      0x294 CMakeFiles/STM32H7_Ti.elf.dir/Drivers/STM32H7xx_HAL_Driver/Src/stm32h7xx_hal_rcc.c.obj
                0x08004a68                HAL_RCC_ClockConfig
 .text.HAL_RCC_GetHCLKFreq
                0x08004cfc       0x44 CMakeFiles/STM32H7_Ti.elf.dir/Drivers/STM32H7xx_HAL_Driver/Src/stm32h7xx_hal_rcc.c.obj
                0x08004cfc                HAL_RCC_GetHCLKFreq
 .text.HAL_RCC_GetPCLK1Freq
                0x08004d40       0x24 CMakeFiles/STM32H7_Ti.elf.dir/Drivers/STM32H7xx_HAL_Driver/Src/stm32h7xx_hal_rcc.c.obj
                0x08004d40                HAL_RCC_GetPCLK1Freq
 .text.HAL_RCC_GetPCLK2Freq
                0x08004d64       0x24 CMakeFiles/STM32H7_Ti.elf.dir/Drivers/STM32H7xx_HAL_Driver/Src/stm32h7xx_hal_rcc.c.obj
                0x08004d64                HAL_RCC_GetPCLK2Freq
 .text.RCCEx_PLL2_Config
                0x08004d88      0x10c CMakeFiles/STM32H7_Ti.elf.dir/Drivers/STM32H7xx_HAL_Driver/Src/stm32h7xx_hal_rcc_ex.c.obj
 .text.RCCEx_PLL3_Config
                0x08004e94      0x10c CMakeFiles/STM32H7_Ti.elf.dir/Drivers/STM32H7xx_HAL_Driver/Src/stm32h7xx_hal_rcc_ex.c.obj
 .text.HAL_RCCEx_PeriphCLKConfig
                0x08004fa0      0xa8c CMakeFiles/STM32H7_Ti.elf.dir/Drivers/STM32H7xx_HAL_Driver/Src/stm32h7xx_hal_rcc_ex.c.obj
                0x08004fa0                HAL_RCCEx_PeriphCLKConfig
 .text.HAL_RCCEx_GetD3PCLK1Freq
                0x08005a2c       0x24 CMakeFiles/STM32H7_Ti.elf.dir/Drivers/STM32H7xx_HAL_Driver/Src/stm32h7xx_hal_rcc_ex.c.obj
                0x08005a2c                HAL_RCCEx_GetD3PCLK1Freq
 .text.HAL_RCCEx_GetPLL2ClockFreq
                0x08005a50      0x1f8 CMakeFiles/STM32H7_Ti.elf.dir/Drivers/STM32H7xx_HAL_Driver/Src/stm32h7xx_hal_rcc_ex.c.obj
                0x08005a50                HAL_RCCEx_GetPLL2ClockFreq
 .text.HAL_RCCEx_GetPLL3ClockFreq
                0x08005c48      0x1f8 CMakeFiles/STM32H7_Ti.elf.dir/Drivers/STM32H7xx_HAL_Driver/Src/stm32h7xx_hal_rcc_ex.c.obj
                0x08005c48                HAL_RCCEx_GetPLL3ClockFreq
 .text.HAL_RCCEx_GetPLL1ClockFreq
                0x08005e40      0x1f8 CMakeFiles/STM32H7_Ti.elf.dir/Drivers/STM32H7xx_HAL_Driver/Src/stm32h7xx_hal_rcc_ex.c.obj
                0x08005e40                HAL_RCCEx_GetPLL1ClockFreq
 .text.HAL_RCCEx_GetPeriphCLKFreq
                0x08006038      0x6d0 CMakeFiles/STM32H7_Ti.elf.dir/Drivers/STM32H7xx_HAL_Driver/Src/stm32h7xx_hal_rcc_ex.c.obj
                0x08006038                HAL_RCCEx_GetPeriphCLKFreq
 .text.SD_PowerON
                0x08006708       0xc4 CMakeFiles/STM32H7_Ti.elf.dir/Drivers/STM32H7xx_HAL_Driver/Src/stm32h7xx_hal_sd.c.obj
 .text.SD_Read_IT
                0x080067cc       0x3c CMakeFiles/STM32H7_Ti.elf.dir/Drivers/STM32H7xx_HAL_Driver/Src/stm32h7xx_hal_sd.c.obj
 .text.SD_Write_IT
                0x08006808       0x4c CMakeFiles/STM32H7_Ti.elf.dir/Drivers/STM32H7xx_HAL_Driver/Src/stm32h7xx_hal_sd.c.obj
 .text.SD_SendSDStatus
                0x08006854      0x108 CMakeFiles/STM32H7_Ti.elf.dir/Drivers/STM32H7xx_HAL_Driver/Src/stm32h7xx_hal_sd.c.obj
 .text.SD_FindSCR
                0x0800695c      0x108 CMakeFiles/STM32H7_Ti.elf.dir/Drivers/STM32H7xx_HAL_Driver/Src/stm32h7xx_hal_sd.c.obj
 .text.SD_WideBus_Enable
                0x08006a64       0x4e CMakeFiles/STM32H7_Ti.elf.dir/Drivers/STM32H7xx_HAL_Driver/Src/stm32h7xx_hal_sd.c.obj
 .text.SD_WideBus_Disable
                0x08006ab2       0x4e CMakeFiles/STM32H7_Ti.elf.dir/Drivers/STM32H7xx_HAL_Driver/Src/stm32h7xx_hal_sd.c.obj
 .text.SD_SendStatus
                0x08006b00       0x2c CMakeFiles/STM32H7_Ti.elf.dir/Drivers/STM32H7xx_HAL_Driver/Src/stm32h7xx_hal_sd.c.obj
 .text.HAL_SD_ReadBlocks_DMA
                0x08006b2c       0xe0 CMakeFiles/STM32H7_Ti.elf.dir/Drivers/STM32H7xx_HAL_Driver/Src/stm32h7xx_hal_sd.c.obj
                0x08006b2c                HAL_SD_ReadBlocks_DMA
 .text.HAL_SD_WriteBlocks_DMA
                0x08006c0c       0xe0 CMakeFiles/STM32H7_Ti.elf.dir/Drivers/STM32H7xx_HAL_Driver/Src/stm32h7xx_hal_sd.c.obj
                0x08006c0c                HAL_SD_WriteBlocks_DMA
 .text.HAL_SD_ErrorCallback
                0x08006cec        0x2 CMakeFiles/STM32H7_Ti.elf.dir/Drivers/STM32H7xx_HAL_Driver/Src/stm32h7xx_hal_sd.c.obj
                0x08006cec                HAL_SD_ErrorCallback
 *fill*         0x08006cee        0x2 
 .text.HAL_SD_GetCardCSD
                0x08006cf0      0x1b8 CMakeFiles/STM32H7_Ti.elf.dir/Drivers/STM32H7xx_HAL_Driver/Src/stm32h7xx_hal_sd.c.obj
                0x08006cf0                HAL_SD_GetCardCSD
 .text.SD_InitCard
                0x08006ea8       0xfc CMakeFiles/STM32H7_Ti.elf.dir/Drivers/STM32H7xx_HAL_Driver/Src/stm32h7xx_hal_sd.c.obj
 .text.HAL_SD_InitCard
                0x08006fa4       0xcc CMakeFiles/STM32H7_Ti.elf.dir/Drivers/STM32H7xx_HAL_Driver/Src/stm32h7xx_hal_sd.c.obj
                0x08006fa4                HAL_SD_InitCard
 .text.HAL_SD_GetCardStatus
                0x08007070       0xd0 CMakeFiles/STM32H7_Ti.elf.dir/Drivers/STM32H7xx_HAL_Driver/Src/stm32h7xx_hal_sd.c.obj
                0x08007070                HAL_SD_GetCardStatus
 .text.HAL_SD_GetCardInfo
                0x08007140       0x24 CMakeFiles/STM32H7_Ti.elf.dir/Drivers/STM32H7xx_HAL_Driver/Src/stm32h7xx_hal_sd.c.obj
                0x08007140                HAL_SD_GetCardInfo
 .text.HAL_SD_ConfigWideBusOperation
                0x08007164      0x158 CMakeFiles/STM32H7_Ti.elf.dir/Drivers/STM32H7xx_HAL_Driver/Src/stm32h7xx_hal_sd.c.obj
                0x08007164                HAL_SD_ConfigWideBusOperation
 .text.HAL_SD_GetCardState
                0x080072bc       0x22 CMakeFiles/STM32H7_Ti.elf.dir/Drivers/STM32H7xx_HAL_Driver/Src/stm32h7xx_hal_sd.c.obj
                0x080072bc                HAL_SD_GetCardState
 .text.HAL_SD_Init
                0x080072de       0xba CMakeFiles/STM32H7_Ti.elf.dir/Drivers/STM32H7xx_HAL_Driver/Src/stm32h7xx_hal_sd.c.obj
                0x080072de                HAL_SD_Init
 .text.HAL_SDEx_Read_DMADoubleBuf0CpltCallback
                0x08007398        0x2 CMakeFiles/STM32H7_Ti.elf.dir/Drivers/STM32H7xx_HAL_Driver/Src/stm32h7xx_hal_sd.c.obj
                0x08007398                HAL_SDEx_Read_DMADoubleBuf0CpltCallback
 .text.HAL_SDEx_Read_DMADoubleBuf1CpltCallback
                0x0800739a        0x2 CMakeFiles/STM32H7_Ti.elf.dir/Drivers/STM32H7xx_HAL_Driver/Src/stm32h7xx_hal_sd.c.obj
                0x0800739a                HAL_SDEx_Read_DMADoubleBuf1CpltCallback
 .text.HAL_SDEx_Write_DMADoubleBuf0CpltCallback
                0x0800739c        0x2 CMakeFiles/STM32H7_Ti.elf.dir/Drivers/STM32H7xx_HAL_Driver/Src/stm32h7xx_hal_sd.c.obj
                0x0800739c                HAL_SDEx_Write_DMADoubleBuf0CpltCallback
 .text.HAL_SDEx_Write_DMADoubleBuf1CpltCallback
                0x0800739e        0x2 CMakeFiles/STM32H7_Ti.elf.dir/Drivers/STM32H7xx_HAL_Driver/Src/stm32h7xx_hal_sd.c.obj
                0x0800739e                HAL_SDEx_Write_DMADoubleBuf1CpltCallback
 .text.HAL_SD_IRQHandler
                0x080073a0      0x22c CMakeFiles/STM32H7_Ti.elf.dir/Drivers/STM32H7xx_HAL_Driver/Src/stm32h7xx_hal_sd.c.obj
                0x080073a0                HAL_SD_IRQHandler
 .text.SPI_GetPacketSize
                0x080075cc       0x10 CMakeFiles/STM32H7_Ti.elf.dir/Drivers/STM32H7xx_HAL_Driver/Src/stm32h7xx_hal_spi.c.obj
 .text.HAL_SPI_Init
                0x080075dc      0x190 CMakeFiles/STM32H7_Ti.elf.dir/Drivers/STM32H7xx_HAL_Driver/Src/stm32h7xx_hal_spi.c.obj
                0x080075dc                HAL_SPI_Init
 .text.TIM_OC1_SetConfig
                0x0800776c       0xa8 CMakeFiles/STM32H7_Ti.elf.dir/Drivers/STM32H7xx_HAL_Driver/Src/stm32h7xx_hal_tim.c.obj
 .text.TIM_OC3_SetConfig
                0x08007814       0x94 CMakeFiles/STM32H7_Ti.elf.dir/Drivers/STM32H7xx_HAL_Driver/Src/stm32h7xx_hal_tim.c.obj
 .text.TIM_OC4_SetConfig
                0x080078a8       0x74 CMakeFiles/STM32H7_Ti.elf.dir/Drivers/STM32H7xx_HAL_Driver/Src/stm32h7xx_hal_tim.c.obj
 .text.TIM_OC5_SetConfig
                0x0800791c       0x74 CMakeFiles/STM32H7_Ti.elf.dir/Drivers/STM32H7xx_HAL_Driver/Src/stm32h7xx_hal_tim.c.obj
 .text.TIM_OC6_SetConfig
                0x08007990       0x74 CMakeFiles/STM32H7_Ti.elf.dir/Drivers/STM32H7xx_HAL_Driver/Src/stm32h7xx_hal_tim.c.obj
 .text.TIM_Base_SetConfig
                0x08007a04      0x104 CMakeFiles/STM32H7_Ti.elf.dir/Drivers/STM32H7xx_HAL_Driver/Src/stm32h7xx_hal_tim.c.obj
                0x08007a04                TIM_Base_SetConfig
 .text.HAL_TIM_Base_Init
                0x08007b08       0x60 CMakeFiles/STM32H7_Ti.elf.dir/Drivers/STM32H7xx_HAL_Driver/Src/stm32h7xx_hal_tim.c.obj
                0x08007b08                HAL_TIM_Base_Init
 .text.HAL_TIM_PWM_Init
                0x08007b68       0x60 CMakeFiles/STM32H7_Ti.elf.dir/Drivers/STM32H7xx_HAL_Driver/Src/stm32h7xx_hal_tim.c.obj
                0x08007b68                HAL_TIM_PWM_Init
 .text.TIM_OC2_SetConfig
                0x08007bc8       0x94 CMakeFiles/STM32H7_Ti.elf.dir/Drivers/STM32H7xx_HAL_Driver/Src/stm32h7xx_hal_tim.c.obj
                0x08007bc8                TIM_OC2_SetConfig
 .text.HAL_TIM_PWM_ConfigChannel
                0x08007c5c      0x13a CMakeFiles/STM32H7_Ti.elf.dir/Drivers/STM32H7xx_HAL_Driver/Src/stm32h7xx_hal_tim.c.obj
                0x08007c5c                HAL_TIM_PWM_ConfigChannel
 .text.TIM_CCxChannelCmd
                0x08007d96       0x1e CMakeFiles/STM32H7_Ti.elf.dir/Drivers/STM32H7xx_HAL_Driver/Src/stm32h7xx_hal_tim.c.obj
                0x08007d96                TIM_CCxChannelCmd
 .text.HAL_TIM_PWM_Start
                0x08007db4      0x168 CMakeFiles/STM32H7_Ti.elf.dir/Drivers/STM32H7xx_HAL_Driver/Src/stm32h7xx_hal_tim.c.obj
                0x08007db4                HAL_TIM_PWM_Start
 .text.HAL_TIMEx_MasterConfigSynchronization
                0x08007f1c       0xa0 CMakeFiles/STM32H7_Ti.elf.dir/Drivers/STM32H7xx_HAL_Driver/Src/stm32h7xx_hal_tim_ex.c.obj
                0x08007f1c                HAL_TIMEx_MasterConfigSynchronization
 .text.HAL_TIMEx_ConfigBreakDeadTime
                0x08007fbc       0x90 CMakeFiles/STM32H7_Ti.elf.dir/Drivers/STM32H7xx_HAL_Driver/Src/stm32h7xx_hal_tim_ex.c.obj
                0x08007fbc                HAL_TIMEx_ConfigBreakDeadTime
 .text.UART_EndTxTransfer
                0x0800804c       0x32 CMakeFiles/STM32H7_Ti.elf.dir/Drivers/STM32H7xx_HAL_Driver/Src/stm32h7xx_hal_uart.c.obj
 *fill*         0x0800807e        0x2 
 .text.UART_EndRxTransfer
                0x08008080       0x58 CMakeFiles/STM32H7_Ti.elf.dir/Drivers/STM32H7xx_HAL_Driver/Src/stm32h7xx_hal_uart.c.obj
 .text.HAL_UART_RxCpltCallback
                0x080080d8        0x2 CMakeFiles/STM32H7_Ti.elf.dir/Drivers/STM32H7xx_HAL_Driver/Src/stm32h7xx_hal_uart.c.obj
                0x080080d8                HAL_UART_RxCpltCallback
 .text.HAL_UART_RxHalfCpltCallback
                0x080080da        0x2 CMakeFiles/STM32H7_Ti.elf.dir/Drivers/STM32H7xx_HAL_Driver/Src/stm32h7xx_hal_uart.c.obj
                0x080080da                HAL_UART_RxHalfCpltCallback
 .text.HAL_UART_ErrorCallback
                0x080080dc        0x2 CMakeFiles/STM32H7_Ti.elf.dir/Drivers/STM32H7xx_HAL_Driver/Src/stm32h7xx_hal_uart.c.obj
                0x080080dc                HAL_UART_ErrorCallback
 .text.UART_DMAError
                0x080080de       0x58 CMakeFiles/STM32H7_Ti.elf.dir/Drivers/STM32H7xx_HAL_Driver/Src/stm32h7xx_hal_uart.c.obj
 .text.HAL_UARTEx_RxEventCallback
                0x08008136        0x2 CMakeFiles/STM32H7_Ti.elf.dir/Drivers/STM32H7xx_HAL_Driver/Src/stm32h7xx_hal_uart.c.obj
                0x08008136                HAL_UARTEx_RxEventCallback
 .text.UART_DMARxHalfCplt
                0x08008138       0x20 CMakeFiles/STM32H7_Ti.elf.dir/Drivers/STM32H7xx_HAL_Driver/Src/stm32h7xx_hal_uart.c.obj
 .text.UART_DMAReceiveCplt
                0x08008158       0x90 CMakeFiles/STM32H7_Ti.elf.dir/Drivers/STM32H7xx_HAL_Driver/Src/stm32h7xx_hal_uart.c.obj
 .text.UART_SetConfig
                0x080081e8      0x5f4 CMakeFiles/STM32H7_Ti.elf.dir/Drivers/STM32H7xx_HAL_Driver/Src/stm32h7xx_hal_uart.c.obj
                0x080081e8                UART_SetConfig
 .text.UART_AdvFeatureConfig
                0x080087dc       0xca CMakeFiles/STM32H7_Ti.elf.dir/Drivers/STM32H7xx_HAL_Driver/Src/stm32h7xx_hal_uart.c.obj
                0x080087dc                UART_AdvFeatureConfig
 .text.UART_WaitOnFlagUntilTimeout
                0x080088a6       0x9a CMakeFiles/STM32H7_Ti.elf.dir/Drivers/STM32H7xx_HAL_Driver/Src/stm32h7xx_hal_uart.c.obj
                0x080088a6                UART_WaitOnFlagUntilTimeout
 .text.UART_CheckIdleState
                0x08008940       0xca CMakeFiles/STM32H7_Ti.elf.dir/Drivers/STM32H7xx_HAL_Driver/Src/stm32h7xx_hal_uart.c.obj
                0x08008940                UART_CheckIdleState
 .text.HAL_UART_Init
                0x08008a0a       0x66 CMakeFiles/STM32H7_Ti.elf.dir/Drivers/STM32H7xx_HAL_Driver/Src/stm32h7xx_hal_uart.c.obj
                0x08008a0a                HAL_UART_Init
 .text.UART_Start_Receive_DMA
                0x08008a70       0xb0 CMakeFiles/STM32H7_Ti.elf.dir/Drivers/STM32H7xx_HAL_Driver/Src/stm32h7xx_hal_uart.c.obj
                0x08008a70                UART_Start_Receive_DMA
 .text.HAL_UART_Receive_DMA
                0x08008b20       0x4c CMakeFiles/STM32H7_Ti.elf.dir/Drivers/STM32H7xx_HAL_Driver/Src/stm32h7xx_hal_uart.c.obj
                0x08008b20                HAL_UART_Receive_DMA
 .text.UARTEx_SetNbDataToProcess
                0x08008b6c       0x4c CMakeFiles/STM32H7_Ti.elf.dir/Drivers/STM32H7xx_HAL_Driver/Src/stm32h7xx_hal_uart_ex.c.obj
 .text.HAL_UARTEx_DisableFifoMode
                0x08008bb8       0x3e CMakeFiles/STM32H7_Ti.elf.dir/Drivers/STM32H7xx_HAL_Driver/Src/stm32h7xx_hal_uart_ex.c.obj
                0x08008bb8                HAL_UARTEx_DisableFifoMode
 .text.HAL_UARTEx_SetTxFifoThreshold
                0x08008bf6       0x4a CMakeFiles/STM32H7_Ti.elf.dir/Drivers/STM32H7xx_HAL_Driver/Src/stm32h7xx_hal_uart_ex.c.obj
                0x08008bf6                HAL_UARTEx_SetTxFifoThreshold
 .text.HAL_UARTEx_SetRxFifoThreshold
                0x08008c40       0x4a CMakeFiles/STM32H7_Ti.elf.dir/Drivers/STM32H7xx_HAL_Driver/Src/stm32h7xx_hal_uart_ex.c.obj
                0x08008c40                HAL_UARTEx_SetRxFifoThreshold
 *fill*         0x08008c8a        0x2 
 .text.SDMMC_GetCmdError
                0x08008c8c       0x3c CMakeFiles/STM32H7_Ti.elf.dir/Drivers/STM32H7xx_HAL_Driver/Src/stm32h7xx_ll_sdmmc.c.obj
 .text.SDMMC_Init
                0x08008cc8       0x30 CMakeFiles/STM32H7_Ti.elf.dir/Drivers/STM32H7xx_HAL_Driver/Src/stm32h7xx_ll_sdmmc.c.obj
                0x08008cc8                SDMMC_Init
 .text.SDMMC_ReadFIFO
                0x08008cf8        0x6 CMakeFiles/STM32H7_Ti.elf.dir/Drivers/STM32H7xx_HAL_Driver/Src/stm32h7xx_ll_sdmmc.c.obj
                0x08008cf8                SDMMC_ReadFIFO
 .text.SDMMC_WriteFIFO
                0x08008cfe        0xa CMakeFiles/STM32H7_Ti.elf.dir/Drivers/STM32H7xx_HAL_Driver/Src/stm32h7xx_ll_sdmmc.c.obj
                0x08008cfe                SDMMC_WriteFIFO
 .text.SDMMC_PowerState_ON
                0x08008d08        0xc CMakeFiles/STM32H7_Ti.elf.dir/Drivers/STM32H7xx_HAL_Driver/Src/stm32h7xx_ll_sdmmc.c.obj
                0x08008d08                SDMMC_PowerState_ON
 .text.SDMMC_GetPowerState
                0x08008d14        0x8 CMakeFiles/STM32H7_Ti.elf.dir/Drivers/STM32H7xx_HAL_Driver/Src/stm32h7xx_ll_sdmmc.c.obj
                0x08008d14                SDMMC_GetPowerState
 .text.SDMMC_SendCommand
                0x08008d1c       0x24 CMakeFiles/STM32H7_Ti.elf.dir/Drivers/STM32H7xx_HAL_Driver/Src/stm32h7xx_ll_sdmmc.c.obj
                0x08008d1c                SDMMC_SendCommand
 .text.SDMMC_GetCommandResponse
                0x08008d40        0x6 CMakeFiles/STM32H7_Ti.elf.dir/Drivers/STM32H7xx_HAL_Driver/Src/stm32h7xx_ll_sdmmc.c.obj
                0x08008d40                SDMMC_GetCommandResponse
 .text.SDMMC_GetResponse
                0x08008d46        0x6 CMakeFiles/STM32H7_Ti.elf.dir/Drivers/STM32H7xx_HAL_Driver/Src/stm32h7xx_ll_sdmmc.c.obj
                0x08008d46                SDMMC_GetResponse
 .text.SDMMC_ConfigData
                0x08008d4c       0x24 CMakeFiles/STM32H7_Ti.elf.dir/Drivers/STM32H7xx_HAL_Driver/Src/stm32h7xx_ll_sdmmc.c.obj
                0x08008d4c                SDMMC_ConfigData
 .text.SDMMC_CmdGoIdleState
                0x08008d70       0x26 CMakeFiles/STM32H7_Ti.elf.dir/Drivers/STM32H7xx_HAL_Driver/Src/stm32h7xx_ll_sdmmc.c.obj
                0x08008d70                SDMMC_CmdGoIdleState
 *fill*         0x08008d96        0x2 
 .text.SDMMC_GetCmdResp1
                0x08008d98      0x160 CMakeFiles/STM32H7_Ti.elf.dir/Drivers/STM32H7xx_HAL_Driver/Src/stm32h7xx_ll_sdmmc.c.obj
                0x08008d98                SDMMC_GetCmdResp1
 .text.SDMMC_CmdBlockLength
                0x08008ef8       0x32 CMakeFiles/STM32H7_Ti.elf.dir/Drivers/STM32H7xx_HAL_Driver/Src/stm32h7xx_ll_sdmmc.c.obj
                0x08008ef8                SDMMC_CmdBlockLength
 .text.SDMMC_CmdReadSingleBlock
                0x08008f2a       0x32 CMakeFiles/STM32H7_Ti.elf.dir/Drivers/STM32H7xx_HAL_Driver/Src/stm32h7xx_ll_sdmmc.c.obj
                0x08008f2a                SDMMC_CmdReadSingleBlock
 .text.SDMMC_CmdReadMultiBlock
                0x08008f5c       0x32 CMakeFiles/STM32H7_Ti.elf.dir/Drivers/STM32H7xx_HAL_Driver/Src/stm32h7xx_ll_sdmmc.c.obj
                0x08008f5c                SDMMC_CmdReadMultiBlock
 .text.SDMMC_CmdWriteSingleBlock
                0x08008f8e       0x32 CMakeFiles/STM32H7_Ti.elf.dir/Drivers/STM32H7xx_HAL_Driver/Src/stm32h7xx_ll_sdmmc.c.obj
                0x08008f8e                SDMMC_CmdWriteSingleBlock
 .text.SDMMC_CmdWriteMultiBlock
                0x08008fc0       0x32 CMakeFiles/STM32H7_Ti.elf.dir/Drivers/STM32H7xx_HAL_Driver/Src/stm32h7xx_ll_sdmmc.c.obj
                0x08008fc0                SDMMC_CmdWriteMultiBlock
 *fill*         0x08008ff2        0x2 
 .text.SDMMC_CmdStopTransfer
                0x08008ff4       0x58 CMakeFiles/STM32H7_Ti.elf.dir/Drivers/STM32H7xx_HAL_Driver/Src/stm32h7xx_ll_sdmmc.c.obj
                0x08008ff4                SDMMC_CmdStopTransfer
 .text.SDMMC_CmdSelDesel
                0x0800904c       0x32 CMakeFiles/STM32H7_Ti.elf.dir/Drivers/STM32H7xx_HAL_Driver/Src/stm32h7xx_ll_sdmmc.c.obj
                0x0800904c                SDMMC_CmdSelDesel
 .text.SDMMC_CmdAppCommand
                0x0800907e       0x32 CMakeFiles/STM32H7_Ti.elf.dir/Drivers/STM32H7xx_HAL_Driver/Src/stm32h7xx_ll_sdmmc.c.obj
                0x0800907e                SDMMC_CmdAppCommand
 .text.SDMMC_CmdBusWidth
                0x080090b0       0x32 CMakeFiles/STM32H7_Ti.elf.dir/Drivers/STM32H7xx_HAL_Driver/Src/stm32h7xx_ll_sdmmc.c.obj
                0x080090b0                SDMMC_CmdBusWidth
 .text.SDMMC_CmdSendSCR
                0x080090e2       0x32 CMakeFiles/STM32H7_Ti.elf.dir/Drivers/STM32H7xx_HAL_Driver/Src/stm32h7xx_ll_sdmmc.c.obj
                0x080090e2                SDMMC_CmdSendSCR
 .text.SDMMC_CmdSendStatus
                0x08009114       0x32 CMakeFiles/STM32H7_Ti.elf.dir/Drivers/STM32H7xx_HAL_Driver/Src/stm32h7xx_ll_sdmmc.c.obj
                0x08009114                SDMMC_CmdSendStatus
 .text.SDMMC_CmdStatusRegister
                0x08009146       0x32 CMakeFiles/STM32H7_Ti.elf.dir/Drivers/STM32H7xx_HAL_Driver/Src/stm32h7xx_ll_sdmmc.c.obj
                0x08009146                SDMMC_CmdStatusRegister
 .text.SDMMC_GetCmdResp2
                0x08009178       0x60 CMakeFiles/STM32H7_Ti.elf.dir/Drivers/STM32H7xx_HAL_Driver/Src/stm32h7xx_ll_sdmmc.c.obj
                0x08009178                SDMMC_GetCmdResp2
 .text.SDMMC_CmdSendCID
                0x080091d8       0x2c CMakeFiles/STM32H7_Ti.elf.dir/Drivers/STM32H7xx_HAL_Driver/Src/stm32h7xx_ll_sdmmc.c.obj
                0x080091d8                SDMMC_CmdSendCID
 .text.SDMMC_CmdSendCSD
                0x08009204       0x2c CMakeFiles/STM32H7_Ti.elf.dir/Drivers/STM32H7xx_HAL_Driver/Src/stm32h7xx_ll_sdmmc.c.obj
                0x08009204                SDMMC_CmdSendCSD
 .text.SDMMC_GetCmdResp3
                0x08009230       0x50 CMakeFiles/STM32H7_Ti.elf.dir/Drivers/STM32H7xx_HAL_Driver/Src/stm32h7xx_ll_sdmmc.c.obj
                0x08009230                SDMMC_GetCmdResp3
 .text.SDMMC_CmdAppOperCommand
                0x08009280       0x2c CMakeFiles/STM32H7_Ti.elf.dir/Drivers/STM32H7xx_HAL_Driver/Src/stm32h7xx_ll_sdmmc.c.obj
                0x08009280                SDMMC_CmdAppOperCommand
 .text.SDMMC_GetCmdResp6
                0x080092ac       0xa4 CMakeFiles/STM32H7_Ti.elf.dir/Drivers/STM32H7xx_HAL_Driver/Src/stm32h7xx_ll_sdmmc.c.obj
                0x080092ac                SDMMC_GetCmdResp6
 .text.SDMMC_CmdSetRelAdd
                0x08009350       0x32 CMakeFiles/STM32H7_Ti.elf.dir/Drivers/STM32H7xx_HAL_Driver/Src/stm32h7xx_ll_sdmmc.c.obj
                0x08009350                SDMMC_CmdSetRelAdd
 *fill*         0x08009382        0x2 
 .text.SDMMC_GetCmdResp7
                0x08009384       0x64 CMakeFiles/STM32H7_Ti.elf.dir/Drivers/STM32H7xx_HAL_Driver/Src/stm32h7xx_ll_sdmmc.c.obj
                0x08009384                SDMMC_GetCmdResp7
 .text.SDMMC_CmdOperCond
                0x080093e8       0x30 CMakeFiles/STM32H7_Ti.elf.dir/Drivers/STM32H7xx_HAL_Driver/Src/stm32h7xx_ll_sdmmc.c.obj
                0x080093e8                SDMMC_CmdOperCond
 .text.MX_FATFS_Init
                0x08009418       0x1c CMakeFiles/STM32H7_Ti.elf.dir/FATFS/App/fatfs.c.obj
                0x08009418                MX_FATFS_Init
 .text.BSP_SD_ReadBlocks_DMA
                0x08009434       0x18 CMakeFiles/STM32H7_Ti.elf.dir/FATFS/Target/bsp_driver_sd.c.obj
                0x08009434                BSP_SD_ReadBlocks_DMA
 .text.BSP_SD_WriteBlocks_DMA
                0x0800944c       0x18 CMakeFiles/STM32H7_Ti.elf.dir/FATFS/Target/bsp_driver_sd.c.obj
                0x0800944c                BSP_SD_WriteBlocks_DMA
 .text.BSP_SD_GetCardState
                0x08009464       0x14 CMakeFiles/STM32H7_Ti.elf.dir/FATFS/Target/bsp_driver_sd.c.obj
                0x08009464                BSP_SD_GetCardState
 .text.BSP_SD_GetCardInfo
                0x08009478       0x10 CMakeFiles/STM32H7_Ti.elf.dir/FATFS/Target/bsp_driver_sd.c.obj
                0x08009478                BSP_SD_GetCardInfo
 .text.HAL_SD_TxCpltCallback
                0x08009488        0x8 CMakeFiles/STM32H7_Ti.elf.dir/FATFS/Target/bsp_driver_sd.c.obj
                0x08009488                HAL_SD_TxCpltCallback
 .text.HAL_SD_RxCpltCallback
                0x08009490        0x8 CMakeFiles/STM32H7_Ti.elf.dir/FATFS/Target/bsp_driver_sd.c.obj
                0x08009490                HAL_SD_RxCpltCallback
 .text.BSP_SD_IsDetected
                0x08009498       0x20 CMakeFiles/STM32H7_Ti.elf.dir/FATFS/Target/bsp_driver_sd.c.obj
                0x08009498                BSP_SD_IsDetected
 .text.BSP_SD_Init
                0x080094b8       0x34 CMakeFiles/STM32H7_Ti.elf.dir/FATFS/Target/bsp_driver_sd.c.obj
                0x080094b8                BSP_SD_Init
 .text.BSP_PlatformIsDetected
                0x080094ec       0x18 CMakeFiles/STM32H7_Ti.elf.dir/FATFS/Target/fatfs_platform.c.obj
                0x080094ec                BSP_PlatformIsDetected
 .text.SD_CheckStatus
                0x08009504       0x24 CMakeFiles/STM32H7_Ti.elf.dir/FATFS/Target/sd_diskio.c.obj
 .text.SD_initialize
                0x08009528       0x74 CMakeFiles/STM32H7_Ti.elf.dir/FATFS/Target/sd_diskio.c.obj
                0x08009528                SD_initialize
 .text.SD_status
                0x0800959c        0x8 CMakeFiles/STM32H7_Ti.elf.dir/FATFS/Target/sd_diskio.c.obj
                0x0800959c                SD_status
 .text.SD_CheckStatusWithTimeout
                0x080095a4       0x26 CMakeFiles/STM32H7_Ti.elf.dir/FATFS/Target/sd_diskio.c.obj
 *fill*         0x080095ca        0x2 
 .text.SD_read  0x080095cc       0x74 CMakeFiles/STM32H7_Ti.elf.dir/FATFS/Target/sd_diskio.c.obj
                0x080095cc                SD_read
 .text.SD_write
                0x08009640       0x74 CMakeFiles/STM32H7_Ti.elf.dir/FATFS/Target/sd_diskio.c.obj
                0x08009640                SD_write
 .text.SD_ioctl
                0x080096b4       0x58 CMakeFiles/STM32H7_Ti.elf.dir/FATFS/Target/sd_diskio.c.obj
                0x080096b4                SD_ioctl
 .text.BSP_SD_WriteCpltCallback
                0x0800970c       0x14 CMakeFiles/STM32H7_Ti.elf.dir/FATFS/Target/sd_diskio.c.obj
                0x0800970c                BSP_SD_WriteCpltCallback
 .text.BSP_SD_ReadCpltCallback
                0x08009720       0x14 CMakeFiles/STM32H7_Ti.elf.dir/FATFS/Target/sd_diskio.c.obj
                0x08009720                BSP_SD_ReadCpltCallback
 .text.FATFS_LinkDriverEx
                0x08009734       0x54 CMakeFiles/STM32H7_Ti.elf.dir/Middlewares/Third_Party/FatFs/src/ff_gen_drv.c.obj
                0x08009734                FATFS_LinkDriverEx
 .text.FATFS_LinkDriver
                0x08009788        0xa CMakeFiles/STM32H7_Ti.elf.dir/Middlewares/Third_Party/FatFs/src/ff_gen_drv.c.obj
                0x08009788                FATFS_LinkDriver
 .text.makeFreeRtosPriority
                0x08009792        0xc CMakeFiles/STM32H7_Ti.elf.dir/Middlewares/Third_Party/FreeRTOS/Source/CMSIS_RTOS/cmsis_os.c.obj
 .text.inHandlerMode
                0x0800979e        0xc CMakeFiles/STM32H7_Ti.elf.dir/Middlewares/Third_Party/FreeRTOS/Source/CMSIS_RTOS/cmsis_os.c.obj
 .text.osKernelStart
                0x080097aa        0xa CMakeFiles/STM32H7_Ti.elf.dir/Middlewares/Third_Party/FreeRTOS/Source/CMSIS_RTOS/cmsis_os.c.obj
                0x080097aa                osKernelStart
 .text.osKernelRunning
                0x080097b4       0x12 CMakeFiles/STM32H7_Ti.elf.dir/Middlewares/Third_Party/FreeRTOS/Source/CMSIS_RTOS/cmsis_os.c.obj
                0x080097b4                osKernelRunning
 .text.osKernelSysTick
                0x080097c6       0x14 CMakeFiles/STM32H7_Ti.elf.dir/Middlewares/Third_Party/FreeRTOS/Source/CMSIS_RTOS/cmsis_os.c.obj
                0x080097c6                osKernelSysTick
 .text.osThreadCreate
                0x080097da       0x6a CMakeFiles/STM32H7_Ti.elf.dir/Middlewares/Third_Party/FreeRTOS/Source/CMSIS_RTOS/cmsis_os.c.obj
                0x080097da                osThreadCreate
 .text.osDelay  0x08009844        0xe CMakeFiles/STM32H7_Ti.elf.dir/Middlewares/Third_Party/FreeRTOS/Source/CMSIS_RTOS/cmsis_os.c.obj
                0x08009844                osDelay
 .text.osMutexCreate
                0x08009852       0x16 CMakeFiles/STM32H7_Ti.elf.dir/Middlewares/Third_Party/FreeRTOS/Source/CMSIS_RTOS/cmsis_os.c.obj
                0x08009852                osMutexCreate
 .text.osMessageCreate
                0x08009868       0x2a CMakeFiles/STM32H7_Ti.elf.dir/Middlewares/Third_Party/FreeRTOS/Source/CMSIS_RTOS/cmsis_os.c.obj
                0x08009868                osMessageCreate
 .text.osMessagePut
                0x08009892       0x66 CMakeFiles/STM32H7_Ti.elf.dir/Middlewares/Third_Party/FreeRTOS/Source/CMSIS_RTOS/cmsis_os.c.obj
                0x08009892                osMessagePut
 .text.osMessageGet
                0x080098f8       0x88 CMakeFiles/STM32H7_Ti.elf.dir/Middlewares/Third_Party/FreeRTOS/Source/CMSIS_RTOS/cmsis_os.c.obj
                0x080098f8                osMessageGet
 .text.osThreadSuspend
                0x08009980        0xa CMakeFiles/STM32H7_Ti.elf.dir/Middlewares/Third_Party/FreeRTOS/Source/CMSIS_RTOS/cmsis_os.c.obj
                0x08009980                osThreadSuspend
 .text.osThreadResume
                0x0800998a       0x34 CMakeFiles/STM32H7_Ti.elf.dir/Middlewares/Third_Party/FreeRTOS/Source/CMSIS_RTOS/cmsis_os.c.obj
                0x0800998a                osThreadResume
 .text.vListInitialise
                0x080099be       0x16 CMakeFiles/STM32H7_Ti.elf.dir/Middlewares/Third_Party/FreeRTOS/Source/list.c.obj
                0x080099be                vListInitialise
 .text.vListInitialiseItem
                0x080099d4        0x6 CMakeFiles/STM32H7_Ti.elf.dir/Middlewares/Third_Party/FreeRTOS/Source/list.c.obj
                0x080099d4                vListInitialiseItem
 .text.vListInsertEnd
                0x080099da       0x16 CMakeFiles/STM32H7_Ti.elf.dir/Middlewares/Third_Party/FreeRTOS/Source/list.c.obj
                0x080099da                vListInsertEnd
 .text.vListInsert
                0x080099f0       0x32 CMakeFiles/STM32H7_Ti.elf.dir/Middlewares/Third_Party/FreeRTOS/Source/list.c.obj
                0x080099f0                vListInsert
 .text.uxListRemove
                0x08009a22       0x26 CMakeFiles/STM32H7_Ti.elf.dir/Middlewares/Third_Party/FreeRTOS/Source/list.c.obj
                0x08009a22                uxListRemove
 .text.prvTaskExitError
                0x08009a48       0x40 CMakeFiles/STM32H7_Ti.elf.dir/Middlewares/Third_Party/FreeRTOS/Source/portable/GCC/ARM_CM4F/port.c.obj
 .text.prvPortStartFirstTask
                0x08009a88       0x28 CMakeFiles/STM32H7_Ti.elf.dir/Middlewares/Third_Party/FreeRTOS/Source/portable/GCC/ARM_CM4F/port.c.obj
 .text.vPortEnableVFP
                0x08009ab0       0x14 CMakeFiles/STM32H7_Ti.elf.dir/Middlewares/Third_Party/FreeRTOS/Source/portable/GCC/ARM_CM4F/port.c.obj
 .text.pxPortInitialiseStack
                0x08009ac4       0x2c CMakeFiles/STM32H7_Ti.elf.dir/Middlewares/Third_Party/FreeRTOS/Source/portable/GCC/ARM_CM4F/port.c.obj
                0x08009ac4                pxPortInitialiseStack
 .text.SVC_Handler
                0x08009af0       0x24 CMakeFiles/STM32H7_Ti.elf.dir/Middlewares/Third_Party/FreeRTOS/Source/portable/GCC/ARM_CM4F/port.c.obj
                0x08009af0                SVC_Handler
 .text.vPortEnterCritical
                0x08009b14       0x44 CMakeFiles/STM32H7_Ti.elf.dir/Middlewares/Third_Party/FreeRTOS/Source/portable/GCC/ARM_CM4F/port.c.obj
                0x08009b14                vPortEnterCritical
 .text.vPortExitCritical
                0x08009b58       0x2c CMakeFiles/STM32H7_Ti.elf.dir/Middlewares/Third_Party/FreeRTOS/Source/portable/GCC/ARM_CM4F/port.c.obj
                0x08009b58                vPortExitCritical
 *fill*         0x08009b84        0xc 
 .text.PendSV_Handler
                0x08009b90       0x64 CMakeFiles/STM32H7_Ti.elf.dir/Middlewares/Third_Party/FreeRTOS/Source/portable/GCC/ARM_CM4F/port.c.obj
                0x08009b90                PendSV_Handler
 .text.xPortSysTickHandler
                0x08009bf4       0x2c CMakeFiles/STM32H7_Ti.elf.dir/Middlewares/Third_Party/FreeRTOS/Source/portable/GCC/ARM_CM4F/port.c.obj
                0x08009bf4                xPortSysTickHandler
 .text.vPortSetupTimerInterrupt
                0x08009c20       0x28 CMakeFiles/STM32H7_Ti.elf.dir/Middlewares/Third_Party/FreeRTOS/Source/portable/GCC/ARM_CM4F/port.c.obj
                0x08009c20                vPortSetupTimerInterrupt
 .text.xPortStartScheduler
                0x08009c48      0x118 CMakeFiles/STM32H7_Ti.elf.dir/Middlewares/Third_Party/FreeRTOS/Source/portable/GCC/ARM_CM4F/port.c.obj
                0x08009c48                xPortStartScheduler
 .text.vPortValidateInterruptPriority
                0x08009d60       0x5c CMakeFiles/STM32H7_Ti.elf.dir/Middlewares/Third_Party/FreeRTOS/Source/portable/GCC/ARM_CM4F/port.c.obj
                0x08009d60                vPortValidateInterruptPriority
 .text.prvHeapInit
                0x08009dbc       0x64 CMakeFiles/STM32H7_Ti.elf.dir/Middlewares/Third_Party/FreeRTOS/Source/portable/MemMang/heap_4.c.obj
 .text.prvInsertBlockIntoFreeList
                0x08009e20       0x64 CMakeFiles/STM32H7_Ti.elf.dir/Middlewares/Third_Party/FreeRTOS/Source/portable/MemMang/heap_4.c.obj
 .text.pvPortMalloc
                0x08009e84       0xfc CMakeFiles/STM32H7_Ti.elf.dir/Middlewares/Third_Party/FreeRTOS/Source/portable/MemMang/heap_4.c.obj
                0x08009e84                pvPortMalloc
 .text.vPortFree
                0x08009f80       0x7c CMakeFiles/STM32H7_Ti.elf.dir/Middlewares/Third_Party/FreeRTOS/Source/portable/MemMang/heap_4.c.obj
                0x08009f80                vPortFree
 .text.prvIsQueueFull
                0x08009ffc       0x1e CMakeFiles/STM32H7_Ti.elf.dir/Middlewares/Third_Party/FreeRTOS/Source/queue.c.obj
 .text.prvIsQueueEmpty
                0x0800a01a       0x1a CMakeFiles/STM32H7_Ti.elf.dir/Middlewares/Third_Party/FreeRTOS/Source/queue.c.obj
 .text.prvCopyDataToQueue
                0x0800a034       0x76 CMakeFiles/STM32H7_Ti.elf.dir/Middlewares/Third_Party/FreeRTOS/Source/queue.c.obj
 .text.prvCopyDataFromQueue
                0x0800a0aa       0x24 CMakeFiles/STM32H7_Ti.elf.dir/Middlewares/Third_Party/FreeRTOS/Source/queue.c.obj
 .text.prvUnlockQueue
                0x0800a0ce       0x6e CMakeFiles/STM32H7_Ti.elf.dir/Middlewares/Third_Party/FreeRTOS/Source/queue.c.obj
 .text.xQueueGenericReset
                0x0800a13c       0x84 CMakeFiles/STM32H7_Ti.elf.dir/Middlewares/Third_Party/FreeRTOS/Source/queue.c.obj
                0x0800a13c                xQueueGenericReset
 .text.prvInitialiseNewQueue
                0x0800a1c0       0x1c CMakeFiles/STM32H7_Ti.elf.dir/Middlewares/Third_Party/FreeRTOS/Source/queue.c.obj
 .text.xQueueGenericCreateStatic
                0x0800a1dc       0xa6 CMakeFiles/STM32H7_Ti.elf.dir/Middlewares/Third_Party/FreeRTOS/Source/queue.c.obj
                0x0800a1dc                xQueueGenericCreateStatic
 .text.xQueueGenericCreate
                0x0800a282       0x48 CMakeFiles/STM32H7_Ti.elf.dir/Middlewares/Third_Party/FreeRTOS/Source/queue.c.obj
                0x0800a282                xQueueGenericCreate
 .text.xQueueGenericSend
                0x0800a2ca      0x188 CMakeFiles/STM32H7_Ti.elf.dir/Middlewares/Third_Party/FreeRTOS/Source/queue.c.obj
                0x0800a2ca                xQueueGenericSend
 .text.prvInitialiseMutex
                0x0800a452       0x18 CMakeFiles/STM32H7_Ti.elf.dir/Middlewares/Third_Party/FreeRTOS/Source/queue.c.obj
 .text.xQueueCreateMutex
                0x0800a46a       0x16 CMakeFiles/STM32H7_Ti.elf.dir/Middlewares/Third_Party/FreeRTOS/Source/queue.c.obj
                0x0800a46a                xQueueCreateMutex
 .text.xQueueCreateMutexStatic
                0x0800a480       0x1e CMakeFiles/STM32H7_Ti.elf.dir/Middlewares/Third_Party/FreeRTOS/Source/queue.c.obj
                0x0800a480                xQueueCreateMutexStatic
 .text.xQueueGenericSendFromISR
                0x0800a49e       0xce CMakeFiles/STM32H7_Ti.elf.dir/Middlewares/Third_Party/FreeRTOS/Source/queue.c.obj
                0x0800a49e                xQueueGenericSendFromISR
 .text.xQueueReceive
                0x0800a56c      0x15e CMakeFiles/STM32H7_Ti.elf.dir/Middlewares/Third_Party/FreeRTOS/Source/queue.c.obj
                0x0800a56c                xQueueReceive
 .text.xQueueReceiveFromISR
                0x0800a6ca       0xa8 CMakeFiles/STM32H7_Ti.elf.dir/Middlewares/Third_Party/FreeRTOS/Source/queue.c.obj
                0x0800a6ca                xQueueReceiveFromISR
 *fill*         0x0800a772        0x2 
 .text.prvTaskIsTaskSuspended
                0x0800a774       0x40 CMakeFiles/STM32H7_Ti.elf.dir/Middlewares/Third_Party/FreeRTOS/Source/tasks.c.obj
 .text.prvResetNextTaskUnblockTime
                0x0800a7b4       0x2c CMakeFiles/STM32H7_Ti.elf.dir/Middlewares/Third_Party/FreeRTOS/Source/tasks.c.obj
 .text.prvInitialiseNewTask
                0x0800a7e0       0xfe CMakeFiles/STM32H7_Ti.elf.dir/Middlewares/Third_Party/FreeRTOS/Source/tasks.c.obj
 *fill*         0x0800a8de        0x2 
 .text.prvInitialiseTaskLists
                0x0800a8e0       0x68 CMakeFiles/STM32H7_Ti.elf.dir/Middlewares/Third_Party/FreeRTOS/Source/tasks.c.obj
 .text.prvAddNewTaskToReadyList
                0x0800a948       0xa8 CMakeFiles/STM32H7_Ti.elf.dir/Middlewares/Third_Party/FreeRTOS/Source/tasks.c.obj
 .text.prvDeleteTCB
                0x0800a9f0       0x40 CMakeFiles/STM32H7_Ti.elf.dir/Middlewares/Third_Party/FreeRTOS/Source/tasks.c.obj
 .text.prvCheckTasksWaitingTermination
                0x0800aa30       0x4c CMakeFiles/STM32H7_Ti.elf.dir/Middlewares/Third_Party/FreeRTOS/Source/tasks.c.obj
 .text.prvIdleTask
                0x0800aa7c       0x28 CMakeFiles/STM32H7_Ti.elf.dir/Middlewares/Third_Party/FreeRTOS/Source/tasks.c.obj
 .text.prvAddCurrentTaskToDelayedList
                0x0800aaa4       0xa0 CMakeFiles/STM32H7_Ti.elf.dir/Middlewares/Third_Party/FreeRTOS/Source/tasks.c.obj
 .text.xTaskCreateStatic
                0x0800ab44       0x7a CMakeFiles/STM32H7_Ti.elf.dir/Middlewares/Third_Party/FreeRTOS/Source/tasks.c.obj
                0x0800ab44                xTaskCreateStatic
 .text.xTaskCreate
                0x0800abbe       0x6a CMakeFiles/STM32H7_Ti.elf.dir/Middlewares/Third_Party/FreeRTOS/Source/tasks.c.obj
                0x0800abbe                xTaskCreate
 .text.vTaskResume
                0x0800ac28       0x88 CMakeFiles/STM32H7_Ti.elf.dir/Middlewares/Third_Party/FreeRTOS/Source/tasks.c.obj
                0x0800ac28                vTaskResume
 .text.xTaskResumeFromISR
                0x0800acb0       0xa4 CMakeFiles/STM32H7_Ti.elf.dir/Middlewares/Third_Party/FreeRTOS/Source/tasks.c.obj
                0x0800acb0                xTaskResumeFromISR
 .text.vTaskStartScheduler
                0x0800ad54       0x84 CMakeFiles/STM32H7_Ti.elf.dir/Middlewares/Third_Party/FreeRTOS/Source/tasks.c.obj
                0x0800ad54                vTaskStartScheduler
 .text.vTaskSuspendAll
                0x0800add8       0x10 CMakeFiles/STM32H7_Ti.elf.dir/Middlewares/Third_Party/FreeRTOS/Source/tasks.c.obj
                0x0800add8                vTaskSuspendAll
 .text.xTaskGetTickCount
                0x0800ade8        0xc CMakeFiles/STM32H7_Ti.elf.dir/Middlewares/Third_Party/FreeRTOS/Source/tasks.c.obj
                0x0800ade8                xTaskGetTickCount
 .text.xTaskGetTickCountFromISR
                0x0800adf4       0x10 CMakeFiles/STM32H7_Ti.elf.dir/Middlewares/Third_Party/FreeRTOS/Source/tasks.c.obj
                0x0800adf4                xTaskGetTickCountFromISR
 .text.xTaskIncrementTick
                0x0800ae04      0x12c CMakeFiles/STM32H7_Ti.elf.dir/Middlewares/Third_Party/FreeRTOS/Source/tasks.c.obj
                0x0800ae04                xTaskIncrementTick
 .text.xTaskResumeAll
                0x0800af30       0xf8 CMakeFiles/STM32H7_Ti.elf.dir/Middlewares/Third_Party/FreeRTOS/Source/tasks.c.obj
                0x0800af30                xTaskResumeAll
 .text.vTaskDelay
                0x0800b028       0x4c CMakeFiles/STM32H7_Ti.elf.dir/Middlewares/Third_Party/FreeRTOS/Source/tasks.c.obj
                0x0800b028                vTaskDelay
 .text.vTaskSwitchContext
                0x0800b074       0xa4 CMakeFiles/STM32H7_Ti.elf.dir/Middlewares/Third_Party/FreeRTOS/Source/tasks.c.obj
                0x0800b074                vTaskSwitchContext
 .text.vTaskSuspend
                0x0800b118       0xe8 CMakeFiles/STM32H7_Ti.elf.dir/Middlewares/Third_Party/FreeRTOS/Source/tasks.c.obj
                0x0800b118                vTaskSuspend
 .text.vTaskPlaceOnEventList
                0x0800b200       0x30 CMakeFiles/STM32H7_Ti.elf.dir/Middlewares/Third_Party/FreeRTOS/Source/tasks.c.obj
                0x0800b200                vTaskPlaceOnEventList
 .text.xTaskRemoveFromEventList
                0x0800b230       0x8c CMakeFiles/STM32H7_Ti.elf.dir/Middlewares/Third_Party/FreeRTOS/Source/tasks.c.obj
                0x0800b230                xTaskRemoveFromEventList
 .text.vTaskInternalSetTimeOutState
                0x0800b2bc       0x18 CMakeFiles/STM32H7_Ti.elf.dir/Middlewares/Third_Party/FreeRTOS/Source/tasks.c.obj
                0x0800b2bc                vTaskInternalSetTimeOutState
 .text.xTaskCheckForTimeOut
                0x0800b2d4       0x84 CMakeFiles/STM32H7_Ti.elf.dir/Middlewares/Third_Party/FreeRTOS/Source/tasks.c.obj
                0x0800b2d4                xTaskCheckForTimeOut
 .text.vTaskMissedYield
                0x0800b358        0xc CMakeFiles/STM32H7_Ti.elf.dir/Middlewares/Third_Party/FreeRTOS/Source/tasks.c.obj
                0x0800b358                vTaskMissedYield
 .text.xTaskGetSchedulerState
                0x0800b364       0x20 CMakeFiles/STM32H7_Ti.elf.dir/Middlewares/Third_Party/FreeRTOS/Source/tasks.c.obj
                0x0800b364                xTaskGetSchedulerState
 .text.xTaskPriorityDisinherit
                0x0800b384       0xb4 CMakeFiles/STM32H7_Ti.elf.dir/Middlewares/Third_Party/FreeRTOS/Source/tasks.c.obj
                0x0800b384                xTaskPriorityDisinherit
 .text.button_init
                0x0800b438       0x30 CMakeFiles/STM32H7_Ti.elf.dir/UserApp/Button/multi_button.c.obj
                0x0800b438                button_init
 .text.button_attach
                0x0800b468        0x8 CMakeFiles/STM32H7_Ti.elf.dir/UserApp/Button/multi_button.c.obj
                0x0800b468                button_attach
 .text.button_handler
                0x0800b470      0x210 CMakeFiles/STM32H7_Ti.elf.dir/UserApp/Button/multi_button.c.obj
                0x0800b470                button_handler
 .text.button_start
                0x0800b680       0x24 CMakeFiles/STM32H7_Ti.elf.dir/UserApp/Button/multi_button.c.obj
                0x0800b680                button_start
 .text.button_ticks
                0x0800b6a4       0x1c CMakeFiles/STM32H7_Ti.elf.dir/UserApp/Button/multi_button.c.obj
                0x0800b6a4                button_ticks
 .text.read_KEY1_GPIO
                0x0800b6c0       0x10 CMakeFiles/STM32H7_Ti.elf.dir/UserApp/Button/multi_button.c.obj
                0x0800b6c0                read_KEY1_GPIO
 .text.read_KEY2_GPIO
                0x0800b6d0       0x10 CMakeFiles/STM32H7_Ti.elf.dir/UserApp/Button/multi_button.c.obj
                0x0800b6d0                read_KEY2_GPIO
 .text.read_KEY3_GPIO
                0x0800b6e0       0x10 CMakeFiles/STM32H7_Ti.elf.dir/UserApp/Button/multi_button.c.obj
                0x0800b6e0                read_KEY3_GPIO
 .text.KEY1_PRESS_DOWN_Handler
                0x0800b6f0       0xd0 CMakeFiles/STM32H7_Ti.elf.dir/UserApp/Button/multi_button.c.obj
                0x0800b6f0                KEY1_PRESS_DOWN_Handler
 .text.KEY2_PRESS_DOWN_Handler
                0x0800b7c0       0x54 CMakeFiles/STM32H7_Ti.elf.dir/UserApp/Button/multi_button.c.obj
                0x0800b7c0                KEY2_PRESS_DOWN_Handler
 .text.KEY3_PRESS_DOWN_Handler
                0x0800b814       0x30 CMakeFiles/STM32H7_Ti.elf.dir/UserApp/Button/multi_button.c.obj
                0x0800b814                KEY3_PRESS_DOWN_Handler
 .text.ADRC_Init
                0x0800b844       0x28 CMakeFiles/STM32H7_Ti.elf.dir/UserApp/Filter/ADRC.c.obj
                0x0800b844                ADRC_Init
 .text.Low_Pass_Filter
                0x0800b86c       0x74 CMakeFiles/STM32H7_Ti.elf.dir/UserApp/Filter/Filter.c.obj
                0x0800b86c                Low_Pass_Filter
 .text.Window_Slide_Filter
                0x0800b8e0       0x5a CMakeFiles/STM32H7_Ti.elf.dir/UserApp/Filter/Filter.c.obj
                0x0800b8e0                Window_Slide_Filter
 .text.Pid_Init
                0x0800b93a        0xe CMakeFiles/STM32H7_Ti.elf.dir/UserApp/My_PID/my_PID.c.obj
                0x0800b93a                Pid_Init
 .text.Pid_Value_Init
                0x0800b948       0x44 CMakeFiles/STM32H7_Ti.elf.dir/UserApp/My_PID/my_PID.c.obj
                0x0800b948                Pid_Value_Init
 .text.Position_Pid_Calculate
                0x0800b98c       0xf6 CMakeFiles/STM32H7_Ti.elf.dir/UserApp/My_PID/my_PID.c.obj
                0x0800b98c                Position_Pid_Calculate
 .text.getAngle2Pulse
                0x0800ba82        0x6 CMakeFiles/STM32H7_Ti.elf.dir/UserApp/ServoMotor/SG90.c.obj
                0x0800ba82                getAngle2Pulse
 .text.move2TargetAngle
                0x0800ba88       0x80 CMakeFiles/STM32H7_Ti.elf.dir/UserApp/ServoMotor/SG90.c.obj
                0x0800ba88                move2TargetAngle
 .text.setAngle_180
                0x0800bb08       0x68 CMakeFiles/STM32H7_Ti.elf.dir/UserApp/ServoMotor/SG90.c.obj
                0x0800bb08                setAngle_180
 .text.setAngle_270
                0x0800bb70       0x80 CMakeFiles/STM32H7_Ti.elf.dir/UserApp/ServoMotor/SG90.c.obj
                0x0800bb70                setAngle_270
 .text.SG90_scan
                0x0800bbf0       0xb4 CMakeFiles/STM32H7_Ti.elf.dir/UserApp/ServoMotor/SG90.c.obj
                0x0800bbf0                SG90_scan
 .text.SG90_Create
                0x0800bca4       0x34 CMakeFiles/STM32H7_Ti.elf.dir/UserApp/ServoMotor/SG90.c.obj
                0x0800bca4                SG90_Create
 .text.SG90_init
                0x0800bcd8       0x8c CMakeFiles/STM32H7_Ti.elf.dir/UserApp/ServoMotor/SG90.c.obj
                0x0800bcd8                SG90_init
 .text.ReformatBuffer
                0x0800bd64      0x584 CMakeFiles/STM32H7_Ti.elf.dir/UserApp/retarget.c.obj
                0x0800bd64                ReformatBuffer
 .text.__errno  0x0800c2e8        0xc d:/armcomplier/gcc-arm-none-eabi-10-2020-q4-major/bin/../lib/gcc/arm-none-eabi/10.2.1/../../../../arm-none-eabi/lib/thumb/v7e-m+fp/hard\libg.a(lib_a-errno.o)
                0x0800c2e8                __errno
 .text.__libc_init_array
                0x0800c2f4       0x48 d:/armcomplier/gcc-arm-none-eabi-10-2020-q4-major/bin/../lib/gcc/arm-none-eabi/10.2.1/../../../../arm-none-eabi/lib/thumb/v7e-m+fp/hard\libg.a(lib_a-init.o)
                0x0800c2f4                __libc_init_array
 .text.memset   0x0800c33c       0xa4 d:/armcomplier/gcc-arm-none-eabi-10-2020-q4-major/bin/../lib/gcc/arm-none-eabi/10.2.1/../../../../arm-none-eabi/lib/thumb/v7e-m+fp/hard\libg.a(lib_a-memset.o)
                0x0800c33c                memset
 .text.__malloc_lock
                0x0800c3e0        0xc d:/armcomplier/gcc-arm-none-eabi-10-2020-q4-major/bin/../lib/gcc/arm-none-eabi/10.2.1/../../../../arm-none-eabi/lib/thumb/v7e-m+fp/hard\libg.a(lib_a-mlock.o)
                0x0800c3e0                __malloc_lock
 .text.__malloc_unlock
                0x0800c3ec        0xc d:/armcomplier/gcc-arm-none-eabi-10-2020-q4-major/bin/../lib/gcc/arm-none-eabi/10.2.1/../../../../arm-none-eabi/lib/thumb/v7e-m+fp/hard\libg.a(lib_a-mlock.o)
                0x0800c3ec                __malloc_unlock
 .text.cleanup_glue
                0x0800c3f8       0x48 d:/armcomplier/gcc-arm-none-eabi-10-2020-q4-major/bin/../lib/gcc/arm-none-eabi/10.2.1/../../../../arm-none-eabi/lib/thumb/v7e-m+fp/hard\libg.a(lib_a-reent.o)
                0x0800c3f8                cleanup_glue
 .text._reclaim_reent
                0x0800c440       0x90 d:/armcomplier/gcc-arm-none-eabi-10-2020-q4-major/bin/../lib/gcc/arm-none-eabi/10.2.1/../../../../arm-none-eabi/lib/thumb/v7e-m+fp/hard\libg.a(lib_a-reent.o)
                0x0800c440                _reclaim_reent
 .text._sbrk_r  0x0800c4d0       0x24 d:/armcomplier/gcc-arm-none-eabi-10-2020-q4-major/bin/../lib/gcc/arm-none-eabi/10.2.1/../../../../arm-none-eabi/lib/thumb/v7e-m+fp/hard\libg.a(lib_a-sbrkr.o)
                0x0800c4d0                _sbrk_r
 .text.startup.register_fini
                0x0800c4f4       0x14 d:/armcomplier/gcc-arm-none-eabi-10-2020-q4-major/bin/../lib/gcc/arm-none-eabi/10.2.1/../../../../arm-none-eabi/lib/thumb/v7e-m+fp/hard\libg.a(lib_a-__call_atexit.o)
 .text.atexit   0x0800c508        0xc d:/armcomplier/gcc-arm-none-eabi-10-2020-q4-major/bin/../lib/gcc/arm-none-eabi/10.2.1/../../../../arm-none-eabi/lib/thumb/v7e-m+fp/hard\libg.a(lib_a-atexit.o)
                0x0800c508                atexit
 .text.__libc_fini_array
                0x0800c514       0x2c d:/armcomplier/gcc-arm-none-eabi-10-2020-q4-major/bin/../lib/gcc/arm-none-eabi/10.2.1/../../../../arm-none-eabi/lib/thumb/v7e-m+fp/hard\libg.a(lib_a-fini.o)
                0x0800c514                __libc_fini_array
 .text._malloc_trim_r
                0x0800c540       0xa0 d:/armcomplier/gcc-arm-none-eabi-10-2020-q4-major/bin/../lib/gcc/arm-none-eabi/10.2.1/../../../../arm-none-eabi/lib/thumb/v7e-m+fp/hard\libg.a(lib_a-freer.o)
                0x0800c540                _malloc_trim_r
 .text._free_r  0x0800c5e0      0x20c d:/armcomplier/gcc-arm-none-eabi-10-2020-q4-major/bin/../lib/gcc/arm-none-eabi/10.2.1/../../../../arm-none-eabi/lib/thumb/v7e-m+fp/hard\libg.a(lib_a-freer.o)
                0x0800c5e0                _free_r
 .text.__retarget_lock_acquire_recursive
                0x0800c7ec        0x4 d:/armcomplier/gcc-arm-none-eabi-10-2020-q4-major/bin/../lib/gcc/arm-none-eabi/10.2.1/../../../../arm-none-eabi/lib/thumb/v7e-m+fp/hard\libg.a(lib_a-lock.o)
                0x0800c7ec                __retarget_lock_acquire_recursive
 .text.__retarget_lock_release_recursive
                0x0800c7f0        0x4 d:/armcomplier/gcc-arm-none-eabi-10-2020-q4-major/bin/../lib/gcc/arm-none-eabi/10.2.1/../../../../arm-none-eabi/lib/thumb/v7e-m+fp/hard\libg.a(lib_a-lock.o)
                0x0800c7f0                __retarget_lock_release_recursive
 .text.__register_exitproc
                0x0800c7f4       0x8c d:/armcomplier/gcc-arm-none-eabi-10-2020-q4-major/bin/../lib/gcc/arm-none-eabi/10.2.1/../../../../arm-none-eabi/lib/thumb/v7e-m+fp/hard\libg.a(lib_a-__atexit.o)
                0x0800c7f4                __register_exitproc
 *(.glue_7)
 .glue_7        0x0800c880        0x0 linker stubs
 *(.glue_7t)
 .glue_7t       0x0800c880        0x0 linker stubs
 *(.eh_frame)
 .eh_frame      0x0800c880        0x0 d:/armcomplier/gcc-arm-none-eabi-10-2020-q4-major/bin/../lib/gcc/arm-none-eabi/10.2.1/thumb/v7e-m+fp/hard/crtbegin.o
 *(.init)
 .init          0x0800c880        0x4 d:/armcomplier/gcc-arm-none-eabi-10-2020-q4-major/bin/../lib/gcc/arm-none-eabi/10.2.1/thumb/v7e-m+fp/hard/crti.o
                0x0800c880                _init
 .init          0x0800c884        0x8 d:/armcomplier/gcc-arm-none-eabi-10-2020-q4-major/bin/../lib/gcc/arm-none-eabi/10.2.1/thumb/v7e-m+fp/hard/crtn.o
 *(.fini)
 .fini          0x0800c88c        0x4 d:/armcomplier/gcc-arm-none-eabi-10-2020-q4-major/bin/../lib/gcc/arm-none-eabi/10.2.1/thumb/v7e-m+fp/hard/crti.o
                0x0800c88c                _fini
 .fini          0x0800c890        0x8 d:/armcomplier/gcc-arm-none-eabi-10-2020-q4-major/bin/../lib/gcc/arm-none-eabi/10.2.1/thumb/v7e-m+fp/hard/crtn.o
                0x0800c898                . = ALIGN (0x4)
                0x0800c898                _etext = .

.vfp11_veneer   0x0800c898        0x0
 .vfp11_veneer  0x0800c898        0x0 linker stubs

.v4_bx          0x0800c898        0x0
 .v4_bx         0x0800c898        0x0 linker stubs

.iplt           0x0800c898        0x0
 .iplt          0x0800c898        0x0 d:/armcomplier/gcc-arm-none-eabi-10-2020-q4-major/bin/../lib/gcc/arm-none-eabi/10.2.1/thumb/v7e-m+fp/hard/crtbegin.o

.rodata         0x0800c898      0x188
                0x0800c898                . = ALIGN (0x4)
 *(.rodata)
 .rodata        0x0800c898       0x1c CMakeFiles/STM32H7_Ti.elf.dir/Core/Src/main.c.obj
 .rodata        0x0800c8b4       0x10 CMakeFiles/STM32H7_Ti.elf.dir/FATFS/Target/sd_diskio.c.obj
 *(.rodata*)
 .rodata.str1.4
                0x0800c8c4       0x4d CMakeFiles/STM32H7_Ti.elf.dir/Core/Src/main.c.obj
 *fill*         0x0800c911        0x3 
 .rodata.os_mutex_def_SPI1Mutex
                0x0800c914        0x8 CMakeFiles/STM32H7_Ti.elf.dir/Core/Src/main.c.obj
                0x0800c914                os_mutex_def_SPI1Mutex
 .rodata.os_mutex_def_printfMutex
                0x0800c91c        0x8 CMakeFiles/STM32H7_Ti.elf.dir/Core/Src/main.c.obj
                0x0800c91c                os_mutex_def_printfMutex
 .rodata.os_thread_def_BEEPLEDTask
                0x0800c924       0x1c CMakeFiles/STM32H7_Ti.elf.dir/Core/Src/main.c.obj
                0x0800c924                os_thread_def_BEEPLEDTask
 .rodata.os_thread_def_ButtonTask
                0x0800c940       0x1c CMakeFiles/STM32H7_Ti.elf.dir/Core/Src/main.c.obj
                0x0800c940                os_thread_def_ButtonTask
 .rodata.os_thread_def_LEDBlink
                0x0800c95c       0x1c CMakeFiles/STM32H7_Ti.elf.dir/Core/Src/main.c.obj
                0x0800c95c                os_thread_def_LEDBlink
 .rodata.os_thread_def_ReceiveTask
                0x0800c978       0x1c CMakeFiles/STM32H7_Ti.elf.dir/Core/Src/main.c.obj
                0x0800c978                os_thread_def_ReceiveTask
 .rodata.os_thread_def_ServoControlTask
                0x0800c994       0x1c CMakeFiles/STM32H7_Ti.elf.dir/Core/Src/main.c.obj
                0x0800c994                os_thread_def_ServoControlTask
 .rodata.D1CorePrescTable
                0x0800c9b0       0x10 CMakeFiles/STM32H7_Ti.elf.dir/Core/Src/system_stm32h7xx.c.obj
                0x0800c9b0                D1CorePrescTable
 .rodata.flagBitshiftOffset.0
                0x0800c9c0        0x8 CMakeFiles/STM32H7_Ti.elf.dir/Drivers/STM32H7xx_HAL_Driver/Src/stm32h7xx_hal_dma.c.obj
 .rodata.UARTPrescTable
                0x0800c9c8       0x18 CMakeFiles/STM32H7_Ti.elf.dir/Drivers/STM32H7xx_HAL_Driver/Src/stm32h7xx_hal_uart.c.obj
                0x0800c9c8                UARTPrescTable
 .rodata.denominator.0
                0x0800c9e0        0x8 CMakeFiles/STM32H7_Ti.elf.dir/Drivers/STM32H7xx_HAL_Driver/Src/stm32h7xx_hal_uart_ex.c.obj
 .rodata.numerator.1
                0x0800c9e8        0x8 CMakeFiles/STM32H7_Ti.elf.dir/Drivers/STM32H7xx_HAL_Driver/Src/stm32h7xx_hal_uart_ex.c.obj
 .rodata.SD_Driver
                0x0800c9f0       0x14 CMakeFiles/STM32H7_Ti.elf.dir/FATFS/Target/sd_diskio.c.obj
                0x0800c9f0                SD_Driver
 .rodata.vTaskStartScheduler.str1.4
                0x0800ca04        0x5 CMakeFiles/STM32H7_Ti.elf.dir/Middlewares/Third_Party/FreeRTOS/Source/tasks.c.obj
 *fill*         0x0800ca09        0x3 
 .rodata.SG90_init.str1.4
                0x0800ca0c        0xf CMakeFiles/STM32H7_Ti.elf.dir/UserApp/ServoMotor/SG90.c.obj
 *fill*         0x0800ca1b        0x1 
 .rodata._global_impure_ptr
                0x0800ca1c        0x4 d:/armcomplier/gcc-arm-none-eabi-10-2020-q4-major/bin/../lib/gcc/arm-none-eabi/10.2.1/../../../../arm-none-eabi/lib/thumb/v7e-m+fp/hard\libg.a(lib_a-impure.o)
                0x0800ca1c                _global_impure_ptr
                0x0800ca20                . = ALIGN (0x4)

.ARM.extab
 *(.ARM.extab* .gnu.linkonce.armextab.*)

.ARM            0x0800ca20        0x8
                0x0800ca20                __exidx_start = .
 *(.ARM.exidx*)
 .ARM.exidx     0x0800ca20        0x8 d:/armcomplier/gcc-arm-none-eabi-10-2020-q4-major/bin/../lib/gcc/arm-none-eabi/10.2.1/thumb/v7e-m+fp/hard\libgcc.a(_udivmoddi4.o)
                0x0800ca28                __exidx_end = .

.rel.dyn        0x0800ca28        0x0
 .rel.iplt      0x0800ca28        0x0 d:/armcomplier/gcc-arm-none-eabi-10-2020-q4-major/bin/../lib/gcc/arm-none-eabi/10.2.1/thumb/v7e-m+fp/hard/crtbegin.o

.preinit_array  0x0800ca28        0x0
                0x0800ca28                PROVIDE (__preinit_array_start = .)
 *(.preinit_array*)
                0x0800ca28                PROVIDE (__preinit_array_end = .)

.init_array     0x0800ca28        0x8
                0x0800ca28                PROVIDE (__init_array_start = .)
 *(SORT_BY_NAME(.init_array.*))
 .init_array.00000
                0x0800ca28        0x4 d:/armcomplier/gcc-arm-none-eabi-10-2020-q4-major/bin/../lib/gcc/arm-none-eabi/10.2.1/../../../../arm-none-eabi/lib/thumb/v7e-m+fp/hard\libg.a(lib_a-__call_atexit.o)
 *(.init_array*)
 .init_array    0x0800ca2c        0x4 d:/armcomplier/gcc-arm-none-eabi-10-2020-q4-major/bin/../lib/gcc/arm-none-eabi/10.2.1/thumb/v7e-m+fp/hard/crtbegin.o
                0x0800ca30                PROVIDE (__init_array_end = .)

.fini_array     0x0800ca30        0x4
                0x0800ca30                PROVIDE (__fini_array_start = .)
 *(SORT_BY_NAME(.fini_array.*))
 *(.fini_array*)
 .fini_array    0x0800ca30        0x4 d:/armcomplier/gcc-arm-none-eabi-10-2020-q4-major/bin/../lib/gcc/arm-none-eabi/10.2.1/thumb/v7e-m+fp/hard/crtbegin.o
                0x0800ca34                PROVIDE (__fini_array_end = .)
                0x0800ca34                _sidata = LOADADDR (.data)

.data           0x24000000      0x85c load address 0x0800ca34
                0x24000000                . = ALIGN (0x4)
                0x24000000                _sdata = .
 *(.data)
 *(.data*)
 .data.SystemCoreClock
                0x24000000        0x4 CMakeFiles/STM32H7_Ti.elf.dir/Core/Src/system_stm32h7xx.c.obj
                0x24000000                SystemCoreClock
 .data.SystemD2Clock
                0x24000004        0x4 CMakeFiles/STM32H7_Ti.elf.dir/Core/Src/system_stm32h7xx.c.obj
                0x24000004                SystemD2Clock
 .data.uwTickFreq
                0x24000008        0x1 CMakeFiles/STM32H7_Ti.elf.dir/Drivers/STM32H7xx_HAL_Driver/Src/stm32h7xx_hal.c.obj
                0x24000008                uwTickFreq
 *fill*         0x24000009        0x3 
 .data.uwTickPrio
                0x2400000c        0x4 CMakeFiles/STM32H7_Ti.elf.dir/Drivers/STM32H7xx_HAL_Driver/Src/stm32h7xx_hal.c.obj
                0x2400000c                uwTickPrio
 .data.Stat     0x24000010        0x1 CMakeFiles/STM32H7_Ti.elf.dir/FATFS/Target/sd_diskio.c.obj
 *fill*         0x24000011        0x3 
 .data.uxCriticalNesting
                0x24000014        0x4 CMakeFiles/STM32H7_Ti.elf.dir/Middlewares/Third_Party/FreeRTOS/Source/portable/GCC/ARM_CM4F/port.c.obj
 .data._impure_ptr
                0x24000018        0x4 d:/armcomplier/gcc-arm-none-eabi-10-2020-q4-major/bin/../lib/gcc/arm-none-eabi/10.2.1/../../../../arm-none-eabi/lib/thumb/v7e-m+fp/hard\libg.a(lib_a-impure.o)
                0x24000018                _impure_ptr
 *fill*         0x2400001c        0x4 
 .data.impure_data
                0x24000020      0x428 d:/armcomplier/gcc-arm-none-eabi-10-2020-q4-major/bin/../lib/gcc/arm-none-eabi/10.2.1/../../../../arm-none-eabi/lib/thumb/v7e-m+fp/hard\libg.a(lib_a-impure.o)
 .data.__malloc_av_
                0x24000448      0x408 d:/armcomplier/gcc-arm-none-eabi-10-2020-q4-major/bin/../lib/gcc/arm-none-eabi/10.2.1/../../../../arm-none-eabi/lib/thumb/v7e-m+fp/hard\libg.a(lib_a-mallocr.o)
                0x24000448                __malloc_av_
 .data.__malloc_sbrk_base
                0x24000850        0x4 d:/armcomplier/gcc-arm-none-eabi-10-2020-q4-major/bin/../lib/gcc/arm-none-eabi/10.2.1/../../../../arm-none-eabi/lib/thumb/v7e-m+fp/hard\libg.a(lib_a-mallocr.o)
                0x24000850                __malloc_sbrk_base
 .data.__malloc_trim_threshold
                0x24000854        0x4 d:/armcomplier/gcc-arm-none-eabi-10-2020-q4-major/bin/../lib/gcc/arm-none-eabi/10.2.1/../../../../arm-none-eabi/lib/thumb/v7e-m+fp/hard\libg.a(lib_a-mallocr.o)
                0x24000854                __malloc_trim_threshold
 .data.__atexit_recursive_mutex
                0x24000858        0x4 d:/armcomplier/gcc-arm-none-eabi-10-2020-q4-major/bin/../lib/gcc/arm-none-eabi/10.2.1/../../../../arm-none-eabi/lib/thumb/v7e-m+fp/hard\libg.a(lib_a-__call_atexit.o)
                0x24000858                __atexit_recursive_mutex
 *(.RamFunc)
 *(.RamFunc*)
                0x2400085c                . = ALIGN (0x4)
                0x2400085c                _edata = .

.igot.plt       0x2400085c        0x0 load address 0x0800d290
 .igot.plt      0x2400085c        0x0 d:/armcomplier/gcc-arm-none-eabi-10-2020-q4-major/bin/../lib/gcc/arm-none-eabi/10.2.1/thumb/v7e-m+fp/hard/crtbegin.o
                0x2400085c                . = ALIGN (0x4)

.bss            0x24000860    0x1554c load address 0x0800d290
                0x24000860                _sbss = .
                0x24000860                __bss_start__ = _sbss
 *(.bss)
 .bss           0x24000860       0x1c d:/armcomplier/gcc-arm-none-eabi-10-2020-q4-major/bin/../lib/gcc/arm-none-eabi/10.2.1/thumb/v7e-m+fp/hard/crtbegin.o
 *(.bss*)
 .bss.ScanA4Flag
                0x2400087c        0x4 CMakeFiles/STM32H7_Ti.elf.dir/Core/Src/freertos.c.obj
                0x2400087c                ScanA4Flag
 .bss.ScanOutsideFlag
                0x24000880        0x4 CMakeFiles/STM32H7_Ti.elf.dir/Core/Src/freertos.c.obj
                0x24000880                ScanOutsideFlag
 .bss.gMode     0x24000884        0x4 CMakeFiles/STM32H7_Ti.elf.dir/Core/Src/freertos.c.obj
                0x24000884                gMode
 .bss.last_servo_pitch_output.1
                0x24000888        0x4 CMakeFiles/STM32H7_Ti.elf.dir/Core/Src/freertos.c.obj
 .bss.last_servo_yaw_output.0